Jun 17 10:41:12 mobounya kernel: Kernel logging (proc) stopped.
Jun 17 10:41:12 mobounya kernel: Kernel log daemon terminating.
Jun 17 10:41:32 mobounya kernel: klogd 1.5.1, log source = /proc/kmsg started.
Jun 17 10:41:32 mobounya kernel: Cannot find map file.
Jun 17 10:41:32 mobounya kernel: Loaded 128455 symbols from 1 module.
Jun 17 10:41:32 mobounya kernel: [    0.000000] Linux version 5.18.0 (root@mobounya) (gcc (GCC) 11.2.0, GNU ld (GNU Binutils) 2.38) #1 SMP PREEMPT_DYNAMIC Tue Jun 7 13:08:57 +01 2022
Jun 17 10:41:32 mobounya kernel: [    0.000000] Command line: BOOT_IMAGE=/linux-5.18 root=/dev/sda6 ro
Jun 17 10:41:32 mobounya kernel: [    0.000000] x86/fpu: Supporting XSAVE feature 0x001: 'x87 floating point registers'
Jun 17 10:41:32 mobounya kernel: [    0.000000] x86/fpu: Supporting XSAVE feature 0x002: 'SSE registers'
Jun 17 10:41:32 mobounya kernel: [    0.000000] x86/fpu: Supporting XSAVE feature 0x004: 'AVX registers'
Jun 17 10:41:32 mobounya kernel: [    0.000000] x86/fpu: xstate_offset[2]:  576, xstate_sizes[2]:  256
Jun 17 10:41:32 mobounya kernel: [    0.000000] x86/fpu: Enabled xstate features 0x7, context size is 832 bytes, using 'standard' format.
Jun 17 10:41:32 mobounya kernel: [    0.000000] signal: max sigframe size: 1776
Jun 17 10:41:32 mobounya kernel: [    0.000000] BIOS-provided physical RAM map:
Jun 17 10:41:32 mobounya kernel: [    0.000000] BIOS-e820: [mem 0x0000000000000000-0x000000000009fbff] usable
Jun 17 10:41:32 mobounya kernel: [    0.000000] BIOS-e820: [mem 0x000000000009fc00-0x000000000009ffff] reserved
Jun 17 10:41:32 mobounya kernel: [    0.000000] BIOS-e820: [mem 0x00000000000f0000-0x00000000000fffff] reserved
Jun 17 10:41:32 mobounya kernel: [    0.000000] BIOS-e820: [mem 0x0000000000100000-0x00000000dffeffff] usable
Jun 17 10:41:32 mobounya kernel: [    0.000000] BIOS-e820: [mem 0x00000000dfff0000-0x00000000dfffffff] ACPI data
Jun 17 10:41:32 mobounya kernel: [    0.000000] BIOS-e820: [mem 0x00000000fec00000-0x00000000fec00fff] reserved
Jun 17 10:41:32 mobounya kernel: [    0.000000] BIOS-e820: [mem 0x00000000fee00000-0x00000000fee00fff] reserved
Jun 17 10:41:32 mobounya kernel: [    0.000000] BIOS-e820: [mem 0x00000000fffc0000-0x00000000ffffffff] reserved
Jun 17 10:41:32 mobounya kernel: [    0.000000] BIOS-e820: [mem 0x0000000100000000-0x000000011b7fffff] usable
Jun 17 10:41:32 mobounya kernel: [    0.000000] NX (Execute Disable) protection: active
Jun 17 10:41:32 mobounya kernel: [    0.000000] SMBIOS 2.5 present.
Jun 17 10:41:32 mobounya kernel: [    0.000000] DMI: innotek GmbH VirtualBox/VirtualBox, BIOS VirtualBox 12/01/2006
Jun 17 10:41:32 mobounya kernel: [    0.000000] Hypervisor detected: KVM
Jun 17 10:41:32 mobounya kernel: [    0.000000] kvm-clock: Using msrs 4b564d01 and 4b564d00
Jun 17 10:41:32 mobounya kernel: [    0.000001] kvm-clock: using sched offset of 777156932002 cycles
Jun 17 10:41:32 mobounya kernel: [    0.000002] clocksource: kvm-clock: mask: 0xffffffffffffffff max_cycles: 0x1cd42e4dffb, max_idle_ns: 881590591483 ns
Jun 17 10:41:32 mobounya kernel: [    0.000005] tsc: Detected 3312.000 MHz processor
Jun 17 10:41:32 mobounya kernel: [    0.000733] e820: update [mem 0x00000000-0x00000fff] usable ==> reserved
Jun 17 10:41:32 mobounya kernel: [    0.000735] e820: remove [mem 0x000a0000-0x000fffff] usable
Jun 17 10:41:32 mobounya kernel: [    0.000737] last_pfn = 0x11b800 max_arch_pfn = 0x400000000
Jun 17 10:41:32 mobounya kernel: [    0.000743] Disabled
Jun 17 10:41:32 mobounya kernel: [    0.000744] x86/PAT: MTRRs disabled, skipping PAT initialization too.
Jun 17 10:41:32 mobounya kernel: [    0.000746] CPU MTRRs all blank - virtualized system.
Jun 17 10:41:32 mobounya kernel: [    0.000748] x86/PAT: Configuration [0-7]: WB  WT  UC- UC  WB  WT  UC- UC  
Jun 17 10:41:32 mobounya kernel: [    0.000749] last_pfn = 0xdfff0 max_arch_pfn = 0x400000000
Jun 17 10:41:32 mobounya kernel: [    0.000787] found SMP MP-table at [mem 0x0009fff0-0x0009ffff]
Jun 17 10:41:32 mobounya kernel: [    0.000960] ACPI: Early table checksum verification disabled
Jun 17 10:41:32 mobounya kernel: [    0.000964] ACPI: RSDP 0x00000000000E0000 000024 (v02 VBOX  )
Jun 17 10:41:32 mobounya kernel: [    0.000968] ACPI: XSDT 0x00000000DFFF0030 00003C (v01 VBOX   VBOXXSDT 00000001 ASL  00000061)
Jun 17 10:41:32 mobounya kernel: [    0.000972] ACPI: FACP 0x00000000DFFF00F0 0000F4 (v04 VBOX   VBOXFACP 00000001 ASL  00000061)
Jun 17 10:41:32 mobounya kernel: [    0.000976] ACPI: DSDT 0x00000000DFFF0470 002325 (v02 VBOX   VBOXBIOS 00000002 INTL 20100528)
Jun 17 10:41:32 mobounya kernel: [    0.000979] ACPI: FACS 0x00000000DFFF0200 000040
Jun 17 10:41:32 mobounya kernel: [    0.000981] ACPI: FACS 0x00000000DFFF0200 000040
Jun 17 10:41:32 mobounya kernel: [    0.000983] ACPI: APIC 0x00000000DFFF0240 000054 (v02 VBOX   VBOXAPIC 00000001 ASL  00000061)
Jun 17 10:41:32 mobounya kernel: [    0.000986] ACPI: SSDT 0x00000000DFFF02A0 0001CC (v01 VBOX   VBOXCPUT 00000002 INTL 20100528)
Jun 17 10:41:32 mobounya kernel: [    0.000988] ACPI: Reserving FACP table memory at [mem 0xdfff00f0-0xdfff01e3]
Jun 17 10:41:32 mobounya kernel: [    0.000989] ACPI: Reserving DSDT table memory at [mem 0xdfff0470-0xdfff2794]
Jun 17 10:41:32 mobounya kernel: [    0.000990] ACPI: Reserving FACS table memory at [mem 0xdfff0200-0xdfff023f]
Jun 17 10:41:32 mobounya kernel: [    0.000990] ACPI: Reserving FACS table memory at [mem 0xdfff0200-0xdfff023f]
Jun 17 10:41:32 mobounya kernel: [    0.000991] ACPI: Reserving APIC table memory at [mem 0xdfff0240-0xdfff0293]
Jun 17 10:41:32 mobounya kernel: [    0.000992] ACPI: Reserving SSDT table memory at [mem 0xdfff02a0-0xdfff046b]
Jun 17 10:41:32 mobounya kernel: [    0.001128] No NUMA configuration found
Jun 17 10:41:32 mobounya kernel: [    0.001129] Faking a node at [mem 0x0000000000000000-0x000000011b7fffff]
Jun 17 10:41:32 mobounya kernel: [    0.001131] NODE_DATA(0) allocated [mem 0x11b7fa000-0x11b7fdfff]
Jun 17 10:41:32 mobounya kernel: [    0.001140] Zone ranges:
Jun 17 10:41:32 mobounya kernel: [    0.001140]   DMA      [mem 0x0000000000001000-0x0000000000ffffff]
Jun 17 10:41:32 mobounya kernel: [    0.001142]   DMA32    [mem 0x0000000001000000-0x00000000ffffffff]
Jun 17 10:41:32 mobounya kernel: [    0.001143]   Normal   [mem 0x0000000100000000-0x000000011b7fffff]
Jun 17 10:41:32 mobounya kernel: [    0.001144] Movable zone start for each node
Jun 17 10:41:32 mobounya kernel: [    0.001145] Early memory node ranges
Jun 17 10:41:32 mobounya kernel: [    0.001145]   node   0: [mem 0x0000000000001000-0x000000000009efff]
Jun 17 10:41:32 mobounya kernel: [    0.001146]   node   0: [mem 0x0000000000100000-0x00000000dffeffff]
Jun 17 10:41:32 mobounya kernel: [    0.001147]   node   0: [mem 0x0000000100000000-0x000000011b7fffff]
Jun 17 10:41:32 mobounya kernel: [    0.001148] Initmem setup node 0 [mem 0x0000000000001000-0x000000011b7fffff]
Jun 17 10:41:32 mobounya kernel: [    0.001153] On node 0, zone DMA: 1 pages in unavailable ranges
Jun 17 10:41:32 mobounya kernel: [    0.001186] On node 0, zone DMA: 97 pages in unavailable ranges
Jun 17 10:41:32 mobounya kernel: [    0.010571] On node 0, zone Normal: 16 pages in unavailable ranges
Jun 17 10:41:32 mobounya kernel: [    0.010709] On node 0, zone Normal: 18432 pages in unavailable ranges
Jun 17 10:41:32 mobounya kernel: [    0.011034] ACPI: PM-Timer IO Port: 0x4008
Jun 17 10:41:32 mobounya kernel: [    0.011073] IOAPIC[0]: apic_id 1, version 32, address 0xfec00000, GSI 0-23
Jun 17 10:41:32 mobounya kernel: [    0.011075] ACPI: INT_SRC_OVR (bus 0 bus_irq 0 global_irq 2 dfl dfl)
Jun 17 10:41:32 mobounya kernel: [    0.011077] ACPI: INT_SRC_OVR (bus 0 bus_irq 9 global_irq 9 low level)
Jun 17 10:41:32 mobounya kernel: [    0.011080] ACPI: Using ACPI (MADT) for SMP configuration information
Jun 17 10:41:32 mobounya kernel: [    0.011084] smpboot: Allowing 1 CPUs, 0 hotplug CPUs
Jun 17 10:41:32 mobounya kernel: [    0.011100] PM: hibernation: Registered nosave memory: [mem 0x00000000-0x00000fff]
Jun 17 10:41:32 mobounya kernel: [    0.011101] PM: hibernation: Registered nosave memory: [mem 0x0009f000-0x0009ffff]
Jun 17 10:41:32 mobounya kernel: [    0.011102] PM: hibernation: Registered nosave memory: [mem 0x000a0000-0x000effff]
Jun 17 10:41:32 mobounya kernel: [    0.011103] PM: hibernation: Registered nosave memory: [mem 0x000f0000-0x000fffff]
Jun 17 10:41:32 mobounya kernel: [    0.011104] PM: hibernation: Registered nosave memory: [mem 0xdfff0000-0xdfffffff]
Jun 17 10:41:32 mobounya kernel: [    0.011105] PM: hibernation: Registered nosave memory: [mem 0xe0000000-0xfebfffff]
Jun 17 10:41:32 mobounya kernel: [    0.011105] PM: hibernation: Registered nosave memory: [mem 0xfec00000-0xfec00fff]
Jun 17 10:41:32 mobounya kernel: [    0.011106] PM: hibernation: Registered nosave memory: [mem 0xfec01000-0xfedfffff]
Jun 17 10:41:32 mobounya kernel: [    0.011106] PM: hibernation: Registered nosave memory: [mem 0xfee00000-0xfee00fff]
Jun 17 10:41:32 mobounya kernel: [    0.011107] PM: hibernation: Registered nosave memory: [mem 0xfee01000-0xfffbffff]
Jun 17 10:41:32 mobounya kernel: [    0.011107] PM: hibernation: Registered nosave memory: [mem 0xfffc0000-0xffffffff]
Jun 17 10:41:32 mobounya kernel: [    0.011108] [mem 0xe0000000-0xfebfffff] available for PCI devices
Jun 17 10:41:32 mobounya kernel: [    0.011109] Booting paravirtualized kernel on KVM
Jun 17 10:41:32 mobounya kernel: [    0.011111] clocksource: refined-jiffies: mask: 0xffffffff max_cycles: 0xffffffff, max_idle_ns: 1910969940391419 ns
Jun 17 10:41:32 mobounya kernel: [    0.014895] setup_percpu: NR_CPUS:64 nr_cpumask_bits:64 nr_cpu_ids:1 nr_node_ids:1
Jun 17 10:41:32 mobounya kernel: [    0.015136] percpu: Embedded 52 pages/cpu s176040 r8192 d28760 u2097152
Jun 17 10:41:32 mobounya kernel: [    0.015140] pcpu-alloc: s176040 r8192 d28760 u2097152 alloc=1*2097152
Jun 17 10:41:32 mobounya kernel: [    0.015142] pcpu-alloc: [0] 0 
Jun 17 10:41:32 mobounya kernel: [    0.015154] Fallback order for Node 0: 0 
Jun 17 10:41:32 mobounya kernel: [    0.015156] Built 1 zonelists, mobility grouping on.  Total pages: 1013776
Jun 17 10:41:32 mobounya kernel: [    0.015157] Policy zone: Normal
Jun 17 10:41:32 mobounya kernel: [    0.015158] Kernel command line: BOOT_IMAGE=/linux-5.18 root=/dev/sda6 ro
Jun 17 10:41:32 mobounya kernel: [    0.015177] Unknown kernel command line parameters "BOOT_IMAGE=/linux-5.18", will be passed to user space.
Jun 17 10:41:32 mobounya kernel: [    0.015650] Dentry cache hash table entries: 524288 (order: 10, 4194304 bytes, linear)
Jun 17 10:41:32 mobounya kernel: [    0.015936] Inode-cache hash table entries: 262144 (order: 9, 2097152 bytes, linear)
Jun 17 10:41:32 mobounya kernel: [    0.015958] mem auto-init: stack:off, heap alloc:off, heap free:off
Jun 17 10:41:32 mobounya kernel: [    0.037003] Memory: 3946080K/4120120K available (16396K kernel code, 2671K rwdata, 5084K rodata, 1276K init, 1216K bss, 173780K reserved, 0K cma-reserved)
Jun 17 10:41:32 mobounya kernel: [    0.037034] SLUB: HWalign=64, Order=0-3, MinObjects=0, CPUs=1, Nodes=1
Jun 17 10:41:32 mobounya kernel: [    0.037043] Kernel/User page tables isolation: enabled
Jun 17 10:41:32 mobounya kernel: [    0.037969] Dynamic Preempt: voluntary
Jun 17 10:41:32 mobounya kernel: [    0.038245] rcu: Preemptible hierarchical RCU implementation.
Jun 17 10:41:32 mobounya kernel: [    0.038246] rcu: ^IRCU event tracing is enabled.
Jun 17 10:41:32 mobounya kernel: [    0.038246] rcu: ^IRCU restricting CPUs from NR_CPUS=64 to nr_cpu_ids=1.
Jun 17 10:41:32 mobounya kernel: [    0.038247] ^ITrampoline variant of Tasks RCU enabled.
Jun 17 10:41:32 mobounya kernel: [    0.038248] rcu: RCU calculated value of scheduler-enlistment delay is 100 jiffies.
Jun 17 10:41:32 mobounya kernel: [    0.038249] rcu: Adjusting geometry for rcu_fanout_leaf=16, nr_cpu_ids=1
Jun 17 10:41:32 mobounya kernel: [    0.039049] NR_IRQS: 4352, nr_irqs: 256, preallocated irqs: 16
Jun 17 10:41:32 mobounya kernel: [    0.039247] random: get_random_bytes called from start_kernel+0x493/0x665 with crng_init=0
Jun 17 10:41:32 mobounya kernel: [    0.042747] Console: colour VGA+ 80x25
Jun 17 10:41:32 mobounya kernel: [    0.061823] printk: console [tty0] enabled
Jun 17 10:41:32 mobounya kernel: [    0.061967] ACPI: Core revision 20211217
Jun 17 10:41:32 mobounya kernel: [    0.062168] APIC: Switch to symmetric I/O mode setup
Jun 17 10:41:32 mobounya kernel: [    0.063142] ..TIMER: vector=0x30 apic1=0 pin1=2 apic2=-1 pin2=-1
Jun 17 10:41:32 mobounya kernel: [    0.063319] clocksource: tsc-early: mask: 0xffffffffffffffff max_cycles: 0x2fbd93f9e57, max_idle_ns: 440795263784 ns
Jun 17 10:41:32 mobounya kernel: [    0.063617] Calibrating delay loop (skipped) preset value.. 6624.00 BogoMIPS (lpj=3312000)
Jun 17 10:41:32 mobounya kernel: [    0.063844] pid_max: default: 32768 minimum: 301
Jun 17 10:41:32 mobounya kernel: [    0.064642] LSM: Security Framework initializing
Jun 17 10:41:32 mobounya kernel: [    0.064797] SELinux:  Initializing.
Jun 17 10:41:32 mobounya kernel: [    0.064939] Mount-cache hash table entries: 8192 (order: 4, 65536 bytes, linear)
Jun 17 10:41:32 mobounya kernel: [    0.065626] Mountpoint-cache hash table entries: 8192 (order: 4, 65536 bytes, linear)
Jun 17 10:41:32 mobounya kernel: [    0.066084] unchecked MSR access error: WRMSR to 0x3a (tried to write 0x0000000000000001) at rIP: 0xffffffffb4e387d3 (init_ia32_feat_ctl+0x83/0x310)
Jun 17 10:41:32 mobounya kernel: [    0.066402] Call Trace:
Jun 17 10:41:32 mobounya kernel: [    0.066503]  <TASK>
Jun 17 10:41:32 mobounya kernel: [    0.066598]  init_intel+0xbb/0x4d0
Jun 17 10:41:32 mobounya kernel: [    0.066614]  identify_cpu+0x263/0x6d0
Jun 17 10:41:32 mobounya kernel: [    0.066614]  identify_boot_cpu+0xc/0x94
Jun 17 10:41:32 mobounya kernel: [    0.066614]  check_bugs+0x21/0xa82
Jun 17 10:41:32 mobounya kernel: [    0.066614]  ? __get_locked_pte+0x8a/0x100
Jun 17 10:41:32 mobounya kernel: [    0.066614]  start_kernel+0x631/0x665
Jun 17 10:41:32 mobounya kernel: [    0.066614]  secondary_startup_64_no_verify+0xd5/0xdb
Jun 17 10:41:32 mobounya kernel: [    0.066614]  </TASK>
Jun 17 10:41:32 mobounya kernel: [    0.066614] process: using mwait in idle threads
Jun 17 10:41:32 mobounya kernel: [    0.066614] Last level iTLB entries: 4KB 64, 2MB 8, 4MB 8
Jun 17 10:41:32 mobounya kernel: [    0.066614] Last level dTLB entries: 4KB 64, 2MB 0, 4MB 0, 1GB 4
Jun 17 10:41:32 mobounya kernel: [    0.066614] Spectre V1 : Mitigation: usercopy/swapgs barriers and __user pointer sanitization
Jun 17 10:41:32 mobounya kernel: [    0.066614] Spectre V2 : Mitigation: Retpolines
Jun 17 10:41:32 mobounya kernel: [    0.066614] Spectre V2 : Spectre v2 / SpectreRSB mitigation: Filling RSB on context switch
Jun 17 10:41:32 mobounya kernel: [    0.066614] Speculative Store Bypass: Vulnerable
Jun 17 10:41:32 mobounya kernel: [    0.066620] MDS: Mitigation: Clear CPU buffers
Jun 17 10:41:32 mobounya kernel: [    0.073308] Freeing SMP alternatives memory: 44K
Jun 17 10:41:32 mobounya kernel: [    0.176840] smpboot: CPU0: Intel(R) Core(TM) i5-10600 CPU @ 3.30GHz (family: 0x6, model: 0xa5, stepping: 0x3)
Jun 17 10:41:32 mobounya kernel: [    0.177198] cblist_init_generic: Setting adjustable number of callback queues.
Jun 17 10:41:32 mobounya kernel: [    0.177440] cblist_init_generic: Setting shift to 0 and lim to 1.
Jun 17 10:41:32 mobounya kernel: [    0.177614] Performance Events: unsupported p6 CPU model 165 no PMU driver, software events only.
Jun 17 10:41:32 mobounya kernel: [    0.177614] rcu: Hierarchical SRCU implementation.
Jun 17 10:41:32 mobounya kernel: [    0.177614] smp: Bringing up secondary CPUs ...
Jun 17 10:41:32 mobounya kernel: [    0.177614] smp: Brought up 1 node, 1 CPU
Jun 17 10:41:32 mobounya kernel: [    0.177614] smpboot: Max logical packages: 1
Jun 17 10:41:32 mobounya kernel: [    0.177614] smpboot: Total of 1 processors activated (6624.00 BogoMIPS)
Jun 17 10:41:32 mobounya kernel: [    0.177633] devtmpfs: initialized
Jun 17 10:41:32 mobounya kernel: [    0.177878] clocksource: jiffies: mask: 0xffffffff max_cycles: 0xffffffff, max_idle_ns: 1911260446275000 ns
Jun 17 10:41:32 mobounya kernel: [    0.178552] futex hash table entries: 256 (order: 2, 16384 bytes, linear)
Jun 17 10:41:32 mobounya kernel: [    0.178662] PM: RTC time: 09:41:26, date: 2022-06-17
Jun 17 10:41:32 mobounya kernel: [    0.179624] NET: Registered PF_NETLINK/PF_ROUTE protocol family
Jun 17 10:41:32 mobounya kernel: [    0.179832] audit: initializing netlink subsys (disabled)
Jun 17 10:41:32 mobounya kernel: [    0.180041] thermal_sys: Registered thermal governor 'step_wise'
Jun 17 10:41:32 mobounya kernel: [    0.180042] thermal_sys: Registered thermal governor 'user_space'
Jun 17 10:41:32 mobounya kernel: [    0.180217] audit: type=2000 audit(1655459664.828:1): state=initialized audit_enabled=0 res=1
Jun 17 10:41:32 mobounya kernel: [    0.180613] cpuidle: using governor menu
Jun 17 10:41:32 mobounya kernel: [    0.180637] PCI: Using configuration type 1 for base access
Jun 17 10:41:32 mobounya kernel: [    0.182153] kprobes: kprobe jump-optimization is enabled. All kprobes are optimized if possible.
Jun 17 10:41:32 mobounya kernel: [    0.182429] HugeTLB registered 2.00 MiB page size, pre-allocated 0 pages
Jun 17 10:41:32 mobounya kernel: [    0.182614] ACPI: Added _OSI(Module Device)
Jun 17 10:41:32 mobounya kernel: [    0.182616] ACPI: Added _OSI(Processor Device)
Jun 17 10:41:32 mobounya kernel: [    0.182750] ACPI: Added _OSI(3.0 _SCP Extensions)
Jun 17 10:41:32 mobounya kernel: [    0.182887] ACPI: Added _OSI(Processor Aggregator Device)
Jun 17 10:41:32 mobounya kernel: [    0.183036] ACPI: Added _OSI(Linux-Dell-Video)
Jun 17 10:41:32 mobounya kernel: [    0.183169] ACPI: Added _OSI(Linux-Lenovo-NV-HDMI-Audio)
Jun 17 10:41:32 mobounya kernel: [    0.183317] ACPI: Added _OSI(Linux-HPI-Hybrid-Graphics)
Jun 17 10:41:32 mobounya kernel: [    0.184844] ACPI: 2 ACPI AML tables successfully acquired and loaded
Jun 17 10:41:32 mobounya kernel: [    0.186253] ACPI: Interpreter enabled
Jun 17 10:41:32 mobounya kernel: [    0.186382] ACPI: PM: (supports S0 S5)
Jun 17 10:41:32 mobounya kernel: [    0.186505] ACPI: Using IOAPIC for interrupt routing
Jun 17 10:41:32 mobounya kernel: [    0.186614] PCI: Using host bridge windows from ACPI; if necessary, use "pci=nocrs" and report a bug
Jun 17 10:41:32 mobounya kernel: [    0.186614] ACPI: Enabled 2 GPEs in block 00 to 07
Jun 17 10:41:32 mobounya kernel: [    0.189987] ACPI: PCI Root Bridge [PCI0] (domain 0000 [bus 00-ff])
Jun 17 10:41:32 mobounya kernel: [    0.190159] acpi PNP0A03:00: _OSC: OS supports [ASPM ClockPM Segments MSI HPX-Type3]
Jun 17 10:41:32 mobounya kernel: [    0.190377] acpi PNP0A03:00: _OSC: not requesting OS control; OS requires [ExtendedConfig ASPM ClockPM MSI]
Jun 17 10:41:32 mobounya kernel: [    0.190614] acpi PNP0A03:00: fail to add MMCONFIG information, can't access extended PCI configuration space under this bridge.
Jun 17 10:41:32 mobounya kernel: [    0.190663] PCI host bridge to bus 0000:00
Jun 17 10:41:32 mobounya kernel: [    0.190794] pci_bus 0000:00: root bus resource [io  0x0000-0x0cf7 window]
Jun 17 10:41:32 mobounya kernel: [    0.190967] pci_bus 0000:00: root bus resource [io  0x0d00-0xffff window]
Jun 17 10:41:32 mobounya kernel: [    0.191140] pci_bus 0000:00: root bus resource [mem 0x000a0000-0x000bffff window]
Jun 17 10:41:32 mobounya kernel: [    0.191352] pci_bus 0000:00: root bus resource [mem 0xe0000000-0xfdffffff window]
Jun 17 10:41:32 mobounya kernel: [    0.191564] pci_bus 0000:00: root bus resource [bus 00-ff]
Jun 17 10:41:32 mobounya kernel: [    0.191747] pci 0000:00:00.0: [8086:1237] type 00 class 0x060000
Jun 17 10:41:32 mobounya kernel: [    0.193010] pci 0000:00:01.0: [8086:7000] type 00 class 0x060100
Jun 17 10:41:32 mobounya kernel: [    0.194157] pci 0000:00:01.1: [8086:7111] type 00 class 0x01018a
Jun 17 10:41:32 mobounya kernel: [    0.194741] pci 0000:00:01.1: reg 0x20: [io  0xd000-0xd00f]
Jun 17 10:41:32 mobounya kernel: [    0.195009] pci 0000:00:01.1: legacy IDE quirk: reg 0x10: [io  0x01f0-0x01f7]
Jun 17 10:41:32 mobounya kernel: [    0.195188] pci 0000:00:01.1: legacy IDE quirk: reg 0x14: [io  0x03f6]
Jun 17 10:41:32 mobounya kernel: [    0.195356] pci 0000:00:01.1: legacy IDE quirk: reg 0x18: [io  0x0170-0x0177]
Jun 17 10:41:32 mobounya kernel: [    0.195534] pci 0000:00:01.1: legacy IDE quirk: reg 0x1c: [io  0x0376]
Jun 17 10:41:32 mobounya kernel: [    0.195723] pci 0000:00:02.0: [15ad:0405] type 00 class 0x030000
Jun 17 10:41:32 mobounya kernel: [    0.197628] pci 0000:00:02.0: reg 0x10: [io  0xd010-0xd01f]
Jun 17 10:41:32 mobounya kernel: [    0.199628] pci 0000:00:02.0: reg 0x14: [mem 0xf0000000-0xf0ffffff pref]
Jun 17 10:41:32 mobounya kernel: [    0.201627] pci 0000:00:02.0: reg 0x18: [mem 0xf1000000-0xf11fffff]
Jun 17 10:41:32 mobounya kernel: [    0.209698] pci 0000:00:02.0: Video device with shadowed ROM at [mem 0x000c0000-0x000dffff]
Jun 17 10:41:32 mobounya kernel: [    0.210818] pci 0000:00:03.0: [8086:100e] type 00 class 0x020000
Jun 17 10:41:32 mobounya kernel: [    0.211679] pci 0000:00:03.0: reg 0x10: [mem 0xf1200000-0xf121ffff]
Jun 17 10:41:32 mobounya kernel: [    0.215628] pci 0000:00:03.0: reg 0x18: [io  0xd020-0xd027]
Jun 17 10:41:32 mobounya kernel: [    0.224888] pci 0000:00:04.0: [80ee:cafe] type 00 class 0x088000
Jun 17 10:41:32 mobounya kernel: [    0.225678] pci 0000:00:04.0: reg 0x10: [io  0xd040-0xd05f]
Jun 17 10:41:32 mobounya kernel: [    0.226677] pci 0000:00:04.0: reg 0x14: [mem 0xf1400000-0xf17fffff]
Jun 17 10:41:32 mobounya kernel: [    0.228676] pci 0000:00:04.0: reg 0x18: [mem 0xf1800000-0xf1803fff pref]
Jun 17 10:41:32 mobounya kernel: [    0.235618] pci 0000:00:05.0: [8086:2415] type 00 class 0x040100
Jun 17 10:41:32 mobounya kernel: [    0.235884] pci 0000:00:05.0: reg 0x10: [io  0xd100-0xd1ff]
Jun 17 10:41:32 mobounya kernel: [    0.236088] pci 0000:00:05.0: reg 0x14: [io  0xd200-0xd23f]
Jun 17 10:41:32 mobounya kernel: [    0.236607] pci 0000:00:06.0: [106b:003f] type 00 class 0x0c0310
Jun 17 10:41:32 mobounya kernel: [    0.237678] pci 0000:00:06.0: reg 0x10: [mem 0xf1804000-0xf1804fff]
Jun 17 10:41:32 mobounya kernel: [    0.252760] pci 0000:00:07.0: [8086:7113] type 00 class 0x068000
Jun 17 10:41:32 mobounya kernel: [    0.253759] pci 0000:00:07.0: quirk: [io  0x4000-0x403f] claimed by PIIX4 ACPI
Jun 17 10:41:32 mobounya kernel: [    0.253979] pci 0000:00:07.0: quirk: [io  0x4100-0x410f] claimed by PIIX4 SMB
Jun 17 10:41:32 mobounya kernel: [    0.254362] pci 0000:00:0d.0: [8086:2829] type 00 class 0x010601
Jun 17 10:41:32 mobounya kernel: [    0.255639] pci 0000:00:0d.0: reg 0x10: [io  0xd240-0xd247]
Jun 17 10:41:32 mobounya kernel: [    0.257625] pci 0000:00:0d.0: reg 0x14: [io  0xd248-0xd24b]
Jun 17 10:41:32 mobounya kernel: [    0.259636] pci 0000:00:0d.0: reg 0x18: [io  0xd250-0xd257]
Jun 17 10:41:32 mobounya kernel: [    0.261637] pci 0000:00:0d.0: reg 0x1c: [io  0xd258-0xd25b]
Jun 17 10:41:32 mobounya kernel: [    0.263646] pci 0000:00:0d.0: reg 0x20: [io  0xd260-0xd26f]
Jun 17 10:41:32 mobounya kernel: [    0.266643] pci 0000:00:0d.0: reg 0x24: [mem 0xf1806000-0xf1807fff]
Jun 17 10:41:32 mobounya kernel: [    0.273097] ACPI: PCI: Interrupt link LNKA configured for IRQ 11
Jun 17 10:41:32 mobounya kernel: [    0.273397] ACPI: PCI: Interrupt link LNKB configured for IRQ 10
Jun 17 10:41:32 mobounya kernel: [    0.273614] ACPI: PCI: Interrupt link LNKC configured for IRQ 9
Jun 17 10:41:32 mobounya kernel: [    0.273672] ACPI: PCI: Interrupt link LNKD configured for IRQ 11
Jun 17 10:41:32 mobounya kernel: [    0.273938] iommu: Default domain type: Translated 
Jun 17 10:41:32 mobounya kernel: [    0.274082] iommu: DMA domain TLB invalidation policy: lazy mode 
Jun 17 10:41:32 mobounya kernel: [    0.274300] SCSI subsystem initialized
Jun 17 10:41:32 mobounya kernel: [    0.274465] libata version 3.00 loaded.
Jun 17 10:41:32 mobounya kernel: [    0.274485] ACPI: bus type USB registered
Jun 17 10:41:32 mobounya kernel: [    0.274614] usbcore: registered new interface driver usbfs
Jun 17 10:41:32 mobounya kernel: [    0.274614] usbcore: registered new interface driver hub
Jun 17 10:41:32 mobounya kernel: [    0.274614] usbcore: registered new device driver usb
Jun 17 10:41:32 mobounya kernel: [    0.274614] pps_core: LinuxPPS API ver. 1 registered
Jun 17 10:41:32 mobounya kernel: [    0.274614] pps_core: Software ver. 5.3.6 - Copyright 2005-2007 Rodolfo Giometti <giometti@linux.it>
Jun 17 10:41:32 mobounya kernel: [    0.274614] PTP clock support registered
Jun 17 10:41:32 mobounya kernel: [    0.274674] Advanced Linux Sound Architecture Driver Initialized.
Jun 17 10:41:32 mobounya kernel: [    0.274929] NetLabel: Initializing
Jun 17 10:41:32 mobounya kernel: [    0.275047] NetLabel:  domain hash size = 128
Jun 17 10:41:32 mobounya kernel: [    0.275179] NetLabel:  protocols = UNLABELED CIPSOv4 CALIPSO
Jun 17 10:41:32 mobounya kernel: [    0.275345] NetLabel:  unlabeled traffic allowed by default
Jun 17 10:41:32 mobounya kernel: [    0.275529] PCI: Using ACPI for IRQ routing
Jun 17 10:41:32 mobounya kernel: [    0.275614] PCI: pci_cache_line_size set to 64 bytes
Jun 17 10:41:32 mobounya kernel: [    0.275748] e820: reserve RAM buffer [mem 0x0009fc00-0x0009ffff]
Jun 17 10:41:32 mobounya kernel: [    0.275751] e820: reserve RAM buffer [mem 0xdfff0000-0xdfffffff]
Jun 17 10:41:32 mobounya kernel: [    0.275752] e820: reserve RAM buffer [mem 0x11b800000-0x11bffffff]
Jun 17 10:41:32 mobounya kernel: [    0.275781] pci 0000:00:02.0: vgaarb: setting as boot VGA device
Jun 17 10:41:32 mobounya kernel: [    0.275998] pci 0000:00:02.0: vgaarb: bridge control possible
Jun 17 10:41:32 mobounya kernel: [    0.276155] pci 0000:00:02.0: vgaarb: VGA device added: decodes=io+mem,owns=io+mem,locks=none
Jun 17 10:41:32 mobounya kernel: [    0.276615] vgaarb: loaded
Jun 17 10:41:32 mobounya kernel: [    0.276760] clocksource: Switched to clocksource kvm-clock
Jun 17 10:41:32 mobounya kernel: [    0.282415] VFS: Disk quotas dquot_6.6.0
Jun 17 10:41:32 mobounya kernel: [    0.282558] VFS: Dquot-cache hash table entries: 512 (order 0, 4096 bytes)
Jun 17 10:41:32 mobounya kernel: [    0.282630] pnp: PnP ACPI init
Jun 17 10:41:32 mobounya kernel: [    0.283519] pnp: PnP ACPI: found 2 devices
Jun 17 10:41:32 mobounya kernel: [    0.289533] clocksource: acpi_pm: mask: 0xffffff max_cycles: 0xffffff, max_idle_ns: 2085701024 ns
Jun 17 10:41:32 mobounya kernel: [    0.370379] NET: Registered PF_INET protocol family
Jun 17 10:41:32 mobounya kernel: [    0.370379] IP idents hash table entries: 65536 (order: 7, 524288 bytes, linear)
Jun 17 10:41:32 mobounya kernel: [    0.370379] tcp_listen_portaddr_hash hash table entries: 2048 (order: 3, 32768 bytes, linear)
Jun 17 10:41:32 mobounya kernel: [    0.370379] TCP established hash table entries: 32768 (order: 6, 262144 bytes, linear)
Jun 17 10:41:32 mobounya kernel: [    0.370379] TCP bind hash table entries: 32768 (order: 7, 524288 bytes, linear)
Jun 17 10:41:32 mobounya kernel: [    0.370379] TCP: Hash tables configured (established 32768 bind 32768)
Jun 17 10:41:32 mobounya kernel: [    0.370379] UDP hash table entries: 2048 (order: 4, 65536 bytes, linear)
Jun 17 10:41:32 mobounya kernel: [    0.370379] UDP-Lite hash table entries: 2048 (order: 4, 65536 bytes, linear)
Jun 17 10:41:32 mobounya kernel: [    0.370379] NET: Registered PF_UNIX/PF_LOCAL protocol family
Jun 17 10:41:32 mobounya kernel: [    0.370379] RPC: Registered named UNIX socket transport module.
Jun 17 10:41:32 mobounya kernel: [    0.370379] RPC: Registered udp transport module.
Jun 17 10:41:32 mobounya kernel: [    0.370379] RPC: Registered tcp transport module.
Jun 17 10:41:32 mobounya kernel: [    0.370379] RPC: Registered tcp NFSv4.1 backchannel transport module.
Jun 17 10:41:32 mobounya kernel: [    0.370379] pci_bus 0000:00: resource 4 [io  0x0000-0x0cf7 window]
Jun 17 10:41:32 mobounya kernel: [    0.370379] pci_bus 0000:00: resource 5 [io  0x0d00-0xffff window]
Jun 17 10:41:32 mobounya kernel: [    0.370379] pci_bus 0000:00: resource 6 [mem 0x000a0000-0x000bffff window]
Jun 17 10:41:32 mobounya kernel: [    0.370379] pci_bus 0000:00: resource 7 [mem 0xe0000000-0xfdffffff window]
Jun 17 10:41:32 mobounya kernel: [    0.375173] pci 0000:00:00.0: Limiting direct PCI/PCI transfers
Jun 17 10:41:32 mobounya kernel: [    0.375352] pci 0000:00:01.0: Activating ISA DMA hang workarounds
Jun 17 10:41:32 mobounya kernel: [    0.376662] PCI: CLS 0 bytes, default 64
Jun 17 10:41:32 mobounya kernel: [    0.376815] PCI-DMA: Using software bounce buffering for IO (SWIOTLB)
Jun 17 10:41:32 mobounya kernel: [    0.376984] software IO TLB: mapped [mem 0x00000000dbff0000-0x00000000dfff0000] (64MB)
Jun 17 10:41:32 mobounya kernel: [    0.377244] RAPL PMU: API unit is 2^-32 Joules, 0 fixed counters, 335544320 ms ovfl timer
Jun 17 10:41:32 mobounya kernel: [    0.377498] clocksource: tsc: mask: 0xffffffffffffffff max_cycles: 0x2fbd93f9e57, max_idle_ns: 440795263784 ns
Jun 17 10:41:32 mobounya kernel: [    0.377637] clocksource: Switched to clocksource tsc
Jun 17 10:41:32 mobounya kernel: [    0.377637] platform rtc_cmos: registered platform RTC device (no PNP device found)
Jun 17 10:41:32 mobounya kernel: [    0.379712] Initialise system trusted keyrings
Jun 17 10:41:32 mobounya kernel: [    0.379712] workingset: timestamp_bits=56 max_order=20 bucket_order=0
Jun 17 10:41:32 mobounya kernel: [    0.382117] NFS: Registering the id_resolver key type
Jun 17 10:41:32 mobounya kernel: [    0.382268] Key type id_resolver registered
Jun 17 10:41:32 mobounya kernel: [    0.382359] Key type id_legacy registered
Jun 17 10:41:32 mobounya kernel: [    0.382359] 9p: Installing v9fs 9p2000 file system support
Jun 17 10:41:32 mobounya kernel: [    0.387383] Key type asymmetric registered
Jun 17 10:41:32 mobounya kernel: [    0.387383] Asymmetric key parser 'x509' registered
Jun 17 10:41:32 mobounya kernel: [    0.387383] Block layer SCSI generic (bsg) driver version 0.4 loaded (major 251)
Jun 17 10:41:32 mobounya kernel: [    0.388434] io scheduler mq-deadline registered
Jun 17 10:41:32 mobounya kernel: [    0.388569] io scheduler kyber registered
Jun 17 10:41:32 mobounya kernel: [    0.388900] ACPI: AC: AC Adapter [AC] (on-line)
Jun 17 10:41:32 mobounya kernel: [    0.389068] input: Power Button as /devices/LNXSYSTM:00/LNXPWRBN:00/input/input0
Jun 17 10:41:32 mobounya kernel: [    0.389299] ACPI: button: Power Button [PWRF]
Jun 17 10:41:32 mobounya kernel: [    0.389497] input: Sleep Button as /devices/LNXSYSTM:00/LNXSLPBN:00/input/input1
Jun 17 10:41:32 mobounya kernel: [    0.389719] ACPI: button: Sleep Button [SLPF]
Jun 17 10:41:32 mobounya kernel: [    0.389925] ACPI: video: Video Device [GFX0] (multi-head: yes  rom: no  post: no)
Jun 17 10:41:32 mobounya kernel: [    0.390168] input: Video Bus as /devices/LNXSYSTM:00/LNXSYBUS:00/PNP0A03:00/LNXVIDEO:00/input/input2
Jun 17 10:41:32 mobounya kernel: [    0.390509] Serial: 8250/16550 driver, 4 ports, IRQ sharing enabled
Jun 17 10:41:32 mobounya kernel: [    0.390830] Non-volatile memory driver v1.3
Jun 17 10:41:32 mobounya kernel: [    0.390865] Linux agpgart interface v0.103
Jun 17 10:41:32 mobounya kernel: [    0.391153] ACPI: bus type drm_connector registered
Jun 17 10:41:32 mobounya kernel: [    0.391868] loop: module loaded
Jun 17 10:41:32 mobounya kernel: [    0.392019] ahci 0000:00:0d.0: version 3.0
Jun 17 10:41:32 mobounya kernel: [    0.392389] ahci 0000:00:0d.0: SSS flag set, parallel bus scan disabled
Jun 17 10:41:32 mobounya kernel: [    0.392652] ahci 0000:00:0d.0: AHCI 0001.0100 32 slots 1 ports 3 Gbps 0x1 impl SATA mode
Jun 17 10:41:32 mobounya kernel: [    0.392877] ahci 0000:00:0d.0: flags: 64bit ncq stag only ccc 
Jun 17 10:41:32 mobounya kernel: [    0.393387] scsi host0: ahci
Jun 17 10:41:32 mobounya kernel: [    0.393531] ata1: SATA max UDMA/133 abar m8192@0xf1806000 port 0xf1806100 irq 21
Jun 17 10:41:32 mobounya kernel: [    0.393637] ata_piix 0000:00:01.1: version 2.13
Jun 17 10:41:32 mobounya kernel: [    0.394404] scsi host1: ata_piix
Jun 17 10:41:32 mobounya kernel: [    0.394555] scsi host2: ata_piix
Jun 17 10:41:32 mobounya kernel: [    0.394682] ata2: PATA max UDMA/33 cmd 0x1f0 ctl 0x3f6 bmdma 0xd000 irq 14
Jun 17 10:41:32 mobounya kernel: [    0.394857] ata3: PATA max UDMA/33 cmd 0x170 ctl 0x376 bmdma 0xd008 irq 15
Jun 17 10:41:32 mobounya kernel: [    0.395135] e100: Intel(R) PRO/100 Network Driver
Jun 17 10:41:32 mobounya kernel: [    0.395152] e100: Copyright(c) 1999-2006 Intel Corporation
Jun 17 10:41:32 mobounya kernel: [    0.395152] e1000: Intel(R) PRO/1000 Network Driver
Jun 17 10:41:32 mobounya kernel: [    0.395610] e1000: Copyright (c) 1999-2006 Intel Corporation.
Jun 17 10:41:32 mobounya kernel: [    0.565913] ata3.00: ATAPI: VBOX CD-ROM, 1.0, max UDMA/133
Jun 17 10:41:32 mobounya kernel: [    0.708180] ata1: SATA link up 3.0 Gbps (SStatus 123 SControl 300)
Jun 17 10:41:32 mobounya kernel: [    0.708539] ata1.00: ATA-6: VBOX HARDDISK, 1.0, max UDMA/133
Jun 17 10:41:32 mobounya kernel: [    0.708659] ata1.00: 167772160 sectors, multi 128: LBA48 NCQ (depth 32)
Jun 17 10:41:32 mobounya kernel: [    0.708992] ata1.00: configured for UDMA/133
Jun 17 10:41:32 mobounya kernel: [    0.709169] scsi 0:0:0:0: Direct-Access     ATA      VBOX HARDDISK    1.0  PQ: 0 ANSI: 5
Jun 17 10:41:32 mobounya kernel: [    0.709490] scsi 0:0:0:0: Attached scsi generic sg0 type 0
Jun 17 10:41:32 mobounya kernel: [    0.709839] scsi 2:0:0:0: CD-ROM            VBOX     CD-ROM           1.0  PQ: 0 ANSI: 5
Jun 17 10:41:32 mobounya kernel: [    0.710185] sd 0:0:0:0: [sda] 167772160 512-byte logical blocks: (85.9 GB/80.0 GiB)
Jun 17 10:41:32 mobounya kernel: [    0.710507] sd 0:0:0:0: [sda] Write Protect is off
Jun 17 10:41:32 mobounya kernel: [    0.710667] sd 0:0:0:0: [sda] Mode Sense: 00 3a 00 00
Jun 17 10:41:32 mobounya kernel: [    0.710677] sd 0:0:0:0: [sda] Write cache: enabled, read cache: enabled, doesn't support DPO or FUA
Jun 17 10:41:32 mobounya kernel: [    0.724079] sr 2:0:0:0: [sr0] scsi3-mmc drive: 32x/32x xa/form2 tray
Jun 17 10:41:32 mobounya kernel: [    0.724270] cdrom: Uniform CD-ROM driver Revision: 3.20
Jun 17 10:41:32 mobounya kernel: [    0.738462] e1000 0000:00:03.0 eth0: (PCI:33MHz:32-bit) 08:00:27:11:87:2c
Jun 17 10:41:32 mobounya kernel: [    0.738652] e1000 0000:00:03.0 eth0: Intel(R) PRO/1000 Network Connection
Jun 17 10:41:32 mobounya kernel: [    0.738681] e1000e: Intel(R) PRO/1000 Network Driver
Jun 17 10:41:32 mobounya kernel: [    0.738681] e1000e: Copyright(c) 1999 - 2015 Intel Corporation.
Jun 17 10:41:32 mobounya kernel: [    0.738681] sky2: driver version 1.30
Jun 17 10:41:32 mobounya kernel: [    0.738681] ehci_hcd: USB 2.0 'Enhanced' Host Controller (EHCI) Driver
Jun 17 10:41:32 mobounya kernel: [    0.738681] ehci-pci: EHCI PCI platform driver
Jun 17 10:41:32 mobounya kernel: [    0.738681] ohci_hcd: USB 1.1 'Open' Host Controller (OHCI) Driver
Jun 17 10:41:32 mobounya kernel: [    0.738681] ohci-pci: OHCI PCI platform driver
Jun 17 10:41:32 mobounya kernel: [    0.740328] ohci-pci 0000:00:06.0: OHCI PCI host controller
Jun 17 10:41:32 mobounya kernel: [    0.740504] ohci-pci 0000:00:06.0: new USB bus registered, assigned bus number 1
Jun 17 10:41:32 mobounya kernel: [    0.740756] ohci-pci 0000:00:06.0: irq 22, io mem 0xf1804000
Jun 17 10:41:32 mobounya kernel: [    0.741620] sr 2:0:0:0: Attached scsi CD-ROM sr0
Jun 17 10:41:32 mobounya kernel: [    0.741948] sr 2:0:0:0: Attached scsi generic sg1 type 5
Jun 17 10:41:32 mobounya kernel: [    0.764379]  sda: sda1 sda2 sda3 sda4 sda5 sda6
Jun 17 10:41:32 mobounya kernel: [    0.764696] sd 0:0:0:0: [sda] Attached SCSI disk
Jun 17 10:41:32 mobounya kernel: [    0.793365] usb usb1: New USB device found, idVendor=1d6b, idProduct=0001, bcdDevice= 5.18
Jun 17 10:41:32 mobounya kernel: [    0.793604] usb usb1: New USB device strings: Mfr=3, Product=2, SerialNumber=1
Jun 17 10:41:32 mobounya kernel: [    0.793812] usb usb1: Product: OHCI PCI host controller
Jun 17 10:41:32 mobounya kernel: [    0.793959] usb usb1: Manufacturer: Linux 5.18.0 ohci_hcd
Jun 17 10:41:32 mobounya kernel: [    0.794108] usb usb1: SerialNumber: 0000:00:06.0
Jun 17 10:41:32 mobounya kernel: [    0.794131] hub 1-0:1.0: USB hub found
Jun 17 10:41:32 mobounya kernel: [    0.794131] hub 1-0:1.0: 12 ports detected
Jun 17 10:41:32 mobounya kernel: [    0.794873] uhci_hcd: USB Universal Host Controller Interface driver
Jun 17 10:41:32 mobounya kernel: [    0.795066] usbcore: registered new interface driver usblp
Jun 17 10:41:32 mobounya kernel: [    0.795223] usbcore: registered new interface driver usb-storage
Jun 17 10:41:32 mobounya kernel: [    0.795396] i8042: PNP: PS/2 Controller [PNP0303:PS2K,PNP0f03:PS2M] at 0x60,0x64 irq 1,12
Jun 17 10:41:32 mobounya kernel: [    0.795983] serio: i8042 KBD port at 0x60,0x64 irq 1
Jun 17 10:41:32 mobounya kernel: [    0.796130] serio: i8042 AUX port at 0x60,0x64 irq 12
Jun 17 10:41:32 mobounya kernel: [    0.796537] input: AT Translated Set 2 keyboard as /devices/platform/i8042/serio0/input/input3
Jun 17 10:41:32 mobounya kernel: [    0.797627] rtc_cmos rtc_cmos: registered as rtc0
Jun 17 10:41:32 mobounya kernel: [    0.797776] rtc_cmos rtc_cmos: alarms up to one day, 114 bytes nvram
Jun 17 10:41:32 mobounya kernel: [    0.797944] fail to initialize ptp_kvm
Jun 17 10:41:32 mobounya kernel: [    0.797944] device-mapper: ioctl: 4.46.0-ioctl (2022-02-22) initialised: dm-devel@redhat.com
Jun 17 10:41:32 mobounya kernel: [    0.797944] intel_pstate: CPU model not supported
Jun 17 10:41:32 mobounya kernel: [    0.797944] hid: raw HID events driver (C) Jiri Kosina
Jun 17 10:41:32 mobounya kernel: [    0.797944] usbcore: registered new interface driver usbhid
Jun 17 10:41:32 mobounya kernel: [    0.797944] usbhid: USB HID core driver
Jun 17 10:41:32 mobounya kernel: [    0.799537] Initializing XFRM netlink socket
Jun 17 10:41:32 mobounya kernel: [    0.799751] NET: Registered PF_INET6 protocol family
Jun 17 10:41:32 mobounya kernel: [    0.800035] Segment Routing with IPv6
Jun 17 10:41:32 mobounya kernel: [    0.800162] In-situ OAM (IOAM) with IPv6
Jun 17 10:41:32 mobounya kernel: [    0.800305] sit: IPv6, IPv4 and MPLS over IPv4 tunneling driver
Jun 17 10:41:32 mobounya kernel: [    0.800531] NET: Registered PF_PACKET protocol family
Jun 17 10:41:32 mobounya kernel: [    0.800687] 9pnet: Installing 9P2000 support
Jun 17 10:41:32 mobounya kernel: [    0.800687] Key type dns_resolver registered
Jun 17 10:41:32 mobounya kernel: [    0.800687] IPI shorthand broadcast: enabled
Jun 17 10:41:32 mobounya kernel: [    0.800687] sched_clock: Marking stable (775313773, 24374163)->(803328927, -3640991)
Jun 17 10:41:32 mobounya kernel: [    0.801426] registered taskstats version 1
Jun 17 10:41:32 mobounya kernel: [    0.801555] Loading compiled-in X.509 certificates
Jun 17 10:41:32 mobounya kernel: [    0.801732] cryptomgr_test (46) used greatest stack depth: 15368 bytes left
Jun 17 10:41:32 mobounya kernel: [    0.802179] PM:   Magic number: 10:363:677
Jun 17 10:41:32 mobounya kernel: [    0.802344] printk: console [netcon0] enabled
Jun 17 10:41:32 mobounya kernel: [    0.802477] netconsole: network logging started
Jun 17 10:41:32 mobounya kernel: [    0.802683] cfg80211: Loading compiled-in X.509 certificates for regulatory database
Jun 17 10:41:32 mobounya kernel: [    0.802960] kworker/u2:0 (68) used greatest stack depth: 14736 bytes left
Jun 17 10:41:32 mobounya kernel: [    0.803296] cfg80211: Loaded X.509 cert 'sforshee: 00b28ddf47aef9cea7'
Jun 17 10:41:32 mobounya kernel: [    0.803471] ALSA device list:
Jun 17 10:41:32 mobounya kernel: [    0.803580]   No soundcards found.
Jun 17 10:41:32 mobounya kernel: [    0.803721] platform regulatory.0: Direct firmware load for regulatory.db failed with error -2
Jun 17 10:41:32 mobounya kernel: [    0.803954] cfg80211: failed to load regulatory.db
Jun 17 10:41:32 mobounya kernel: [    1.000702] input: ImExPS/2 Generic Explorer Mouse as /devices/platform/i8042/serio1/input/input5
Jun 17 10:41:32 mobounya kernel: [    1.001027] md: Waiting for all devices to be available before autodetect
Jun 17 10:41:32 mobounya kernel: [    1.001202] md: If you don't use raid, use raid=noautodetect
Jun 17 10:41:32 mobounya kernel: [    1.001356] md: Autodetecting RAID arrays.
Jun 17 10:41:32 mobounya kernel: [    1.001483] md: autorun ...
Jun 17 10:41:32 mobounya kernel: [    1.001588] md: ... autorun DONE.
Jun 17 10:41:32 mobounya kernel: [    1.059346] EXT4-fs (sda6): mounted filesystem with ordered data mode. Quota mode: none.
Jun 17 10:41:32 mobounya kernel: [    1.059647] VFS: Mounted root (ext4 filesystem) readonly on device 8:6.
Jun 17 10:41:32 mobounya kernel: [    1.070044] usb 1-1: new full-speed USB device number 2 using ohci-pci
Jun 17 10:41:32 mobounya kernel: [    1.090936] devtmpfs: mounted
Jun 17 10:41:32 mobounya kernel: [    1.091199] Freeing unused kernel image (initmem) memory: 1276K
Jun 17 10:41:32 mobounya kernel: [    1.091370] Write protecting the kernel read-only data: 24576k
Jun 17 10:41:32 mobounya kernel: [    1.091806] Freeing unused kernel image (text/rodata gap) memory: 2032K
Jun 17 10:41:32 mobounya kernel: [    1.092153] Freeing unused kernel image (rodata/data gap) memory: 1060K
Jun 17 10:41:32 mobounya kernel: [    1.092356] Run /sbin/init as init process
Jun 17 10:41:32 mobounya kernel: [    1.092485]   with arguments:
Jun 17 10:41:32 mobounya kernel: [    1.092485]     /sbin/init
Jun 17 10:41:32 mobounya kernel: [    1.092485]   with environment:
Jun 17 10:41:32 mobounya kernel: [    1.092486]     HOME=/
Jun 17 10:41:32 mobounya kernel: [    1.092486]     TERM=linux
Jun 17 10:41:32 mobounya kernel: [    1.092486]     BOOT_IMAGE=/linux-5.18
Jun 17 10:41:32 mobounya kernel: [    1.115682] random: fast init done
Jun 17 10:41:32 mobounya kernel: [    1.309463] usb 1-1: New USB device found, idVendor=80ee, idProduct=0021, bcdDevice= 1.00
Jun 17 10:41:32 mobounya kernel: [    1.309848] usb 1-1: New USB device strings: Mfr=1, Product=3, SerialNumber=0
Jun 17 10:41:32 mobounya kernel: [    1.310050] usb 1-1: Product: USB Tablet
Jun 17 10:41:32 mobounya kernel: [    1.310191] usb 1-1: Manufacturer: VirtualBox
Jun 17 10:41:32 mobounya kernel: [    1.322179] input: VirtualBox USB Tablet as /devices/pci0000:00/0000:00:06.0/usb1/1-1/1-1:1.0/0003:80EE:0021.0001/input/input6
Jun 17 10:41:32 mobounya kernel: [    1.322592] hid-generic 0003:80EE:0021.0001: input,hidraw0: USB HID v1.10 Mouse [VirtualBox USB Tablet] on usb-0000:00:06.0-1/input0
Jun 17 10:41:32 mobounya kernel: [    1.701192] stty (78) used greatest stack depth: 13680 bytes left
Jun 17 10:41:32 mobounya kernel: [    1.819180] dmesg (79) used greatest stack depth: 13632 bytes left
Jun 17 10:41:32 mobounya kernel: [    2.210473] mountpoint (103) used greatest stack depth: 13592 bytes left
Jun 17 10:41:32 mobounya kernel: [    2.305702] random: crng init done
Jun 17 10:41:32 mobounya kernel: [    2.373999] ip (130) used greatest stack depth: 12272 bytes left
Jun 17 10:41:32 mobounya kernel: <30>[    2.587463] udevd[155]: starting version 3.2.11
Jun 17 10:41:32 mobounya kernel: <30>[    2.941797] udevd[156]: starting eudev-3.2.11
Jun 17 10:41:32 mobounya kernel: [    3.007725] e1000 0000:00:03.0 enp0s3: renamed from eth0
Jun 17 10:41:32 mobounya kernel: [    4.762030] Adding 7812092k swap on /dev/sda2.  Priority:1 extents:1 across:7812092k 
Jun 17 10:41:32 mobounya kernel: [    4.787727] EXT4-fs (sda6): re-mounted. Quota mode: none.
Jun 17 10:41:32 mobounya kernel: [    4.873566] EXT4-fs (sda6): re-mounted. Quota mode: none.
Jun 17 10:41:32 mobounya kernel: [    4.947509] EXT4-fs (sda1): mounted filesystem with ordered data mode. Quota mode: none.
Jun 17 10:41:32 mobounya kernel: [    6.384971] e1000: enp0s3 NIC Link is Up 1000 Mbps Full Duplex, Flow Control: RX
Jun 17 10:41:32 mobounya kernel: [    6.385419] IPv6: ADDRCONF(NETDEV_CHANGE): enp0s3: link becomes ready
