May 13 13:54:57 mobounya kernel: klogd 1.5.1, log source = /proc/kmsg started.
May 13 13:54:57 mobounya kernel: Cannot find map file.
May 13 13:54:57 mobounya kernel: Loaded 125948 symbols from 1 module.
May 13 13:54:57 mobounya kernel: [    0.000000] Linux version 5.16.9-mobounya (root@mobounya) (gcc (GCC) 11.2.0, GNU ld (GNU Binutils) 2.38) #1 SMP PREEMPT Sun May 15 11:39:17 +01 2022
May 13 13:54:57 mobounya kernel: [    0.000000] Command line: BOOT_IMAGE=/vmlinuz-5.16.9-mobounya root=/dev/sda6 ro
May 13 13:54:57 mobounya kernel: [    0.000000] x86/fpu: Supporting XSAVE feature 0x001: 'x87 floating point registers'
May 13 13:54:57 mobounya kernel: [    0.000000] x86/fpu: Supporting XSAVE feature 0x002: 'SSE registers'
May 13 13:54:57 mobounya kernel: [    0.000000] x86/fpu: Supporting XSAVE feature 0x004: 'AVX registers'
May 13 13:54:57 mobounya kernel: [    0.000000] x86/fpu: xstate_offset[2]:  576, xstate_sizes[2]:  256
May 13 13:54:57 mobounya kernel: [    0.000000] x86/fpu: Enabled xstate features 0x7, context size is 832 bytes, using 'standard' format.
May 13 13:54:57 mobounya kernel: [    0.000000] signal: max sigframe size: 1776
May 13 13:54:57 mobounya kernel: [    0.000000] BIOS-provided physical RAM map:
May 13 13:54:57 mobounya kernel: [    0.000000] BIOS-e820: [mem 0x0000000000000000-0x000000000009fbff] usable
May 13 13:54:57 mobounya kernel: [    0.000000] BIOS-e820: [mem 0x000000000009fc00-0x000000000009ffff] reserved
May 13 13:54:57 mobounya kernel: [    0.000000] BIOS-e820: [mem 0x00000000000f0000-0x00000000000fffff] reserved
May 13 13:54:57 mobounya kernel: [    0.000000] BIOS-e820: [mem 0x0000000000100000-0x00000000dffeffff] usable
May 13 13:54:57 mobounya kernel: [    0.000000] BIOS-e820: [mem 0x00000000dfff0000-0x00000000dfffffff] ACPI data
May 13 13:54:57 mobounya kernel: [    0.000000] BIOS-e820: [mem 0x00000000fec00000-0x00000000fec00fff] reserved
May 13 13:54:57 mobounya kernel: [    0.000000] BIOS-e820: [mem 0x00000000fee00000-0x00000000fee00fff] reserved
May 13 13:54:57 mobounya kernel: [    0.000000] BIOS-e820: [mem 0x00000000fffc0000-0x00000000ffffffff] reserved
May 13 13:54:57 mobounya kernel: [    0.000000] BIOS-e820: [mem 0x0000000100000000-0x000000021fffffff] usable
May 13 13:54:57 mobounya kernel: [    0.000000] NX (Execute Disable) protection: active
May 13 13:54:57 mobounya kernel: [    0.000000] SMBIOS 2.5 present.
May 13 13:54:57 mobounya kernel: [    0.000000] DMI: innotek GmbH VirtualBox/VirtualBox, BIOS VirtualBox 12/01/2006
May 13 13:54:57 mobounya kernel: [    0.000000] e820: update [mem 0x00000000-0x00000fff] usable ==> reserved
May 13 13:54:57 mobounya kernel: [    0.000000] e820: remove [mem 0x000a0000-0x000fffff] usable
May 13 13:54:57 mobounya kernel: [    0.000000] last_pfn = 0x220000 max_arch_pfn = 0x400000000
May 13 13:54:57 mobounya kernel: [    0.000000] Disabled
May 13 13:54:57 mobounya kernel: [    0.000000] x86/PAT: MTRRs disabled, skipping PAT initialization too.
May 13 13:54:57 mobounya kernel: [    0.000000] CPU MTRRs all blank - virtualized system.
May 13 13:54:57 mobounya kernel: [    0.000000] x86/PAT: Configuration [0-7]: WB  WT  UC- UC  WB  WT  UC- UC  
May 13 13:54:57 mobounya kernel: [    0.000000] last_pfn = 0xdfff0 max_arch_pfn = 0x400000000
May 13 13:54:57 mobounya kernel: [    0.000000] found SMP MP-table at [mem 0x0009fff0-0x0009ffff]
May 13 13:54:57 mobounya kernel: [    0.000000] ACPI: Early table checksum verification disabled
May 13 13:54:57 mobounya kernel: [    0.000000] ACPI: RSDP 0x00000000000E0000 000024 (v02 VBOX  )
May 13 13:54:57 mobounya kernel: [    0.000000] ACPI: XSDT 0x00000000DFFF0030 00003C (v01 VBOX   VBOXXSDT 00000001 ASL  00000061)
May 13 13:54:57 mobounya kernel: [    0.000000] ACPI: FACP 0x00000000DFFF00F0 0000F4 (v04 VBOX   VBOXFACP 00000001 ASL  00000061)
May 13 13:54:57 mobounya kernel: [    0.000000] ACPI: DSDT 0x00000000DFFF0470 002325 (v02 VBOX   VBOXBIOS 00000002 INTL 20190509)
May 13 13:54:57 mobounya kernel: [    0.000000] ACPI: FACS 0x00000000DFFF0200 000040
May 13 13:54:57 mobounya kernel: [    0.000000] ACPI: FACS 0x00000000DFFF0200 000040
May 13 13:54:57 mobounya kernel: [    0.000000] ACPI: APIC 0x00000000DFFF0240 000054 (v02 VBOX   VBOXAPIC 00000001 ASL  00000061)
May 13 13:54:57 mobounya kernel: [    0.000000] ACPI: SSDT 0x00000000DFFF02A0 0001CC (v01 VBOX   VBOXCPUT 00000002 INTL 20190509)
May 13 13:54:57 mobounya kernel: [    0.000000] ACPI: Reserving FACP table memory at [mem 0xdfff00f0-0xdfff01e3]
May 13 13:54:57 mobounya kernel: [    0.000000] ACPI: Reserving DSDT table memory at [mem 0xdfff0470-0xdfff2794]
May 13 13:54:57 mobounya kernel: [    0.000000] ACPI: Reserving FACS table memory at [mem 0xdfff0200-0xdfff023f]
May 13 13:54:57 mobounya kernel: [    0.000000] ACPI: Reserving FACS table memory at [mem 0xdfff0200-0xdfff023f]
May 13 13:54:57 mobounya kernel: [    0.000000] ACPI: Reserving APIC table memory at [mem 0xdfff0240-0xdfff0293]
May 13 13:54:57 mobounya kernel: [    0.000000] ACPI: Reserving SSDT table memory at [mem 0xdfff02a0-0xdfff046b]
May 13 13:54:57 mobounya kernel: [    0.000000] No NUMA configuration found
May 13 13:54:57 mobounya kernel: [    0.000000] Faking a node at [mem 0x0000000000000000-0x000000021fffffff]
May 13 13:54:57 mobounya kernel: [    0.000000] NODE_DATA(0) allocated [mem 0x21fff8000-0x21fffbfff]
May 13 13:54:57 mobounya kernel: [    0.000000] Zone ranges:
May 13 13:54:57 mobounya kernel: [    0.000000]   DMA      [mem 0x0000000000001000-0x0000000000ffffff]
May 13 13:54:57 mobounya kernel: [    0.000000]   DMA32    [mem 0x0000000001000000-0x00000000ffffffff]
May 13 13:54:57 mobounya kernel: [    0.000000]   Normal   [mem 0x0000000100000000-0x000000021fffffff]
May 13 13:54:57 mobounya kernel: [    0.000000] Movable zone start for each node
May 13 13:54:57 mobounya kernel: [    0.000000] Early memory node ranges
May 13 13:54:57 mobounya kernel: [    0.000000]   node   0: [mem 0x0000000000001000-0x000000000009efff]
May 13 13:54:57 mobounya kernel: [    0.000000]   node   0: [mem 0x0000000000100000-0x00000000dffeffff]
May 13 13:54:57 mobounya kernel: [    0.000000]   node   0: [mem 0x0000000100000000-0x000000021fffffff]
May 13 13:54:57 mobounya kernel: [    0.000000] Initmem setup node 0 [mem 0x0000000000001000-0x000000021fffffff]
May 13 13:54:57 mobounya kernel: [    0.000000] On node 0, zone DMA: 1 pages in unavailable ranges
May 13 13:54:57 mobounya kernel: [    0.000000] On node 0, zone DMA: 97 pages in unavailable ranges
May 13 13:54:57 mobounya kernel: [    0.000000] On node 0, zone Normal: 16 pages in unavailable ranges
May 13 13:54:57 mobounya kernel: [    0.000000] ACPI: PM-Timer IO Port: 0x4008
May 13 13:54:57 mobounya kernel: [    0.000000] IOAPIC[0]: apic_id 1, version 32, address 0xfec00000, GSI 0-23
May 13 13:54:57 mobounya kernel: [    0.000000] ACPI: INT_SRC_OVR (bus 0 bus_irq 0 global_irq 2 dfl dfl)
May 13 13:54:57 mobounya kernel: [    0.000000] ACPI: INT_SRC_OVR (bus 0 bus_irq 9 global_irq 9 low level)
May 13 13:54:57 mobounya kernel: [    0.000000] ACPI: Using ACPI (MADT) for SMP configuration information
May 13 13:54:57 mobounya kernel: [    0.000000] smpboot: Allowing 1 CPUs, 0 hotplug CPUs
May 13 13:54:57 mobounya kernel: [    0.000000] PM: hibernation: Registered nosave memory: [mem 0x00000000-0x00000fff]
May 13 13:54:57 mobounya kernel: [    0.000000] PM: hibernation: Registered nosave memory: [mem 0x0009f000-0x0009ffff]
May 13 13:54:57 mobounya kernel: [    0.000000] PM: hibernation: Registered nosave memory: [mem 0x000a0000-0x000effff]
May 13 13:54:57 mobounya kernel: [    0.000000] PM: hibernation: Registered nosave memory: [mem 0x000f0000-0x000fffff]
May 13 13:54:57 mobounya kernel: [    0.000000] PM: hibernation: Registered nosave memory: [mem 0xdfff0000-0xdfffffff]
May 13 13:54:57 mobounya kernel: [    0.000000] PM: hibernation: Registered nosave memory: [mem 0xe0000000-0xfebfffff]
May 13 13:54:57 mobounya kernel: [    0.000000] PM: hibernation: Registered nosave memory: [mem 0xfec00000-0xfec00fff]
May 13 13:54:57 mobounya kernel: [    0.000000] PM: hibernation: Registered nosave memory: [mem 0xfec01000-0xfedfffff]
May 13 13:54:57 mobounya kernel: [    0.000000] PM: hibernation: Registered nosave memory: [mem 0xfee00000-0xfee00fff]
May 13 13:54:57 mobounya kernel: [    0.000000] PM: hibernation: Registered nosave memory: [mem 0xfee01000-0xfffbffff]
May 13 13:54:57 mobounya kernel: [    0.000000] PM: hibernation: Registered nosave memory: [mem 0xfffc0000-0xffffffff]
May 13 13:54:57 mobounya kernel: [    0.000000] [mem 0xe0000000-0xfebfffff] available for PCI devices
May 13 13:54:57 mobounya kernel: [    0.000000] clocksource: refined-jiffies: mask: 0xffffffff max_cycles: 0xffffffff, max_idle_ns: 1910969940391419 ns
May 13 13:54:57 mobounya kernel: [    0.000000] setup_percpu: NR_CPUS:64 nr_cpumask_bits:64 nr_cpu_ids:1 nr_node_ids:1
May 13 13:54:57 mobounya kernel: [    0.000000] percpu: Embedded 52 pages/cpu s174744 r8192 d30056 u2097152
May 13 13:54:57 mobounya kernel: [    0.000000] pcpu-alloc: s174744 r8192 d30056 u2097152 alloc=1*2097152
May 13 13:54:57 mobounya kernel: [    0.000000] pcpu-alloc: [0] 0 
May 13 13:54:57 mobounya kernel: [    0.000000] Fallback order for Node 0: 0 
May 13 13:54:57 mobounya kernel: [    0.000000] Built 1 zonelists, mobility grouping on.  Total pages: 2064112
May 13 13:54:57 mobounya kernel: [    0.000000] Policy zone: Normal
May 13 13:54:57 mobounya kernel: [    0.000000] Kernel command line: BOOT_IMAGE=/vmlinuz-5.16.9-mobounya root=/dev/sda6 ro
May 13 13:54:57 mobounya kernel: [    0.000000] Unknown kernel command line parameters "BOOT_IMAGE=/vmlinuz-5.16.9-mobounya", will be passed to user space.
May 13 13:54:57 mobounya kernel: [    0.000000] Dentry cache hash table entries: 1048576 (order: 11, 8388608 bytes, linear)
May 13 13:54:57 mobounya kernel: [    0.000000] Inode-cache hash table entries: 524288 (order: 10, 4194304 bytes, linear)
May 13 13:54:57 mobounya kernel: [    0.000000] mem auto-init: stack:off, heap alloc:off, heap free:off
May 13 13:54:57 mobounya kernel: [    0.000000] Memory: 8142420K/8388152K available (16398K kernel code, 2596K rwdata, 4880K rodata, 1252K init, 1464K bss, 245472K reserved, 0K cma-reserved)
May 13 13:54:57 mobounya kernel: [    0.000000] SLUB: HWalign=64, Order=0-3, MinObjects=0, CPUs=1, Nodes=1
May 13 13:54:57 mobounya kernel: [    0.000000] Kernel/User page tables isolation: enabled
May 13 13:54:57 mobounya kernel: [    0.000000] Dynamic Preempt: voluntary
May 13 13:54:57 mobounya kernel: [    0.000000] rcu: Preemptible hierarchical RCU implementation.
May 13 13:54:57 mobounya kernel: [    0.000000] rcu: ^IRCU event tracing is enabled.
May 13 13:54:57 mobounya kernel: [    0.000000] rcu: ^IRCU restricting CPUs from NR_CPUS=64 to nr_cpu_ids=1.
May 13 13:54:57 mobounya kernel: [    0.000000] ^ITrampoline variant of Tasks RCU enabled.
May 13 13:54:57 mobounya kernel: [    0.000000] rcu: RCU calculated value of scheduler-enlistment delay is 100 jiffies.
May 13 13:54:57 mobounya kernel: [    0.000000] rcu: Adjusting geometry for rcu_fanout_leaf=16, nr_cpu_ids=1
May 13 13:54:57 mobounya kernel: [    0.000000] NR_IRQS: 4352, nr_irqs: 256, preallocated irqs: 16
May 13 13:54:57 mobounya kernel: [    0.000000] random: get_random_bytes called from start_kernel+0x492/0x65f with crng_init=0
May 13 13:54:57 mobounya kernel: [    0.000000] Console: colour VGA+ 80x25
May 13 13:54:57 mobounya kernel: [    0.000000] printk: console [tty0] enabled
May 13 13:54:57 mobounya kernel: [    0.000000] ACPI: Core revision 20210930
May 13 13:54:57 mobounya kernel: [    0.000000] APIC: Switch to symmetric I/O mode setup
May 13 13:54:57 mobounya kernel: [    0.000000] ..TIMER: vector=0x30 apic1=0 pin1=2 apic2=-1 pin2=-1
May 13 13:54:57 mobounya kernel: [    0.008000] tsc: Unable to calibrate against PIT
May 13 13:54:57 mobounya kernel: [    0.008000] tsc: using PMTIMER reference calibration
May 13 13:54:57 mobounya kernel: [    0.008000] tsc: Detected 1497.518 MHz processor
May 13 13:54:57 mobounya kernel: [    0.000006] clocksource: tsc-early: mask: 0xffffffffffffffff max_cycles: 0x1595fa08566, max_idle_ns: 440795224429 ns
May 13 13:54:57 mobounya kernel: [    0.000295] Calibrating delay loop (skipped), value calculated using timer frequency.. 2995.03 BogoMIPS (lpj=1497518)
May 13 13:54:57 mobounya kernel: [    0.000583] pid_max: default: 32768 minimum: 301
May 13 13:54:57 mobounya kernel: [    0.000747] LSM: Security Framework initializing
May 13 13:54:57 mobounya kernel: [    0.000900] SELinux:  Initializing.
May 13 13:54:57 mobounya kernel: [    0.001088] Mount-cache hash table entries: 16384 (order: 5, 131072 bytes, linear)
May 13 13:54:57 mobounya kernel: [    0.001294] Mountpoint-cache hash table entries: 16384 (order: 5, 131072 bytes, linear)
May 13 13:54:57 mobounya kernel: [    0.001294] process: using mwait in idle threads
May 13 13:54:57 mobounya kernel: [    0.001294] Last level iTLB entries: 4KB 0, 2MB 0, 4MB 0
May 13 13:54:57 mobounya kernel: [    0.001294] Last level dTLB entries: 4KB 0, 2MB 0, 4MB 0, 1GB 0
May 13 13:54:57 mobounya kernel: [    0.001294] Spectre V1 : Mitigation: usercopy/swapgs barriers and __user pointer sanitization
May 13 13:54:57 mobounya kernel: [    0.001294] Spectre V2 : Mitigation: Full generic retpoline
May 13 13:54:57 mobounya kernel: [    0.001294] Spectre V2 : Spectre v2 / SpectreRSB mitigation: Filling RSB on context switch
May 13 13:54:57 mobounya kernel: [    0.001294] Speculative Store Bypass: Vulnerable
May 13 13:54:57 mobounya kernel: [    0.001294] MDS: Mitigation: Clear CPU buffers
May 13 13:54:57 mobounya kernel: [    0.008503] Freeing SMP alternatives memory: 44K
May 13 13:54:57 mobounya kernel: [    0.110854] smpboot: CPU0: Intel(R) Core(TM) i7-1065G7 CPU @ 1.30GHz (family: 0x6, model: 0x7e, stepping: 0x5)
May 13 13:54:57 mobounya kernel: [    0.111294] Performance Events: unsupported p6 CPU model 126 no PMU driver, software events only.
May 13 13:54:57 mobounya kernel: [    0.111294] rcu: Hierarchical SRCU implementation.
May 13 13:54:57 mobounya kernel: [    0.112453] smp: Bringing up secondary CPUs ...
May 13 13:54:57 mobounya kernel: [    0.112605] smp: Brought up 1 node, 1 CPU
May 13 13:54:57 mobounya kernel: [    0.112745] smpboot: Max logical packages: 1
May 13 13:54:57 mobounya kernel: [    0.112890] smpboot: Total of 1 processors activated (2995.03 BogoMIPS)
May 13 13:54:57 mobounya kernel: [    0.113294] devtmpfs: initialized
May 13 13:54:57 mobounya kernel: [    0.113294] clocksource: jiffies: mask: 0xffffffff max_cycles: 0xffffffff, max_idle_ns: 1911260446275000 ns
May 13 13:54:57 mobounya kernel: [    0.113294] futex hash table entries: 256 (order: 2, 16384 bytes, linear)
May 13 13:54:57 mobounya kernel: [    0.113296] PM: RTC time: 12:54:54, date: 2022-05-13
May 13 13:54:57 mobounya kernel: [    0.113499] NET: Registered PF_NETLINK/PF_ROUTE protocol family
May 13 13:54:57 mobounya kernel: [    0.113720] audit: initializing netlink subsys (disabled)
May 13 13:54:57 mobounya kernel: [    0.114294] thermal_sys: Registered thermal governor 'step_wise'
May 13 13:54:57 mobounya kernel: [    0.114295] thermal_sys: Registered thermal governor 'user_space'
May 13 13:54:57 mobounya kernel: [    0.114295] audit: type=2000 audit(1652446494.122:1): state=initialized audit_enabled=0 res=1
May 13 13:54:57 mobounya kernel: [    0.114496] cpuidle: using governor menu
May 13 13:54:57 mobounya kernel: [    0.114706] PCI: Using configuration type 1 for base access
May 13 13:54:57 mobounya kernel: [    0.116387] kprobes: kprobe jump-optimization is enabled. All kprobes are optimized if possible.
May 13 13:54:57 mobounya kernel: [    0.116680] HugeTLB registered 2.00 MiB page size, pre-allocated 0 pages
May 13 13:54:57 mobounya kernel: [    0.116909] ACPI: Added _OSI(Module Device)
May 13 13:54:57 mobounya kernel: [    0.117052] ACPI: Added _OSI(Processor Device)
May 13 13:54:57 mobounya kernel: [    0.117199] ACPI: Added _OSI(3.0 _SCP Extensions)
May 13 13:54:57 mobounya kernel: [    0.117294] ACPI: Added _OSI(Processor Aggregator Device)
May 13 13:54:57 mobounya kernel: [    0.117294] ACPI: Added _OSI(Linux-Dell-Video)
May 13 13:54:57 mobounya kernel: [    0.117294] ACPI: Added _OSI(Linux-Lenovo-NV-HDMI-Audio)
May 13 13:54:57 mobounya kernel: [    0.117294] ACPI: Added _OSI(Linux-HPI-Hybrid-Graphics)
May 13 13:54:57 mobounya kernel: [    0.118606] ACPI: 2 ACPI AML tables successfully acquired and loaded
May 13 13:54:57 mobounya kernel: [    0.119493] ACPI: Interpreter enabled
May 13 13:54:57 mobounya kernel: [    0.119655] ACPI: PM: (supports S0 S5)
May 13 13:54:57 mobounya kernel: [    0.119807] ACPI: Using IOAPIC for interrupt routing
May 13 13:54:57 mobounya kernel: [    0.120055] PCI: Using host bridge windows from ACPI; if necessary, use "pci=nocrs" and report a bug
May 13 13:54:57 mobounya kernel: [    0.120294] ACPI: Enabled 2 GPEs in block 00 to 07
May 13 13:54:57 mobounya kernel: [    0.122741] ACPI: PCI Root Bridge [PCI0] (domain 0000 [bus 00-ff])
May 13 13:54:57 mobounya kernel: [    0.122927] acpi PNP0A03:00: _OSC: OS supports [ASPM ClockPM Segments MSI HPX-Type3]
May 13 13:54:57 mobounya kernel: [    0.123167] acpi PNP0A03:00: _OSC: not requesting OS control; OS requires [ExtendedConfig ASPM ClockPM MSI]
May 13 13:54:57 mobounya kernel: [    0.123294] acpi PNP0A03:00: fail to add MMCONFIG information, can't access extended PCI configuration space under this bridge.
May 13 13:54:57 mobounya kernel: [    0.124339] PCI host bridge to bus 0000:00
May 13 13:54:57 mobounya kernel: [    0.124482] pci_bus 0000:00: root bus resource [io  0x0000-0x0cf7 window]
May 13 13:54:57 mobounya kernel: [    0.124673] pci_bus 0000:00: root bus resource [io  0x0d00-0xffff window]
May 13 13:54:57 mobounya kernel: [    0.124895] pci_bus 0000:00: root bus resource [mem 0x000a0000-0x000bffff window]
May 13 13:54:57 mobounya kernel: [    0.125130] pci_bus 0000:00: root bus resource [mem 0xe0000000-0xfdffffff window]
May 13 13:54:57 mobounya kernel: [    0.125294] pci_bus 0000:00: root bus resource [bus 00-ff]
May 13 13:54:57 mobounya kernel: [    0.125294] pci 0000:00:00.0: [8086:1237] type 00 class 0x060000
May 13 13:54:57 mobounya kernel: [    0.126298] pci 0000:00:01.0: [8086:7000] type 00 class 0x060100
May 13 13:54:57 mobounya kernel: [    0.126868] pci 0000:00:01.1: [8086:7111] type 00 class 0x01018a
May 13 13:54:57 mobounya kernel: [    0.127342] pci 0000:00:01.1: reg 0x20: [io  0xd000-0xd00f]
May 13 13:54:57 mobounya kernel: [    0.127603] pci 0000:00:01.1: legacy IDE quirk: reg 0x10: [io  0x01f0-0x01f7]
May 13 13:54:57 mobounya kernel: [    0.127805] pci 0000:00:01.1: legacy IDE quirk: reg 0x14: [io  0x03f6]
May 13 13:54:57 mobounya kernel: [    0.127996] pci 0000:00:01.1: legacy IDE quirk: reg 0x18: [io  0x0170-0x0177]
May 13 13:54:57 mobounya kernel: [    0.128197] pci 0000:00:01.1: legacy IDE quirk: reg 0x1c: [io  0x0376]
May 13 13:54:57 mobounya kernel: [    0.128386] pci 0000:00:02.0: [15ad:0405] type 00 class 0x030000
May 13 13:54:57 mobounya kernel: [    0.130468] pci 0000:00:02.0: reg 0x10: [io  0xd010-0xd01f]
May 13 13:54:57 mobounya kernel: [    0.133457] pci 0000:00:02.0: reg 0x14: [mem 0xe0000000-0xe0ffffff pref]
May 13 13:54:57 mobounya kernel: [    0.135310] pci 0000:00:02.0: reg 0x18: [mem 0xf0000000-0xf01fffff]
May 13 13:54:57 mobounya kernel: [    0.142564] pci 0000:00:02.0: Video device with shadowed ROM at [mem 0x000c0000-0x000dffff]
May 13 13:54:57 mobounya kernel: [    0.143294] pci 0000:00:03.0: [8086:100e] type 00 class 0x020000
May 13 13:54:57 mobounya kernel: [    0.145360] pci 0000:00:03.0: reg 0x10: [mem 0xf0200000-0xf021ffff]
May 13 13:54:57 mobounya kernel: [    0.149372] pci 0000:00:03.0: reg 0x18: [io  0xd020-0xd027]
May 13 13:54:57 mobounya kernel: [    0.160544] pci 0000:00:04.0: [80ee:cafe] type 00 class 0x088000
May 13 13:54:57 mobounya kernel: [    0.162361] pci 0000:00:04.0: reg 0x10: [io  0xd040-0xd05f]
May 13 13:54:57 mobounya kernel: [    0.164337] pci 0000:00:04.0: reg 0x14: [mem 0xf0400000-0xf07fffff]
May 13 13:54:57 mobounya kernel: [    0.165364] pci 0000:00:04.0: reg 0x18: [mem 0xf0800000-0xf0803fff pref]
May 13 13:54:57 mobounya kernel: [    0.175561] pci 0000:00:05.0: [8086:2415] type 00 class 0x040100
May 13 13:54:57 mobounya kernel: [    0.175831] pci 0000:00:05.0: reg 0x10: [io  0xd100-0xd1ff]
May 13 13:54:57 mobounya kernel: [    0.176044] pci 0000:00:05.0: reg 0x14: [io  0xd200-0xd23f]
May 13 13:54:57 mobounya kernel: [    0.176531] pci 0000:00:06.0: [106b:003f] type 00 class 0x0c0310
May 13 13:54:57 mobounya kernel: [    0.178360] pci 0000:00:06.0: reg 0x10: [mem 0xf0804000-0xf0804fff]
May 13 13:54:57 mobounya kernel: [    0.192603] pci 0000:00:07.0: [8086:7113] type 00 class 0x068000
May 13 13:54:57 mobounya kernel: [    0.193513] pci 0000:00:07.0: quirk: [io  0x4000-0x403f] claimed by PIIX4 ACPI
May 13 13:54:57 mobounya kernel: [    0.193753] pci 0000:00:07.0: quirk: [io  0x4100-0x410f] claimed by PIIX4 SMB
May 13 13:54:57 mobounya kernel: [    0.194134] pci 0000:00:0d.0: [8086:2829] type 00 class 0x010601
May 13 13:54:57 mobounya kernel: [    0.196358] pci 0000:00:0d.0: reg 0x10: [io  0xd240-0xd247]
May 13 13:54:57 mobounya kernel: [    0.198360] pci 0000:00:0d.0: reg 0x14: [io  0xd248-0xd24b]
May 13 13:54:57 mobounya kernel: [    0.200367] pci 0000:00:0d.0: reg 0x18: [io  0xd250-0xd257]
May 13 13:54:57 mobounya kernel: [    0.202362] pci 0000:00:0d.0: reg 0x1c: [io  0xd258-0xd25b]
May 13 13:54:57 mobounya kernel: [    0.204375] pci 0000:00:0d.0: reg 0x20: [io  0xd260-0xd26f]
May 13 13:54:57 mobounya kernel: [    0.206410] pci 0000:00:0d.0: reg 0x24: [mem 0xf0806000-0xf0807fff]
May 13 13:54:57 mobounya kernel: [    0.211324] ACPI: PCI: Interrupt link LNKA configured for IRQ 11
May 13 13:54:57 mobounya kernel: [    0.211647] ACPI: PCI: Interrupt link LNKB configured for IRQ 10
May 13 13:54:57 mobounya kernel: [    0.211934] ACPI: PCI: Interrupt link LNKC configured for IRQ 9
May 13 13:54:57 mobounya kernel: [    0.212177] ACPI: PCI: Interrupt link LNKD configured for IRQ 11
May 13 13:54:57 mobounya kernel: [    0.212343] iommu: Default domain type: Translated 
May 13 13:54:57 mobounya kernel: [    0.212507] iommu: DMA domain TLB invalidation policy: lazy mode 
May 13 13:54:57 mobounya kernel: [    0.212739] pci 0000:00:02.0: vgaarb: setting as boot VGA device
May 13 13:54:57 mobounya kernel: [    0.212921] pci 0000:00:02.0: vgaarb: VGA device added: decodes=io+mem,owns=io+mem,locks=none
May 13 13:54:57 mobounya kernel: [    0.213180] pci 0000:00:02.0: vgaarb: bridge control possible
May 13 13:54:57 mobounya kernel: [    0.213294] vgaarb: loaded
May 13 13:54:57 mobounya kernel: [    0.213294] SCSI subsystem initialized
May 13 13:54:57 mobounya kernel: [    0.213294] libata version 3.00 loaded.
May 13 13:54:57 mobounya kernel: [    0.213294] ACPI: bus type USB registered
May 13 13:54:57 mobounya kernel: [    0.213294] usbcore: registered new interface driver usbfs
May 13 13:54:57 mobounya kernel: [    0.213294] usbcore: registered new interface driver hub
May 13 13:54:57 mobounya kernel: [    0.213294] usbcore: registered new device driver usb
May 13 13:54:57 mobounya kernel: [    0.213294] pps_core: LinuxPPS API ver. 1 registered
May 13 13:54:57 mobounya kernel: [    0.213294] pps_core: Software ver. 5.3.6 - Copyright 2005-2007 Rodolfo Giometti <giometti@linux.it>
May 13 13:54:57 mobounya kernel: [    0.213294] PTP clock support registered
May 13 13:54:57 mobounya kernel: [    0.213294] Advanced Linux Sound Architecture Driver Initialized.
May 13 13:54:57 mobounya kernel: [    0.214294] NetLabel: Initializing
May 13 13:54:57 mobounya kernel: [    0.214426] NetLabel:  domain hash size = 128
May 13 13:54:57 mobounya kernel: [    0.214574] NetLabel:  protocols = UNLABELED CIPSOv4 CALIPSO
May 13 13:54:57 mobounya kernel: [    0.214761] NetLabel:  unlabeled traffic allowed by default
May 13 13:54:57 mobounya kernel: [    0.214955] PCI: Using ACPI for IRQ routing
May 13 13:54:57 mobounya kernel: [    0.215106] PCI: pci_cache_line_size set to 64 bytes
May 13 13:54:57 mobounya kernel: [    0.215324] e820: reserve RAM buffer [mem 0x0009fc00-0x0009ffff]
May 13 13:54:57 mobounya kernel: [    0.215328] e820: reserve RAM buffer [mem 0xdfff0000-0xdfffffff]
May 13 13:54:57 mobounya kernel: [    0.215365] clocksource: Switched to clocksource tsc-early
May 13 13:54:57 mobounya kernel: [    0.223241] VFS: Disk quotas dquot_6.6.0
May 13 13:54:57 mobounya kernel: [    0.223424] VFS: Dquot-cache hash table entries: 512 (order 0, 4096 bytes)
May 13 13:54:57 mobounya kernel: [    0.223662] pnp: PnP ACPI init
May 13 13:54:57 mobounya kernel: [    0.224428] pnp: PnP ACPI: found 2 devices
May 13 13:54:57 mobounya kernel: [    0.232065] clocksource: acpi_pm: mask: 0xffffff max_cycles: 0xffffff, max_idle_ns: 2085701024 ns
May 13 13:54:57 mobounya kernel: [    0.293320] NET: Registered PF_INET protocol family
May 13 13:54:57 mobounya kernel: [    0.293842] IP idents hash table entries: 131072 (order: 8, 1048576 bytes, linear)
May 13 13:54:57 mobounya kernel: [    0.294413] tcp_listen_portaddr_hash hash table entries: 4096 (order: 4, 65536 bytes, linear)
May 13 13:54:57 mobounya kernel: [    0.294678] TCP established hash table entries: 65536 (order: 7, 524288 bytes, linear)
May 13 13:54:57 mobounya kernel: [    0.295067] TCP bind hash table entries: 65536 (order: 8, 1048576 bytes, linear)
May 13 13:54:57 mobounya kernel: [    0.295989] TCP: Hash tables configured (established 65536 bind 65536)
May 13 13:54:57 mobounya kernel: [    0.296384] UDP hash table entries: 4096 (order: 5, 131072 bytes, linear)
May 13 13:54:57 mobounya kernel: [    0.296595] UDP-Lite hash table entries: 4096 (order: 5, 131072 bytes, linear)
May 13 13:54:57 mobounya kernel: [    0.296857] NET: Registered PF_UNIX/PF_LOCAL protocol family
May 13 13:54:57 mobounya kernel: [    0.296921] RPC: Registered named UNIX socket transport module.
May 13 13:54:57 mobounya kernel: [    0.296921] RPC: Registered udp transport module.
May 13 13:54:57 mobounya kernel: [    0.296921] RPC: Registered tcp transport module.
May 13 13:54:57 mobounya kernel: [    0.296921] RPC: Registered tcp NFSv4.1 backchannel transport module.
May 13 13:54:57 mobounya kernel: [    0.296921] pci_bus 0000:00: resource 4 [io  0x0000-0x0cf7 window]
May 13 13:54:57 mobounya kernel: [    0.296921] pci_bus 0000:00: resource 5 [io  0x0d00-0xffff window]
May 13 13:54:57 mobounya kernel: [    0.296921] pci_bus 0000:00: resource 6 [mem 0x000a0000-0x000bffff window]
May 13 13:54:57 mobounya kernel: [    0.296921] pci_bus 0000:00: resource 7 [mem 0xe0000000-0xfdffffff window]
May 13 13:54:57 mobounya kernel: [    0.298844] pci 0000:00:00.0: Limiting direct PCI/PCI transfers
May 13 13:54:57 mobounya kernel: [    0.299026] pci 0000:00:01.0: Activating ISA DMA hang workarounds
May 13 13:54:57 mobounya kernel: [    0.300163] PCI: CLS 0 bytes, default 64
May 13 13:54:57 mobounya kernel: [    0.300328] PCI-DMA: Using software bounce buffering for IO (SWIOTLB)
May 13 13:54:57 mobounya kernel: [    0.300524] software IO TLB: mapped [mem 0x00000000dbff0000-0x00000000dfff0000] (64MB)
May 13 13:54:57 mobounya kernel: [    0.300794] RAPL PMU: API unit is 2^-32 Joules, 0 fixed counters, 10737418240 ms ovfl timer
May 13 13:54:57 mobounya kernel: [    0.301060] platform rtc_cmos: registered platform RTC device (no PNP device found)
May 13 13:54:57 mobounya kernel: [    0.301296] Initialise system trusted keyrings
May 13 13:54:57 mobounya kernel: [    0.301498] workingset: timestamp_bits=56 max_order=21 bucket_order=0
May 13 13:54:57 mobounya kernel: [    0.303436] NFS: Registering the id_resolver key type
May 13 13:54:57 mobounya kernel: [    0.303629] Key type id_resolver registered
May 13 13:54:57 mobounya kernel: [    0.303788] Key type id_legacy registered
May 13 13:54:57 mobounya kernel: [    0.303891] jitterentropy: Initialization failed with host not compliant with requirements: 10
May 13 13:54:57 mobounya kernel: [    0.303891] Key type asymmetric registered
May 13 13:54:57 mobounya kernel: [    0.307521] Asymmetric key parser 'x509' registered
May 13 13:54:57 mobounya kernel: [    0.307699] Block layer SCSI generic (bsg) driver version 0.4 loaded (major 251)
May 13 13:54:57 mobounya kernel: [    0.307935] io scheduler mq-deadline registered
May 13 13:54:57 mobounya kernel: [    0.308086] io scheduler kyber registered
May 13 13:54:57 mobounya kernel: [    0.308284] ACPI: AC: AC Adapter [AC] (off-line)
May 13 13:54:57 mobounya kernel: [    0.308284] input: Power Button as /devices/LNXSYSTM:00/LNXPWRBN:00/input/input0
May 13 13:54:57 mobounya kernel: [    0.308294] ACPI: button: Power Button [PWRF]
May 13 13:54:57 mobounya kernel: [    0.308480] input: Sleep Button as /devices/LNXSYSTM:00/LNXSLPBN:00/input/input1
May 13 13:54:57 mobounya kernel: [    0.308727] ACPI: button: Sleep Button [SLPF]
May 13 13:54:57 mobounya kernel: [    0.308899] ACPI: video: Video Device [GFX0] (multi-head: yes  rom: no  post: no)
May 13 13:54:57 mobounya kernel: [    0.309169] input: Video Bus as /devices/LNXSYSTM:00/LNXSYBUS:00/PNP0A03:00/LNXVIDEO:00/input/input2
May 13 13:54:57 mobounya kernel: [    0.309921] ACPI: battery: Slot [BAT0] (battery present)
May 13 13:54:57 mobounya kernel: [    0.310164] Serial: 8250/16550 driver, 4 ports, IRQ sharing enabled
May 13 13:54:57 mobounya kernel: [    0.310541] Non-volatile memory driver v1.3
May 13 13:54:57 mobounya kernel: [    0.310713] Linux agpgart interface v0.103
May 13 13:54:57 mobounya kernel: [    0.310912] ACPI: bus type drm_connector registered
May 13 13:54:57 mobounya kernel: [    0.311729] loop: module loaded
May 13 13:54:57 mobounya kernel: [    0.311888] ahci 0000:00:0d.0: version 3.0
May 13 13:54:57 mobounya kernel: [    0.312134] ahci 0000:00:0d.0: SSS flag set, parallel bus scan disabled
May 13 13:54:57 mobounya kernel: [    0.312494] ahci 0000:00:0d.0: AHCI 0001.0100 32 slots 1 ports 3 Gbps 0x1 impl SATA mode
May 13 13:54:57 mobounya kernel: [    0.312748] ahci 0000:00:0d.0: flags: 64bit ncq stag only ccc 
May 13 13:54:57 mobounya kernel: [    0.312971] scsi host0: ahci
May 13 13:54:57 mobounya kernel: [    0.313139] ata1: SATA max UDMA/133 abar m8192@0xf0806000 port 0xf0806100 irq 21
May 13 13:54:57 mobounya kernel: [    0.313470] ata_piix 0000:00:01.1: version 2.13
May 13 13:54:57 mobounya kernel: [    0.313717] scsi host1: ata_piix
May 13 13:54:57 mobounya kernel: [    0.313899] scsi host2: ata_piix
May 13 13:54:57 mobounya kernel: [    0.313928] ata2: PATA max UDMA/33 cmd 0x1f0 ctl 0x3f6 bmdma 0xd000 irq 14
May 13 13:54:57 mobounya kernel: [    0.313928] ata3: PATA max UDMA/33 cmd 0x170 ctl 0x376 bmdma 0xd008 irq 15
May 13 13:54:57 mobounya kernel: [    0.314964] e100: Intel(R) PRO/100 Network Driver
May 13 13:54:57 mobounya kernel: [    0.315154] e100: Copyright(c) 1999-2006 Intel Corporation
May 13 13:54:57 mobounya kernel: [    0.315328] e1000: Intel(R) PRO/1000 Network Driver
May 13 13:54:57 mobounya kernel: [    0.315487] e1000: Copyright (c) 1999-2006 Intel Corporation.
May 13 13:54:57 mobounya kernel: [    0.474035] ata2.00: ATAPI: VBOX CD-ROM, 1.0, max UDMA/133
May 13 13:54:57 mobounya kernel: [    0.474532] ata3.00: ATAPI: VBOX CD-ROM, 1.0, max UDMA/133
May 13 13:54:57 mobounya kernel: [    0.627623] ata1: SATA link up 3.0 Gbps (SStatus 123 SControl 300)
May 13 13:54:57 mobounya kernel: [    0.628018] ata1.00: ATA-6: VBOX HARDDISK, 1.0, max UDMA/133
May 13 13:54:57 mobounya kernel: [    0.628204] ata1.00: 167772160 sectors, multi 128: LBA48 NCQ (depth 32)
May 13 13:54:57 mobounya kernel: [    0.628665] ata1.00: configured for UDMA/133
May 13 13:54:57 mobounya kernel: [    0.628877] scsi 0:0:0:0: Direct-Access     ATA      VBOX HARDDISK    1.0  PQ: 0 ANSI: 5
May 13 13:54:57 mobounya kernel: [    0.629643] sd 0:0:0:0: [sda] 167772160 512-byte logical blocks: (85.9 GB/80.0 GiB)
May 13 13:54:57 mobounya kernel: [    0.629643] sd 0:0:0:0: [sda] Write Protect is off
May 13 13:54:57 mobounya kernel: [    0.629643] sd 0:0:0:0: [sda] Mode Sense: 00 3a 00 00
May 13 13:54:57 mobounya kernel: [    0.629643] sd 0:0:0:0: [sda] Write cache: enabled, read cache: enabled, doesn't support DPO or FUA
May 13 13:54:57 mobounya kernel: [    0.629643] sd 0:0:0:0: Attached scsi generic sg0 type 0
May 13 13:54:57 mobounya kernel: [    0.631752] scsi 1:0:0:0: CD-ROM            VBOX     CD-ROM           1.0  PQ: 0 ANSI: 5
May 13 13:54:57 mobounya kernel: [    0.632515] sr 1:0:0:0: [sr0] scsi3-mmc drive: 32x/32x xa/form2 tray
May 13 13:54:57 mobounya kernel: [    0.632717] cdrom: Uniform CD-ROM driver Revision: 3.20
May 13 13:54:57 mobounya kernel: [    0.645752] sr 1:0:0:0: Attached scsi CD-ROM sr0
May 13 13:54:57 mobounya kernel: [    0.645896] sr 1:0:0:0: Attached scsi generic sg1 type 5
May 13 13:54:57 mobounya kernel: [    0.646252] e1000 0000:00:03.0 eth0: (PCI:33MHz:32-bit) 08:00:27:e7:2f:08
May 13 13:54:57 mobounya kernel: [    0.646499] e1000 0000:00:03.0 eth0: Intel(R) PRO/1000 Network Connection
May 13 13:54:57 mobounya kernel: [    0.646536] e1000e: Intel(R) PRO/1000 Network Driver
May 13 13:54:57 mobounya kernel: [    0.646536] e1000e: Copyright(c) 1999 - 2015 Intel Corporation.
May 13 13:54:57 mobounya kernel: [    0.646536] sky2: driver version 1.30
May 13 13:54:57 mobounya kernel: [    0.646536] ehci_hcd: USB 2.0 'Enhanced' Host Controller (EHCI) Driver
May 13 13:54:57 mobounya kernel: [    0.647551] ehci-pci: EHCI PCI platform driver
May 13 13:54:57 mobounya kernel: [    0.647671] ohci_hcd: USB 1.1 'Open' Host Controller (OHCI) Driver
May 13 13:54:57 mobounya kernel: [    0.647942] ohci-pci: OHCI PCI platform driver
May 13 13:54:57 mobounya kernel: [    0.648444] scsi 2:0:0:0: CD-ROM            VBOX     CD-ROM           1.0  PQ: 0 ANSI: 5
May 13 13:54:57 mobounya kernel: [    0.649355] ohci-pci 0000:00:06.0: OHCI PCI host controller
May 13 13:54:57 mobounya kernel: [    0.649573] ohci-pci 0000:00:06.0: new USB bus registered, assigned bus number 1
May 13 13:54:57 mobounya kernel: [    0.649769]  sda: sda1 sda2 sda3 sda4 sda5 sda6
May 13 13:54:57 mobounya kernel: [    0.650644] sd 0:0:0:0: [sda] Attached SCSI disk
May 13 13:54:57 mobounya kernel: [    0.650864] ohci-pci 0000:00:06.0: irq 22, io mem 0xf0804000
May 13 13:54:57 mobounya kernel: [    0.662794] sr 2:0:0:0: [sr1] scsi3-mmc drive: 32x/32x xa/form2 tray
May 13 13:54:57 mobounya kernel: [    0.676698] sr 2:0:0:0: Attached scsi CD-ROM sr1
May 13 13:54:57 mobounya kernel: [    0.676728] sr 2:0:0:0: Attached scsi generic sg2 type 5
May 13 13:54:57 mobounya kernel: [    0.707758] usb usb1: New USB device found, idVendor=1d6b, idProduct=0001, bcdDevice= 5.16
May 13 13:54:57 mobounya kernel: [    0.708049] usb usb1: New USB device strings: Mfr=3, Product=2, SerialNumber=1
May 13 13:54:57 mobounya kernel: [    0.708280] usb usb1: Product: OHCI PCI host controller
May 13 13:54:57 mobounya kernel: [    0.708280] usb usb1: Manufacturer: Linux 5.16.9-mobounya ohci_hcd
May 13 13:54:57 mobounya kernel: [    0.708280] usb usb1: SerialNumber: 0000:00:06.0
May 13 13:54:57 mobounya kernel: [    0.708280] hub 1-0:1.0: USB hub found
May 13 13:54:57 mobounya kernel: [    0.708280] hub 1-0:1.0: 12 ports detected
May 13 13:54:57 mobounya kernel: [    0.709967] uhci_hcd: USB Universal Host Controller Interface driver
May 13 13:54:57 mobounya kernel: [    0.710202] usbcore: registered new interface driver usblp
May 13 13:54:57 mobounya kernel: [    0.710394] usbcore: registered new interface driver usb-storage
May 13 13:54:57 mobounya kernel: [    0.710606] i8042: PNP: PS/2 Controller [PNP0303:PS2K,PNP0f03:PS2M] at 0x60,0x64 irq 1,12
May 13 13:54:57 mobounya kernel: [    0.711257] serio: i8042 KBD port at 0x60,0x64 irq 1
May 13 13:54:57 mobounya kernel: [    0.711436] serio: i8042 AUX port at 0x60,0x64 irq 12
May 13 13:54:57 mobounya kernel: [    0.712399] input: AT Translated Set 2 keyboard as /devices/platform/i8042/serio0/input/input3
May 13 13:54:57 mobounya kernel: [    0.713457] rtc_cmos rtc_cmos: registered as rtc0
May 13 13:54:57 mobounya kernel: [    0.713586] rtc_cmos rtc_cmos: alarms up to one day, 114 bytes nvram
May 13 13:54:57 mobounya kernel: [    0.713883] device-mapper: ioctl: 4.45.0-ioctl (2021-03-22) initialised: dm-devel@redhat.com
May 13 13:54:57 mobounya kernel: [    0.714165] intel_pstate: CPU model not supported
May 13 13:54:57 mobounya kernel: [    0.714352] hid: raw HID events driver (C) Jiri Kosina
May 13 13:54:57 mobounya kernel: [    0.714456] usbcore: registered new interface driver usbhid
May 13 13:54:57 mobounya kernel: [    0.714456] usbhid: USB HID core driver
May 13 13:54:57 mobounya kernel: [    0.716364] Initializing XFRM netlink socket
May 13 13:54:57 mobounya kernel: [    0.716596] NET: Registered PF_INET6 protocol family
May 13 13:54:57 mobounya kernel: [    0.716938] Segment Routing with IPv6
May 13 13:54:57 mobounya kernel: [    0.717096] In-situ OAM (IOAM) with IPv6
May 13 13:54:57 mobounya kernel: [    0.717215] sit: IPv6, IPv4 and MPLS over IPv4 tunneling driver
May 13 13:54:57 mobounya kernel: [    0.717215] NET: Registered PF_PACKET protocol family
May 13 13:54:57 mobounya kernel: [    0.717215] Key type dns_resolver registered
May 13 13:54:57 mobounya kernel: [    0.717215] IPI shorthand broadcast: enabled
May 13 13:54:57 mobounya kernel: [    0.717215] sched_clock: Marking stable (723921067, -7705859)->(754388675, -38173467)
May 13 13:54:57 mobounya kernel: [    0.718449] registered taskstats version 1
May 13 13:54:57 mobounya kernel: [    0.718606] Loading compiled-in X.509 certificates
May 13 13:54:57 mobounya kernel: [    0.718830] cryptomgr_test (45) used greatest stack depth: 15664 bytes left
May 13 13:54:57 mobounya kernel: [    0.719202] cryptomgr_test (54) used greatest stack depth: 15648 bytes left
May 13 13:54:57 mobounya kernel: [    0.719589] PM:   Magic number: 6:134:936
May 13 13:54:57 mobounya kernel: [    0.719787] printk: console [netcon0] enabled
May 13 13:54:57 mobounya kernel: [    0.720005] netconsole: network logging started
May 13 13:54:57 mobounya kernel: [    0.720258] cfg80211: Loading compiled-in X.509 certificates for regulatory database
May 13 13:54:57 mobounya kernel: [    0.720596] kworker/u2:3 (66) used greatest stack depth: 14712 bytes left
May 13 13:54:57 mobounya kernel: [    0.720985] cfg80211: Loaded X.509 cert 'sforshee: 00b28ddf47aef9cea7'
May 13 13:54:57 mobounya kernel: [    0.721202] ALSA device list:
May 13 13:54:57 mobounya kernel: [    0.721336]   No soundcards found.
May 13 13:54:57 mobounya kernel: [    0.721508] platform regulatory.0: Direct firmware load for regulatory.db failed with error -2
May 13 13:54:57 mobounya kernel: [    0.721794] cfg80211: failed to load regulatory.db
May 13 13:54:57 mobounya kernel: [    0.923079] random: fast init done
May 13 13:54:57 mobounya kernel: [    0.925338] input: ImExPS/2 Generic Explorer Mouse as /devices/platform/i8042/serio1/input/input5
May 13 13:54:57 mobounya kernel: [    0.926354] md: Waiting for all devices to be available before autodetect
May 13 13:54:57 mobounya kernel: [    0.926698] md: If you don't use raid, use raid=noautodetect
May 13 13:54:57 mobounya kernel: [    0.927232] md: Autodetecting RAID arrays.
May 13 13:54:57 mobounya kernel: [    0.927801] md: autorun ...
May 13 13:54:57 mobounya kernel: [    0.928149] md: ... autorun DONE.
May 13 13:54:57 mobounya kernel: [    0.940381] EXT4-fs (sda6): mounted filesystem with ordered data mode. Opts: (null). Quota mode: none.
May 13 13:54:57 mobounya kernel: [    0.941164] VFS: Mounted root (ext4 filesystem) readonly on device 8:6.
May 13 13:54:57 mobounya kernel: [    0.943640] devtmpfs: mounted
May 13 13:54:57 mobounya kernel: [    0.944329] Freeing unused kernel image (initmem) memory: 1252K
May 13 13:54:57 mobounya kernel: [    0.944804] Write protecting the kernel read-only data: 24576k
May 13 13:54:57 mobounya kernel: [    0.945553] Freeing unused kernel image (text/rodata gap) memory: 2032K
May 13 13:54:57 mobounya kernel: [    0.946083] Freeing unused kernel image (rodata/data gap) memory: 1264K
May 13 13:54:57 mobounya kernel: [    0.946535] Run /sbin/init as init process
May 13 13:54:57 mobounya kernel: [    0.946923]   with arguments:
May 13 13:54:57 mobounya kernel: [    0.946937]     /sbin/init
May 13 13:54:57 mobounya kernel: [    0.946939]   with environment:
May 13 13:54:57 mobounya kernel: [    0.946940]     HOME=/
May 13 13:54:57 mobounya kernel: [    0.946940]     TERM=linux
May 13 13:54:57 mobounya kernel: [    0.946941]     BOOT_IMAGE=/vmlinuz-5.16.9-mobounya
May 13 13:54:57 mobounya kernel: [    1.006077] usb 1-1: new full-speed USB device number 2 using ohci-pci
May 13 13:54:57 mobounya kernel: [    1.015483] stty (76) used greatest stack depth: 13672 bytes left
May 13 13:54:57 mobounya kernel: [    1.025346] dmesg (77) used greatest stack depth: 13648 bytes left
May 13 13:54:57 mobounya kernel: [    1.127902] ip (128) used greatest stack depth: 12168 bytes left
May 13 13:54:57 mobounya kernel: <30>[    1.167241] udevd[153]: starting version 3.2.11
May 13 13:54:57 mobounya kernel: [    1.174982] random: udevd: uninitialized urandom read (16 bytes read)
May 13 13:54:57 mobounya kernel: [    1.175535] random: udevd: uninitialized urandom read (16 bytes read)
May 13 13:54:57 mobounya kernel: [    1.176174] random: udevd: uninitialized urandom read (16 bytes read)
May 13 13:54:57 mobounya kernel: <30>[    1.192094] udevd[154]: starting eudev-3.2.11
May 13 13:54:57 mobounya kernel: [    1.236448] e1000 0000:00:03.0 enp0s3: renamed from eth0
May 13 13:54:57 mobounya kernel: [    1.254349] usb 1-1: New USB device found, idVendor=80ee, idProduct=0021, bcdDevice= 1.00
May 13 13:54:57 mobounya kernel: [    1.254595] usb 1-1: New USB device strings: Mfr=1, Product=3, SerialNumber=0
May 13 13:54:57 mobounya kernel: [    1.254814] usb 1-1: Product: USB Tablet
May 13 13:54:57 mobounya kernel: [    1.255012] usb 1-1: Manufacturer: VirtualBox
May 13 13:54:57 mobounya kernel: [    1.266557] input: VirtualBox USB Tablet as /devices/pci0000:00/0000:00:06.0/usb1/1-1/1-1:1.0/0003:80EE:0021.0001/input/input6
May 13 13:54:57 mobounya kernel: [    1.266982] hid-generic 0003:80EE:0021.0001: input,hidraw0: USB HID v1.10 Mouse [VirtualBox USB Tablet] on usb-0000:00:06.0-1/input0
May 13 13:54:57 mobounya kernel: [    1.314043] tsc: Refined TSC clocksource calibration: 1497.348 MHz
May 13 13:54:57 mobounya kernel: [    1.314259] clocksource: tsc: mask: 0xffffffffffffffff max_cycles: 0x1595596d06f, max_idle_ns: 440795218055 ns
May 13 13:54:57 mobounya kernel: [    1.314603] clocksource: Switched to clocksource tsc
May 13 13:54:57 mobounya kernel: [    1.642625] Adding 7812092k swap on /dev/sda2.  Priority:1 extents:1 across:7812092k 
May 13 13:54:57 mobounya kernel: [    1.654534] EXT4-fs (sda6): re-mounted. Opts: (null). Quota mode: none.
May 13 13:54:57 mobounya kernel: [    1.698041] EXT4-fs (sda6): re-mounted. Opts: (null). Quota mode: none.
May 13 13:54:57 mobounya kernel: [    1.718998] EXT4-fs (sda1): mounted filesystem with ordered data mode. Opts: (null). Quota mode: none.
May 13 13:54:57 mobounya kernel: [    2.614233] random: crng init done
May 13 13:54:57 mobounya kernel: [    2.614399] random: 3 urandom warning(s) missed due to ratelimiting
May 13 13:54:59 mobounya kernel: [    4.632877] e1000: enp0s3 NIC Link is Up 1000 Mbps Full Duplex, Flow Control: RX
May 13 13:54:59 mobounya kernel: [    4.634678] IPv6: ADDRCONF(NETDEV_CHANGE): enp0s3: link becomes ready
May 16 15:07:14 mobounya kernel: klogd 1.5.1, log source = /proc/kmsg started.
May 16 15:07:14 mobounya kernel: Cannot find map file.
May 16 15:07:14 mobounya kernel: Loaded 125948 symbols from 1 module.
May 16 15:07:14 mobounya kernel: [    0.000000] Linux version 5.16.9-mobounya (root@mobounya) (gcc (GCC) 11.2.0, GNU ld (GNU Binutils) 2.38) #1 SMP PREEMPT Sun May 15 11:39:17 +01 2022
May 16 15:07:14 mobounya kernel: [    0.000000] Command line: BOOT_IMAGE=/vmlinuz-5.16.9-mobounya root=/dev/sda6 ro
May 16 15:07:14 mobounya kernel: [    0.000000] x86/fpu: Supporting XSAVE feature 0x001: 'x87 floating point registers'
May 16 15:07:14 mobounya kernel: [    0.000000] x86/fpu: Supporting XSAVE feature 0x002: 'SSE registers'
May 16 15:07:14 mobounya kernel: [    0.000000] x86/fpu: Supporting XSAVE feature 0x004: 'AVX registers'
May 16 15:07:14 mobounya kernel: [    0.000000] x86/fpu: xstate_offset[2]:  576, xstate_sizes[2]:  256
May 16 15:07:14 mobounya kernel: [    0.000000] x86/fpu: Enabled xstate features 0x7, context size is 832 bytes, using 'standard' format.
May 16 15:07:14 mobounya kernel: [    0.000000] signal: max sigframe size: 1776
May 16 15:07:14 mobounya kernel: [    0.000000] BIOS-provided physical RAM map:
May 16 15:07:14 mobounya kernel: [    0.000000] BIOS-e820: [mem 0x0000000000000000-0x000000000009fbff] usable
May 16 15:07:14 mobounya kernel: [    0.000000] BIOS-e820: [mem 0x000000000009fc00-0x000000000009ffff] reserved
May 16 15:07:14 mobounya kernel: [    0.000000] BIOS-e820: [mem 0x00000000000f0000-0x00000000000fffff] reserved
May 16 15:07:14 mobounya kernel: [    0.000000] BIOS-e820: [mem 0x0000000000100000-0x00000000dffeffff] usable
May 16 15:07:14 mobounya kernel: [    0.000000] BIOS-e820: [mem 0x00000000dfff0000-0x00000000dfffffff] ACPI data
May 16 15:07:14 mobounya kernel: [    0.000000] BIOS-e820: [mem 0x00000000fec00000-0x00000000fec00fff] reserved
May 16 15:07:14 mobounya kernel: [    0.000000] BIOS-e820: [mem 0x00000000fee00000-0x00000000fee00fff] reserved
May 16 15:07:14 mobounya kernel: [    0.000000] BIOS-e820: [mem 0x00000000fffc0000-0x00000000ffffffff] reserved
May 16 15:07:14 mobounya kernel: [    0.000000] BIOS-e820: [mem 0x0000000100000000-0x000000021fffffff] usable
May 16 15:07:14 mobounya kernel: [    0.000000] NX (Execute Disable) protection: active
May 16 15:07:14 mobounya kernel: [    0.000000] SMBIOS 2.5 present.
May 16 15:07:14 mobounya kernel: [    0.000000] DMI: innotek GmbH VirtualBox/VirtualBox, BIOS VirtualBox 12/01/2006
May 16 15:07:14 mobounya kernel: [    0.000000] tsc: Fast TSC calibration using PIT
May 16 15:07:14 mobounya kernel: [    0.000000] tsc: Detected 1503.370 MHz processor
May 16 15:07:14 mobounya kernel: [    0.000638] e820: update [mem 0x00000000-0x00000fff] usable ==> reserved
May 16 15:07:14 mobounya kernel: [    0.000641] e820: remove [mem 0x000a0000-0x000fffff] usable
May 16 15:07:14 mobounya kernel: [    0.000644] last_pfn = 0x220000 max_arch_pfn = 0x400000000
May 16 15:07:14 mobounya kernel: [    0.000653] Disabled
May 16 15:07:14 mobounya kernel: [    0.000654] x86/PAT: MTRRs disabled, skipping PAT initialization too.
May 16 15:07:14 mobounya kernel: [    0.000656] CPU MTRRs all blank - virtualized system.
May 16 15:07:14 mobounya kernel: [    0.000658] x86/PAT: Configuration [0-7]: WB  WT  UC- UC  WB  WT  UC- UC  
May 16 15:07:14 mobounya kernel: [    0.000660] last_pfn = 0xdfff0 max_arch_pfn = 0x400000000
May 16 15:07:14 mobounya kernel: [    0.000705] found SMP MP-table at [mem 0x0009fff0-0x0009ffff]
May 16 15:07:14 mobounya kernel: [    0.001296] ACPI: Early table checksum verification disabled
May 16 15:07:14 mobounya kernel: [    0.001300] ACPI: RSDP 0x00000000000E0000 000024 (v02 VBOX  )
May 16 15:07:14 mobounya kernel: [    0.001303] ACPI: XSDT 0x00000000DFFF0030 00003C (v01 VBOX   VBOXXSDT 00000001 ASL  00000061)
May 16 15:07:14 mobounya kernel: [    0.001308] ACPI: FACP 0x00000000DFFF00F0 0000F4 (v04 VBOX   VBOXFACP 00000001 ASL  00000061)
May 16 15:07:14 mobounya kernel: [    0.001312] ACPI: DSDT 0x00000000DFFF0470 002325 (v02 VBOX   VBOXBIOS 00000002 INTL 20190509)
May 16 15:07:14 mobounya kernel: [    0.001315] ACPI: FACS 0x00000000DFFF0200 000040
May 16 15:07:14 mobounya kernel: [    0.001317] ACPI: FACS 0x00000000DFFF0200 000040
May 16 15:07:14 mobounya kernel: [    0.001319] ACPI: APIC 0x00000000DFFF0240 000054 (v02 VBOX   VBOXAPIC 00000001 ASL  00000061)
May 16 15:07:14 mobounya kernel: [    0.001322] ACPI: SSDT 0x00000000DFFF02A0 0001CC (v01 VBOX   VBOXCPUT 00000002 INTL 20190509)
May 16 15:07:14 mobounya kernel: [    0.001324] ACPI: Reserving FACP table memory at [mem 0xdfff00f0-0xdfff01e3]
May 16 15:07:14 mobounya kernel: [    0.001325] ACPI: Reserving DSDT table memory at [mem 0xdfff0470-0xdfff2794]
May 16 15:07:14 mobounya kernel: [    0.001326] ACPI: Reserving FACS table memory at [mem 0xdfff0200-0xdfff023f]
May 16 15:07:14 mobounya kernel: [    0.001327] ACPI: Reserving FACS table memory at [mem 0xdfff0200-0xdfff023f]
May 16 15:07:14 mobounya kernel: [    0.001327] ACPI: Reserving APIC table memory at [mem 0xdfff0240-0xdfff0293]
May 16 15:07:14 mobounya kernel: [    0.001328] ACPI: Reserving SSDT table memory at [mem 0xdfff02a0-0xdfff046b]
May 16 15:07:14 mobounya kernel: [    0.001454] No NUMA configuration found
May 16 15:07:14 mobounya kernel: [    0.001455] Faking a node at [mem 0x0000000000000000-0x000000021fffffff]
May 16 15:07:14 mobounya kernel: [    0.001458] NODE_DATA(0) allocated [mem 0x21fff8000-0x21fffbfff]
May 16 15:07:14 mobounya kernel: [    0.001469] Zone ranges:
May 16 15:07:14 mobounya kernel: [    0.001469]   DMA      [mem 0x0000000000001000-0x0000000000ffffff]
May 16 15:07:14 mobounya kernel: [    0.001471]   DMA32    [mem 0x0000000001000000-0x00000000ffffffff]
May 16 15:07:14 mobounya kernel: [    0.001472]   Normal   [mem 0x0000000100000000-0x000000021fffffff]
May 16 15:07:14 mobounya kernel: [    0.001473] Movable zone start for each node
May 16 15:07:14 mobounya kernel: [    0.001474] Early memory node ranges
May 16 15:07:14 mobounya kernel: [    0.001474]   node   0: [mem 0x0000000000001000-0x000000000009efff]
May 16 15:07:14 mobounya kernel: [    0.001475]   node   0: [mem 0x0000000000100000-0x00000000dffeffff]
May 16 15:07:14 mobounya kernel: [    0.001476]   node   0: [mem 0x0000000100000000-0x000000021fffffff]
May 16 15:07:14 mobounya kernel: [    0.001477] Initmem setup node 0 [mem 0x0000000000001000-0x000000021fffffff]
May 16 15:07:14 mobounya kernel: [    0.001868] On node 0, zone DMA: 1 pages in unavailable ranges
May 16 15:07:14 mobounya kernel: [    0.001883] On node 0, zone DMA: 97 pages in unavailable ranges
May 16 15:07:14 mobounya kernel: [    0.040789] On node 0, zone Normal: 16 pages in unavailable ranges
May 16 15:07:14 mobounya kernel: [    0.041091] ACPI: PM-Timer IO Port: 0x4008
May 16 15:07:14 mobounya kernel: [    0.041136] IOAPIC[0]: apic_id 1, version 32, address 0xfec00000, GSI 0-23
May 16 15:07:14 mobounya kernel: [    0.041139] ACPI: INT_SRC_OVR (bus 0 bus_irq 0 global_irq 2 dfl dfl)
May 16 15:07:14 mobounya kernel: [    0.041140] ACPI: INT_SRC_OVR (bus 0 bus_irq 9 global_irq 9 low level)
May 16 15:07:14 mobounya kernel: [    0.041144] ACPI: Using ACPI (MADT) for SMP configuration information
May 16 15:07:14 mobounya kernel: [    0.041150] smpboot: Allowing 1 CPUs, 0 hotplug CPUs
May 16 15:07:14 mobounya kernel: [    0.041160] PM: hibernation: Registered nosave memory: [mem 0x00000000-0x00000fff]
May 16 15:07:14 mobounya kernel: [    0.041161] PM: hibernation: Registered nosave memory: [mem 0x0009f000-0x0009ffff]
May 16 15:07:14 mobounya kernel: [    0.041162] PM: hibernation: Registered nosave memory: [mem 0x000a0000-0x000effff]
May 16 15:07:14 mobounya kernel: [    0.041163] PM: hibernation: Registered nosave memory: [mem 0x000f0000-0x000fffff]
May 16 15:07:14 mobounya kernel: [    0.041164] PM: hibernation: Registered nosave memory: [mem 0xdfff0000-0xdfffffff]
May 16 15:07:14 mobounya kernel: [    0.041165] PM: hibernation: Registered nosave memory: [mem 0xe0000000-0xfebfffff]
May 16 15:07:14 mobounya kernel: [    0.041165] PM: hibernation: Registered nosave memory: [mem 0xfec00000-0xfec00fff]
May 16 15:07:14 mobounya kernel: [    0.041166] PM: hibernation: Registered nosave memory: [mem 0xfec01000-0xfedfffff]
May 16 15:07:14 mobounya kernel: [    0.041167] PM: hibernation: Registered nosave memory: [mem 0xfee00000-0xfee00fff]
May 16 15:07:14 mobounya kernel: [    0.041167] PM: hibernation: Registered nosave memory: [mem 0xfee01000-0xfffbffff]
May 16 15:07:14 mobounya kernel: [    0.041168] PM: hibernation: Registered nosave memory: [mem 0xfffc0000-0xffffffff]
May 16 15:07:14 mobounya kernel: [    0.041169] [mem 0xe0000000-0xfebfffff] available for PCI devices
May 16 15:07:14 mobounya kernel: [    0.041171] clocksource: refined-jiffies: mask: 0xffffffff max_cycles: 0xffffffff, max_idle_ns: 1910969940391419 ns
May 16 15:07:14 mobounya kernel: [    0.045973] setup_percpu: NR_CPUS:64 nr_cpumask_bits:64 nr_cpu_ids:1 nr_node_ids:1
May 16 15:07:14 mobounya kernel: [    0.046514] percpu: Embedded 52 pages/cpu s174744 r8192 d30056 u2097152
May 16 15:07:14 mobounya kernel: [    0.046520] pcpu-alloc: s174744 r8192 d30056 u2097152 alloc=1*2097152
May 16 15:07:14 mobounya kernel: [    0.046522] pcpu-alloc: [0] 0 
May 16 15:07:14 mobounya kernel: [    0.046534] Fallback order for Node 0: 0 
May 16 15:07:14 mobounya kernel: [    0.046536] Built 1 zonelists, mobility grouping on.  Total pages: 2064112
May 16 15:07:14 mobounya kernel: [    0.046537] Policy zone: Normal
May 16 15:07:14 mobounya kernel: [    0.046539] Kernel command line: BOOT_IMAGE=/vmlinuz-5.16.9-mobounya root=/dev/sda6 ro
May 16 15:07:14 mobounya kernel: [    0.046556] Unknown kernel command line parameters "BOOT_IMAGE=/vmlinuz-5.16.9-mobounya", will be passed to user space.
May 16 15:07:14 mobounya kernel: [    0.048515] Dentry cache hash table entries: 1048576 (order: 11, 8388608 bytes, linear)
May 16 15:07:14 mobounya kernel: [    0.049360] Inode-cache hash table entries: 524288 (order: 10, 4194304 bytes, linear)
May 16 15:07:14 mobounya kernel: [    0.049391] mem auto-init: stack:off, heap alloc:off, heap free:off
May 16 15:07:14 mobounya kernel: [    0.083724] Memory: 8142420K/8388152K available (16398K kernel code, 2596K rwdata, 4880K rodata, 1252K init, 1464K bss, 245472K reserved, 0K cma-reserved)
May 16 15:07:14 mobounya kernel: [    0.083749] SLUB: HWalign=64, Order=0-3, MinObjects=0, CPUs=1, Nodes=1
May 16 15:07:14 mobounya kernel: [    0.083755] Kernel/User page tables isolation: enabled
May 16 15:07:14 mobounya kernel: [    0.084590] Dynamic Preempt: voluntary
May 16 15:07:14 mobounya kernel: [    0.084597] rcu: Preemptible hierarchical RCU implementation.
May 16 15:07:14 mobounya kernel: [    0.084597] rcu: ^IRCU event tracing is enabled.
May 16 15:07:14 mobounya kernel: [    0.084597] rcu: ^IRCU restricting CPUs from NR_CPUS=64 to nr_cpu_ids=1.
May 16 15:07:14 mobounya kernel: [    0.084597] ^ITrampoline variant of Tasks RCU enabled.
May 16 15:07:14 mobounya kernel: [    0.084598] rcu: RCU calculated value of scheduler-enlistment delay is 100 jiffies.
May 16 15:07:14 mobounya kernel: [    0.084598] rcu: Adjusting geometry for rcu_fanout_leaf=16, nr_cpu_ids=1
May 16 15:07:14 mobounya kernel: [    0.084601] NR_IRQS: 4352, nr_irqs: 256, preallocated irqs: 16
May 16 15:07:14 mobounya kernel: [    0.084601] random: get_random_bytes called from start_kernel+0x492/0x65f with crng_init=0
May 16 15:07:14 mobounya kernel: [    0.091821] Console: colour VGA+ 80x25
May 16 15:07:14 mobounya kernel: [    0.114435] printk: console [tty0] enabled
May 16 15:07:14 mobounya kernel: [    0.114596] ACPI: Core revision 20210930
May 16 15:07:14 mobounya kernel: [    0.114771] APIC: Switch to symmetric I/O mode setup
May 16 15:07:14 mobounya kernel: [    0.115668] ..TIMER: vector=0x30 apic1=0 pin1=2 apic2=-1 pin2=-1
May 16 15:07:14 mobounya kernel: [    0.120672] clocksource: tsc-early: mask: 0xffffffffffffffff max_cycles: 0x15ab9230043, max_idle_ns: 440795216520 ns
May 16 15:07:14 mobounya kernel: [    0.121104] Calibrating delay loop (skipped), value calculated using timer frequency.. 3006.74 BogoMIPS (lpj=1503370)
May 16 15:07:14 mobounya kernel: [    0.121512] pid_max: default: 32768 minimum: 301
May 16 15:07:14 mobounya kernel: [    0.121694] LSM: Security Framework initializing
May 16 15:07:14 mobounya kernel: [    0.121866] SELinux:  Initializing.
May 16 15:07:14 mobounya kernel: [    0.122030] Mount-cache hash table entries: 16384 (order: 5, 131072 bytes, linear)
May 16 15:07:14 mobounya kernel: [    0.122099] Mountpoint-cache hash table entries: 16384 (order: 5, 131072 bytes, linear)
May 16 15:07:14 mobounya kernel: [    0.122099] process: using mwait in idle threads
May 16 15:07:14 mobounya kernel: [    0.122099] Last level iTLB entries: 4KB 0, 2MB 0, 4MB 0
May 16 15:07:14 mobounya kernel: [    0.122099] Last level dTLB entries: 4KB 0, 2MB 0, 4MB 0, 1GB 0
May 16 15:07:14 mobounya kernel: [    0.122099] Spectre V1 : Mitigation: usercopy/swapgs barriers and __user pointer sanitization
May 16 15:07:14 mobounya kernel: [    0.122099] Spectre V2 : Mitigation: Full generic retpoline
May 16 15:07:14 mobounya kernel: [    0.122099] Spectre V2 : Spectre v2 / SpectreRSB mitigation: Filling RSB on context switch
May 16 15:07:14 mobounya kernel: [    0.122099] Speculative Store Bypass: Vulnerable
May 16 15:07:14 mobounya kernel: [    0.122099] MDS: Mitigation: Clear CPU buffers
May 16 15:07:14 mobounya kernel: [    0.130657] Freeing SMP alternatives memory: 44K
May 16 15:07:14 mobounya kernel: [    0.230628] smpboot: CPU0: Intel(R) Core(TM) i7-1065G7 CPU @ 1.30GHz (family: 0x6, model: 0x7e, stepping: 0x5)
May 16 15:07:14 mobounya kernel: [    0.231099] Performance Events: unsupported p6 CPU model 126 no PMU driver, software events only.
May 16 15:07:14 mobounya kernel: [    0.231118] rcu: Hierarchical SRCU implementation.
May 16 15:07:14 mobounya kernel: [    0.231672] smp: Bringing up secondary CPUs ...
May 16 15:07:14 mobounya kernel: [    0.231937] smp: Brought up 1 node, 1 CPU
May 16 15:07:14 mobounya kernel: [    0.232099] smpboot: Max logical packages: 1
May 16 15:07:14 mobounya kernel: [    0.232099] smpboot: Total of 1 processors activated (3006.74 BogoMIPS)
May 16 15:07:14 mobounya kernel: [    0.232099] devtmpfs: initialized
May 16 15:07:14 mobounya kernel: [    0.232099] clocksource: jiffies: mask: 0xffffffff max_cycles: 0xffffffff, max_idle_ns: 1911260446275000 ns
May 16 15:07:14 mobounya kernel: [    0.232099] futex hash table entries: 256 (order: 2, 16384 bytes, linear)
May 16 15:07:14 mobounya kernel: [    0.232551] PM: RTC time: 14:07:10, date: 2022-05-16
May 16 15:07:14 mobounya kernel: [    0.233151] NET: Registered PF_NETLINK/PF_ROUTE protocol family
May 16 15:07:14 mobounya kernel: [    0.233403] audit: initializing netlink subsys (disabled)
May 16 15:07:14 mobounya kernel: [    0.233667] thermal_sys: Registered thermal governor 'step_wise'
May 16 15:07:14 mobounya kernel: [    0.233668] thermal_sys: Registered thermal governor 'user_space'
May 16 15:07:14 mobounya kernel: [    0.233882] audit: type=2000 audit(1652710030.118:1): state=initialized audit_enabled=0 res=1
May 16 15:07:14 mobounya kernel: [    0.234099] cpuidle: using governor menu
May 16 15:07:14 mobounya kernel: [    0.234099] PCI: Using configuration type 1 for base access
May 16 15:07:14 mobounya kernel: [    0.236308] kprobes: kprobe jump-optimization is enabled. All kprobes are optimized if possible.
May 16 15:07:14 mobounya kernel: [    0.236678] HugeTLB registered 2.00 MiB page size, pre-allocated 0 pages
May 16 15:07:14 mobounya kernel: [    0.236969] ACPI: Added _OSI(Module Device)
May 16 15:07:14 mobounya kernel: [    0.237099] ACPI: Added _OSI(Processor Device)
May 16 15:07:14 mobounya kernel: [    0.237099] ACPI: Added _OSI(3.0 _SCP Extensions)
May 16 15:07:14 mobounya kernel: [    0.237099] ACPI: Added _OSI(Processor Aggregator Device)
May 16 15:07:14 mobounya kernel: [    0.237099] ACPI: Added _OSI(Linux-Dell-Video)
May 16 15:07:14 mobounya kernel: [    0.237099] ACPI: Added _OSI(Linux-Lenovo-NV-HDMI-Audio)
May 16 15:07:14 mobounya kernel: [    0.237099] ACPI: Added _OSI(Linux-HPI-Hybrid-Graphics)
May 16 15:07:14 mobounya kernel: [    0.239654] ACPI: 2 ACPI AML tables successfully acquired and loaded
May 16 15:07:14 mobounya kernel: [    0.240710] ACPI: Interpreter enabled
May 16 15:07:14 mobounya kernel: [    0.240871] ACPI: PM: (supports S0 S5)
May 16 15:07:14 mobounya kernel: [    0.241027] ACPI: Using IOAPIC for interrupt routing
May 16 15:07:14 mobounya kernel: [    0.241099] PCI: Using host bridge windows from ACPI; if necessary, use "pci=nocrs" and report a bug
May 16 15:07:14 mobounya kernel: [    0.241099] ACPI: Enabled 2 GPEs in block 00 to 07
May 16 15:07:14 mobounya kernel: [    0.244486] ACPI: PCI Root Bridge [PCI0] (domain 0000 [bus 00-ff])
May 16 15:07:14 mobounya kernel: [    0.244695] acpi PNP0A03:00: _OSC: OS supports [ASPM ClockPM Segments MSI HPX-Type3]
May 16 15:07:14 mobounya kernel: [    0.244962] acpi PNP0A03:00: _OSC: not requesting OS control; OS requires [ExtendedConfig ASPM ClockPM MSI]
May 16 15:07:14 mobounya kernel: [    0.245099] acpi PNP0A03:00: fail to add MMCONFIG information, can't access extended PCI configuration space under this bridge.
May 16 15:07:14 mobounya kernel: [    0.245099] PCI host bridge to bus 0000:00
May 16 15:07:14 mobounya kernel: [    0.245274] pci_bus 0000:00: root bus resource [io  0x0000-0x0cf7 window]
May 16 15:07:14 mobounya kernel: [    0.246195] pci_bus 0000:00: root bus resource [io  0x0d00-0xffff window]
May 16 15:07:14 mobounya kernel: [    0.246438] pci_bus 0000:00: root bus resource [mem 0x000a0000-0x000bffff window]
May 16 15:07:14 mobounya kernel: [    0.246718] pci_bus 0000:00: root bus resource [mem 0xe0000000-0xfdffffff window]
May 16 15:07:14 mobounya kernel: [    0.247099] pci_bus 0000:00: root bus resource [bus 00-ff]
May 16 15:07:14 mobounya kernel: [    0.247502] pci 0000:00:00.0: [8086:1237] type 00 class 0x060000
May 16 15:07:14 mobounya kernel: [    0.248050] pci 0000:00:01.0: [8086:7000] type 00 class 0x060100
May 16 15:07:14 mobounya kernel: [    0.248362] pci 0000:00:01.1: [8086:7111] type 00 class 0x01018a
May 16 15:07:14 mobounya kernel: [    0.248918] pci 0000:00:01.1: reg 0x20: [io  0xd000-0xd00f]
May 16 15:07:14 mobounya kernel: [    0.249099] pci 0000:00:01.1: legacy IDE quirk: reg 0x10: [io  0x01f0-0x01f7]
May 16 15:07:14 mobounya kernel: [    0.249196] pci 0000:00:01.1: legacy IDE quirk: reg 0x14: [io  0x03f6]
May 16 15:07:14 mobounya kernel: [    0.249402] pci 0000:00:01.1: legacy IDE quirk: reg 0x18: [io  0x0170-0x0177]
May 16 15:07:14 mobounya kernel: [    0.249621] pci 0000:00:01.1: legacy IDE quirk: reg 0x1c: [io  0x0376]
May 16 15:07:14 mobounya kernel: [    0.250180] pci 0000:00:02.0: [15ad:0405] type 00 class 0x030000
May 16 15:07:14 mobounya kernel: [    0.254252] pci 0000:00:02.0: reg 0x10: [io  0xd010-0xd01f]
May 16 15:07:14 mobounya kernel: [    0.257498] pci 0000:00:02.0: reg 0x14: [mem 0xe0000000-0xe0ffffff pref]
May 16 15:07:14 mobounya kernel: [    0.260099] pci 0000:00:02.0: reg 0x18: [mem 0xf0000000-0xf01fffff]
May 16 15:07:14 mobounya kernel: [    0.272178] pci 0000:00:02.0: Video device with shadowed ROM at [mem 0x000c0000-0x000dffff]
May 16 15:07:14 mobounya kernel: [    0.272641] pci 0000:00:03.0: [8086:100e] type 00 class 0x020000
May 16 15:07:14 mobounya kernel: [    0.276945] pci 0000:00:03.0: reg 0x10: [mem 0xf0200000-0xf021ffff]
May 16 15:07:14 mobounya kernel: [    0.285636] pci 0000:00:03.0: reg 0x18: [io  0xd020-0xd027]
May 16 15:07:14 mobounya kernel: [    0.299508] pci 0000:00:04.0: [80ee:cafe] type 00 class 0x088000
May 16 15:07:14 mobounya kernel: [    0.303562] pci 0000:00:04.0: reg 0x10: [io  0xd040-0xd05f]
May 16 15:07:14 mobounya kernel: [    0.305099] pci 0000:00:04.0: reg 0x14: [mem 0xf0400000-0xf07fffff]
May 16 15:07:14 mobounya kernel: [    0.309905] pci 0000:00:04.0: reg 0x18: [mem 0xf0800000-0xf0803fff pref]
May 16 15:07:14 mobounya kernel: [    0.323975] pci 0000:00:05.0: [8086:2415] type 00 class 0x040100
May 16 15:07:14 mobounya kernel: [    0.324172] pci 0000:00:05.0: reg 0x10: [io  0xd100-0xd1ff]
May 16 15:07:14 mobounya kernel: [    0.324401] pci 0000:00:05.0: reg 0x14: [io  0xd200-0xd23f]
May 16 15:07:14 mobounya kernel: [    0.324912] pci 0000:00:06.0: [106b:003f] type 00 class 0x0c0310
May 16 15:07:14 mobounya kernel: [    0.327511] pci 0000:00:06.0: reg 0x10: [mem 0xf0804000-0xf0804fff]
May 16 15:07:14 mobounya kernel: [    0.350168] pci 0000:00:07.0: [8086:7113] type 00 class 0x068000
May 16 15:07:14 mobounya kernel: [    0.350723] pci 0000:00:07.0: quirk: [io  0x4000-0x403f] claimed by PIIX4 ACPI
May 16 15:07:14 mobounya kernel: [    0.350982] pci 0000:00:07.0: quirk: [io  0x4100-0x410f] claimed by PIIX4 SMB
May 16 15:07:14 mobounya kernel: [    0.351168] pci 0000:00:0d.0: [8086:2829] type 00 class 0x010601
May 16 15:07:14 mobounya kernel: [    0.353742] pci 0000:00:0d.0: reg 0x10: [io  0xd240-0xd247]
May 16 15:07:14 mobounya kernel: [    0.356957] pci 0000:00:0d.0: reg 0x14: [io  0xd248-0xd24b]
May 16 15:07:14 mobounya kernel: [    0.360790] pci 0000:00:0d.0: reg 0x18: [io  0xd250-0xd257]
May 16 15:07:14 mobounya kernel: [    0.366127] pci 0000:00:0d.0: reg 0x1c: [io  0xd258-0xd25b]
May 16 15:07:14 mobounya kernel: [    0.372725] pci 0000:00:0d.0: reg 0x20: [io  0xd260-0xd26f]
May 16 15:07:14 mobounya kernel: [    0.374882] pci 0000:00:0d.0: reg 0x24: [mem 0xf0806000-0xf0807fff]
May 16 15:07:14 mobounya kernel: [    0.379020] ACPI: PCI: Interrupt link LNKA configured for IRQ 11
May 16 15:07:14 mobounya kernel: [    0.379099] ACPI: PCI: Interrupt link LNKB configured for IRQ 10
May 16 15:07:14 mobounya kernel: [    0.379241] ACPI: PCI: Interrupt link LNKC configured for IRQ 9
May 16 15:07:14 mobounya kernel: [    0.379482] ACPI: PCI: Interrupt link LNKD configured for IRQ 11
May 16 15:07:14 mobounya kernel: [    0.379789] iommu: Default domain type: Translated 
May 16 15:07:14 mobounya kernel: [    0.379972] iommu: DMA domain TLB invalidation policy: lazy mode 
May 16 15:07:14 mobounya kernel: [    0.380099] pci 0000:00:02.0: vgaarb: setting as boot VGA device
May 16 15:07:14 mobounya kernel: [    0.380099] pci 0000:00:02.0: vgaarb: VGA device added: decodes=io+mem,owns=io+mem,locks=none
May 16 15:07:14 mobounya kernel: [    0.380103] pci 0000:00:02.0: vgaarb: bridge control possible
May 16 15:07:14 mobounya kernel: [    0.380299] vgaarb: loaded
May 16 15:07:14 mobounya kernel: [    0.380526] SCSI subsystem initialized
May 16 15:07:14 mobounya kernel: [    0.380731] libata version 3.00 loaded.
May 16 15:07:14 mobounya kernel: [    0.380761] ACPI: bus type USB registered
May 16 15:07:14 mobounya kernel: [    0.380935] usbcore: registered new interface driver usbfs
May 16 15:07:14 mobounya kernel: [    0.381099] usbcore: registered new interface driver hub
May 16 15:07:14 mobounya kernel: [    0.381099] usbcore: registered new device driver usb
May 16 15:07:14 mobounya kernel: [    0.381099] pps_core: LinuxPPS API ver. 1 registered
May 16 15:07:14 mobounya kernel: [    0.381099] pps_core: Software ver. 5.3.6 - Copyright 2005-2007 Rodolfo Giometti <giometti@linux.it>
May 16 15:07:14 mobounya kernel: [    0.381099] PTP clock support registered
May 16 15:07:14 mobounya kernel: [    0.381099] Advanced Linux Sound Architecture Driver Initialized.
May 16 15:07:14 mobounya kernel: [    0.381099] NetLabel: Initializing
May 16 15:07:14 mobounya kernel: [    0.381099] NetLabel:  domain hash size = 128
May 16 15:07:14 mobounya kernel: [    0.381099] NetLabel:  protocols = UNLABELED CIPSOv4 CALIPSO
May 16 15:07:14 mobounya kernel: [    0.385320] NetLabel:  unlabeled traffic allowed by default
May 16 15:07:14 mobounya kernel: [    0.385543] PCI: Using ACPI for IRQ routing
May 16 15:07:14 mobounya kernel: [    0.385690] PCI: pci_cache_line_size set to 64 bytes
May 16 15:07:14 mobounya kernel: [    0.385824] e820: reserve RAM buffer [mem 0x0009fc00-0x0009ffff]
May 16 15:07:14 mobounya kernel: [    0.385831] e820: reserve RAM buffer [mem 0xdfff0000-0xdfffffff]
May 16 15:07:14 mobounya kernel: [    0.385938] clocksource: Switched to clocksource tsc-early
May 16 15:07:14 mobounya kernel: [    0.395375] VFS: Disk quotas dquot_6.6.0
May 16 15:07:14 mobounya kernel: [    0.395630] VFS: Dquot-cache hash table entries: 512 (order 0, 4096 bytes)
May 16 15:07:14 mobounya kernel: [    0.395901] pnp: PnP ACPI init
May 16 15:07:14 mobounya kernel: [    0.396535] pnp: PnP ACPI: found 2 devices
May 16 15:07:14 mobounya kernel: [    0.472388] clocksource: acpi_pm: mask: 0xffffff max_cycles: 0xffffff, max_idle_ns: 2085701024 ns
May 16 15:07:14 mobounya kernel: [    0.472829] NET: Registered PF_INET protocol family
May 16 15:07:14 mobounya kernel: [    0.473241] IP idents hash table entries: 131072 (order: 8, 1048576 bytes, linear)
May 16 15:07:14 mobounya kernel: [    0.474110] tcp_listen_portaddr_hash hash table entries: 4096 (order: 4, 65536 bytes, linear)
May 16 15:07:14 mobounya kernel: [    0.474264] TCP established hash table entries: 65536 (order: 7, 524288 bytes, linear)
May 16 15:07:14 mobounya kernel: [    0.474658] TCP bind hash table entries: 65536 (order: 8, 1048576 bytes, linear)
May 16 15:07:14 mobounya kernel: [    0.475352] TCP: Hash tables configured (established 65536 bind 65536)
May 16 15:07:14 mobounya kernel: [    0.475609] UDP hash table entries: 4096 (order: 5, 131072 bytes, linear)
May 16 15:07:14 mobounya kernel: [    0.475836] UDP-Lite hash table entries: 4096 (order: 5, 131072 bytes, linear)
May 16 15:07:14 mobounya kernel: [    0.476133] NET: Registered PF_UNIX/PF_LOCAL protocol family
May 16 15:07:14 mobounya kernel: [    0.476280] RPC: Registered named UNIX socket transport module.
May 16 15:07:14 mobounya kernel: [    0.476280] RPC: Registered udp transport module.
May 16 15:07:14 mobounya kernel: [    0.476280] RPC: Registered tcp transport module.
May 16 15:07:14 mobounya kernel: [    0.476280] RPC: Registered tcp NFSv4.1 backchannel transport module.
May 16 15:07:14 mobounya kernel: [    0.476280] pci_bus 0000:00: resource 4 [io  0x0000-0x0cf7 window]
May 16 15:07:14 mobounya kernel: [    0.476280] pci_bus 0000:00: resource 5 [io  0x0d00-0xffff window]
May 16 15:07:14 mobounya kernel: [    0.476280] pci_bus 0000:00: resource 6 [mem 0x000a0000-0x000bffff window]
May 16 15:07:14 mobounya kernel: [    0.476280] pci_bus 0000:00: resource 7 [mem 0xe0000000-0xfdffffff window]
May 16 15:07:14 mobounya kernel: [    0.478725] pci 0000:00:00.0: Limiting direct PCI/PCI transfers
May 16 15:07:14 mobounya kernel: [    0.478916] pci 0000:00:01.0: Activating ISA DMA hang workarounds
May 16 15:07:14 mobounya kernel: [    0.480005] PCI: CLS 0 bytes, default 64
May 16 15:07:14 mobounya kernel: [    0.480184] PCI-DMA: Using software bounce buffering for IO (SWIOTLB)
May 16 15:07:14 mobounya kernel: [    0.480260] software IO TLB: mapped [mem 0x00000000dbff0000-0x00000000dfff0000] (64MB)
May 16 15:07:14 mobounya kernel: [    0.480260] RAPL PMU: API unit is 2^-32 Joules, 0 fixed counters, 10737418240 ms ovfl timer
May 16 15:07:14 mobounya kernel: [    0.480972] platform rtc_cmos: registered platform RTC device (no PNP device found)
May 16 15:07:14 mobounya kernel: [    0.480973] Initialise system trusted keyrings
May 16 15:07:14 mobounya kernel: [    0.481008] workingset: timestamp_bits=56 max_order=21 bucket_order=0
May 16 15:07:14 mobounya kernel: [    0.483486] NFS: Registering the id_resolver key type
May 16 15:07:14 mobounya kernel: [    0.483678] Key type id_resolver registered
May 16 15:07:14 mobounya kernel: [    0.483835] Key type id_legacy registered
May 16 15:07:14 mobounya kernel: [    0.484715] jitterentropy: Initialization failed with host not compliant with requirements: 10
May 16 15:07:14 mobounya kernel: [    0.484829] Key type asymmetric registered
May 16 15:07:14 mobounya kernel: [    0.485035] Asymmetric key parser 'x509' registered
May 16 15:07:14 mobounya kernel: [    0.485260] Block layer SCSI generic (bsg) driver version 0.4 loaded (major 251)
May 16 15:07:14 mobounya kernel: [    0.485514] io scheduler mq-deadline registered
May 16 15:07:14 mobounya kernel: [    0.485676] io scheduler kyber registered
May 16 15:07:14 mobounya kernel: [    0.486195] ACPI: AC: AC Adapter [AC] (off-line)
May 16 15:07:14 mobounya kernel: [    0.486527] input: Power Button as /devices/LNXSYSTM:00/LNXPWRBN:00/input/input0
May 16 15:07:14 mobounya kernel: [    0.486887] ACPI: button: Power Button [PWRF]
May 16 15:07:14 mobounya kernel: [    0.487096] input: Sleep Button as /devices/LNXSYSTM:00/LNXSLPBN:00/input/input1
May 16 15:07:14 mobounya kernel: [    0.487260] ACPI: button: Sleep Button [SLPF]
May 16 15:07:14 mobounya kernel: [    0.487456] ACPI: video: Video Device [GFX0] (multi-head: yes  rom: no  post: no)
May 16 15:07:14 mobounya kernel: [    0.487846] input: Video Bus as /devices/LNXSYSTM:00/LNXSYBUS:00/PNP0A03:00/LNXVIDEO:00/input/input2
May 16 15:07:14 mobounya kernel: [    0.488550] ACPI: battery: Slot [BAT0] (battery present)
May 16 15:07:14 mobounya kernel: [    0.488758] Serial: 8250/16550 driver, 4 ports, IRQ sharing enabled
May 16 15:07:14 mobounya kernel: [    0.489162] Non-volatile memory driver v1.3
May 16 15:07:14 mobounya kernel: [    0.489259] Linux agpgart interface v0.103
May 16 15:07:14 mobounya kernel: [    0.489538] ACPI: bus type drm_connector registered
May 16 15:07:14 mobounya kernel: [    0.490404] loop: module loaded
May 16 15:07:14 mobounya kernel: [    0.490598] ahci 0000:00:0d.0: version 3.0
May 16 15:07:14 mobounya kernel: [    0.491038] ahci 0000:00:0d.0: SSS flag set, parallel bus scan disabled
May 16 15:07:14 mobounya kernel: [    0.497970] ahci 0000:00:0d.0: AHCI 0001.0100 32 slots 1 ports 3 Gbps 0x1 impl SATA mode
May 16 15:07:14 mobounya kernel: [    0.498331] ahci 0000:00:0d.0: flags: 64bit ncq stag only ccc 
May 16 15:07:14 mobounya kernel: [    0.498702] scsi host0: ahci
May 16 15:07:14 mobounya kernel: [    0.498782] ata1: SATA max UDMA/133 abar m8192@0xf0806000 port 0xf0806100 irq 21
May 16 15:07:14 mobounya kernel: [    0.499058] ata_piix 0000:00:01.1: version 2.13
May 16 15:07:14 mobounya kernel: [    0.499413] scsi host1: ata_piix
May 16 15:07:14 mobounya kernel: [    0.499598] scsi host2: ata_piix
May 16 15:07:14 mobounya kernel: [    0.499754] ata2: PATA max UDMA/33 cmd 0x1f0 ctl 0x3f6 bmdma 0xd000 irq 14
May 16 15:07:14 mobounya kernel: [    0.499966] ata3: PATA max UDMA/33 cmd 0x170 ctl 0x376 bmdma 0xd008 irq 15
May 16 15:07:14 mobounya kernel: [    0.500287] e100: Intel(R) PRO/100 Network Driver
May 16 15:07:14 mobounya kernel: [    0.500287] e100: Copyright(c) 1999-2006 Intel Corporation
May 16 15:07:14 mobounya kernel: [    0.500287] e1000: Intel(R) PRO/1000 Network Driver
May 16 15:07:14 mobounya kernel: [    0.500287] e1000: Copyright (c) 1999-2006 Intel Corporation.
May 16 15:07:14 mobounya kernel: [    0.662579] ata2.00: ATAPI: VBOX CD-ROM, 1.0, max UDMA/133
May 16 15:07:14 mobounya kernel: [    0.663121] ata3.00: ATAPI: VBOX CD-ROM, 1.0, max UDMA/133
May 16 15:07:14 mobounya kernel: [    0.814330] ata1: SATA link up 3.0 Gbps (SStatus 123 SControl 300)
May 16 15:07:14 mobounya kernel: [    0.814638] ata1.00: ATA-6: VBOX HARDDISK, 1.0, max UDMA/133
May 16 15:07:14 mobounya kernel: [    0.814813] ata1.00: 167772160 sectors, multi 128: LBA48 NCQ (depth 32)
May 16 15:07:14 mobounya kernel: [    0.815090] ata1.00: configured for UDMA/133
May 16 15:07:14 mobounya kernel: [    0.815387] scsi 0:0:0:0: Direct-Access     ATA      VBOX HARDDISK    1.0  PQ: 0 ANSI: 5
May 16 15:07:14 mobounya kernel: [    0.815739] sd 0:0:0:0: [sda] 167772160 512-byte logical blocks: (85.9 GB/80.0 GiB)
May 16 15:07:14 mobounya kernel: [    0.816387] sd 0:0:0:0: Attached scsi generic sg0 type 0
May 16 15:07:14 mobounya kernel: [    0.817277] sd 0:0:0:0: [sda] Write Protect is off
May 16 15:07:14 mobounya kernel: [    0.817514] sd 0:0:0:0: [sda] Mode Sense: 00 3a 00 00
May 16 15:07:14 mobounya kernel: [    0.817528] scsi 1:0:0:0: CD-ROM            VBOX     CD-ROM           1.0  PQ: 0 ANSI: 5
May 16 15:07:14 mobounya kernel: [    0.817922] sd 0:0:0:0: [sda] Write cache: enabled, read cache: enabled, doesn't support DPO or FUA
May 16 15:07:14 mobounya kernel: [    0.818597] sr 1:0:0:0: [sr0] scsi3-mmc drive: 32x/32x xa/form2 tray
May 16 15:07:14 mobounya kernel: [    0.818801] cdrom: Uniform CD-ROM driver Revision: 3.20
May 16 15:07:14 mobounya kernel: [    0.820449] sr 1:0:0:0: Attached scsi CD-ROM sr0
May 16 15:07:14 mobounya kernel: [    0.820558] sr 1:0:0:0: Attached scsi generic sg1 type 5
May 16 15:07:14 mobounya kernel: [    0.820958] scsi 2:0:0:0: CD-ROM            VBOX     CD-ROM           1.0  PQ: 0 ANSI: 5
May 16 15:07:14 mobounya kernel: [    0.839702] e1000 0000:00:03.0 eth0: (PCI:33MHz:32-bit) 08:00:27:e7:2f:08
May 16 15:07:14 mobounya kernel: [    0.839961] e1000 0000:00:03.0 eth0: Intel(R) PRO/1000 Network Connection
May 16 15:07:14 mobounya kernel: [    0.840302] e1000e: Intel(R) PRO/1000 Network Driver
May 16 15:07:14 mobounya kernel: [    0.840479] e1000e: Copyright(c) 1999 - 2015 Intel Corporation.
May 16 15:07:14 mobounya kernel: [    0.840479] sky2: driver version 1.30
May 16 15:07:14 mobounya kernel: [    0.842662] sr 2:0:0:0: [sr1] scsi3-mmc drive: 32x/32x xa/form2 tray
May 16 15:07:14 mobounya kernel: [    0.843068]  sda: sda1 sda2 sda3 sda4 sda5 sda6
May 16 15:07:14 mobounya kernel: [    0.843459] sd 0:0:0:0: [sda] Attached SCSI disk
May 16 15:07:14 mobounya kernel: [    0.843577] ehci_hcd: USB 2.0 'Enhanced' Host Controller (EHCI) Driver
May 16 15:07:14 mobounya kernel: [    0.843800] ehci-pci: EHCI PCI platform driver
May 16 15:07:14 mobounya kernel: [    0.844013] ohci_hcd: USB 1.1 'Open' Host Controller (OHCI) Driver
May 16 15:07:14 mobounya kernel: [    0.844218] ohci-pci: OHCI PCI platform driver
May 16 15:07:14 mobounya kernel: [    0.845247] ohci-pci 0000:00:06.0: OHCI PCI host controller
May 16 15:07:14 mobounya kernel: [    0.845476] ohci-pci 0000:00:06.0: new USB bus registered, assigned bus number 1
May 16 15:07:14 mobounya kernel: [    0.845895] ohci-pci 0000:00:06.0: irq 22, io mem 0xf0804000
May 16 15:07:14 mobounya kernel: [    0.856607] sr 2:0:0:0: Attached scsi CD-ROM sr1
May 16 15:07:14 mobounya kernel: [    0.856772] sr 2:0:0:0: Attached scsi generic sg2 type 5
May 16 15:07:14 mobounya kernel: [    0.904821] usb usb1: New USB device found, idVendor=1d6b, idProduct=0001, bcdDevice= 5.16
May 16 15:07:14 mobounya kernel: [    0.905114] usb usb1: New USB device strings: Mfr=3, Product=2, SerialNumber=1
May 16 15:07:14 mobounya kernel: [    0.905271] usb usb1: Product: OHCI PCI host controller
May 16 15:07:14 mobounya kernel: [    0.905271] usb usb1: Manufacturer: Linux 5.16.9-mobounya ohci_hcd
May 16 15:07:14 mobounya kernel: [    0.905271] usb usb1: SerialNumber: 0000:00:06.0
May 16 15:07:14 mobounya kernel: [    0.905271] hub 1-0:1.0: USB hub found
May 16 15:07:14 mobounya kernel: [    0.905271] hub 1-0:1.0: 12 ports detected
May 16 15:07:14 mobounya kernel: [    0.907509] uhci_hcd: USB Universal Host Controller Interface driver
May 16 15:07:14 mobounya kernel: [    0.907760] usbcore: registered new interface driver usblp
May 16 15:07:14 mobounya kernel: [    0.907953] usbcore: registered new interface driver usb-storage
May 16 15:07:14 mobounya kernel: [    0.908174] i8042: PNP: PS/2 Controller [PNP0303:PS2K,PNP0f03:PS2M] at 0x60,0x64 irq 1,12
May 16 15:07:14 mobounya kernel: [    0.908860] serio: i8042 KBD port at 0x60,0x64 irq 1
May 16 15:07:14 mobounya kernel: [    0.909043] serio: i8042 AUX port at 0x60,0x64 irq 12
May 16 15:07:14 mobounya kernel: [    0.909959] input: AT Translated Set 2 keyboard as /devices/platform/i8042/serio0/input/input3
May 16 15:07:14 mobounya kernel: [    0.911212] rtc_cmos rtc_cmos: registered as rtc0
May 16 15:07:14 mobounya kernel: [    0.911241] rtc_cmos rtc_cmos: alarms up to one day, 114 bytes nvram
May 16 15:07:14 mobounya kernel: [    0.911241] device-mapper: ioctl: 4.45.0-ioctl (2021-03-22) initialised: dm-devel@redhat.com
May 16 15:07:14 mobounya kernel: [    0.911929] intel_pstate: CPU model not supported
May 16 15:07:14 mobounya kernel: [    0.912178] hid: raw HID events driver (C) Jiri Kosina
May 16 15:07:14 mobounya kernel: [    0.912323] usbcore: registered new interface driver usbhid
May 16 15:07:14 mobounya kernel: [    0.912510] usbhid: USB HID core driver
May 16 15:07:14 mobounya kernel: [    0.914113] Initializing XFRM netlink socket
May 16 15:07:14 mobounya kernel: [    0.914246] NET: Registered PF_INET6 protocol family
May 16 15:07:14 mobounya kernel: [    0.914537] Segment Routing with IPv6
May 16 15:07:14 mobounya kernel: [    0.914585] In-situ OAM (IOAM) with IPv6
May 16 15:07:14 mobounya kernel: [    0.914761] sit: IPv6, IPv4 and MPLS over IPv4 tunneling driver
May 16 15:07:14 mobounya kernel: [    0.915042] NET: Registered PF_PACKET protocol family
May 16 15:07:14 mobounya kernel: [    0.915236] Key type dns_resolver registered
May 16 15:07:14 mobounya kernel: [    0.915449] IPI shorthand broadcast: enabled
May 16 15:07:14 mobounya kernel: [    0.915535] sched_clock: Marking stable (884037666, 30497992)->(958979620, -44443962)
May 16 15:07:14 mobounya kernel: [    0.915934] registered taskstats version 1
May 16 15:07:14 mobounya kernel: [    0.916091] Loading compiled-in X.509 certificates
May 16 15:07:14 mobounya kernel: [    0.916208] cryptomgr_test (45) used greatest stack depth: 15696 bytes left
May 16 15:07:14 mobounya kernel: [    0.916249] cryptomgr_test (60) used greatest stack depth: 15664 bytes left
May 16 15:07:14 mobounya kernel: [    0.920388] PM:   Magic number: 6:744:131
May 16 15:07:14 mobounya kernel: [    0.920576] printk: console [netcon0] enabled
May 16 15:07:14 mobounya kernel: [    0.920740] netconsole: network logging started
May 16 15:07:14 mobounya kernel: [    0.920949] cfg80211: Loading compiled-in X.509 certificates for regulatory database
May 16 15:07:14 mobounya kernel: [    0.921333] kworker/u2:3 (66) used greatest stack depth: 14712 bytes left
May 16 15:07:14 mobounya kernel: [    0.921773] cfg80211: Loaded X.509 cert 'sforshee: 00b28ddf47aef9cea7'
May 16 15:07:14 mobounya kernel: [    0.922011] ALSA device list:
May 16 15:07:14 mobounya kernel: [    0.922147]   No soundcards found.
May 16 15:07:14 mobounya kernel: [    0.922354] platform regulatory.0: Direct firmware load for regulatory.db failed with error -2
May 16 15:07:14 mobounya kernel: [    0.922677] cfg80211: failed to load regulatory.db
May 16 15:07:14 mobounya kernel: [    1.114943] random: fast init done
May 16 15:07:14 mobounya kernel: [    1.116140] input: ImExPS/2 Generic Explorer Mouse as /devices/platform/i8042/serio1/input/input5
May 16 15:07:14 mobounya kernel: [    1.116629] md: Waiting for all devices to be available before autodetect
May 16 15:07:14 mobounya kernel: [    1.116629] md: If you don't use raid, use raid=noautodetect
May 16 15:07:14 mobounya kernel: [    1.116768] md: Autodetecting RAID arrays.
May 16 15:07:14 mobounya kernel: [    1.116987] md: autorun ...
May 16 15:07:14 mobounya kernel: [    1.117165] md: ... autorun DONE.
May 16 15:07:14 mobounya kernel: [    1.127877] EXT4-fs (sda6): INFO: recovery required on readonly filesystem
May 16 15:07:14 mobounya kernel: [    1.128104] EXT4-fs (sda6): write access will be enabled during recovery
May 16 15:07:14 mobounya kernel: [    1.129072] EXT4-fs (sda6): recovery complete
May 16 15:07:14 mobounya kernel: [    1.144032] EXT4-fs (sda6): mounted filesystem with ordered data mode. Opts: (null). Quota mode: none.
May 16 15:07:14 mobounya kernel: [    1.144509] VFS: Mounted root (ext4 filesystem) readonly on device 8:6.
May 16 15:07:14 mobounya kernel: [    1.146635] devtmpfs: mounted
May 16 15:07:14 mobounya kernel: [    1.147046] Freeing unused kernel image (initmem) memory: 1252K
May 16 15:07:14 mobounya kernel: [    1.147318] Write protecting the kernel read-only data: 24576k
May 16 15:07:14 mobounya kernel: [    1.147924] Freeing unused kernel image (text/rodata gap) memory: 2032K
May 16 15:07:14 mobounya kernel: [    1.148451] Freeing unused kernel image (rodata/data gap) memory: 1264K
May 16 15:07:14 mobounya kernel: [    1.148746] Run /sbin/init as init process
May 16 15:07:14 mobounya kernel: [    1.148953]   with arguments:
May 16 15:07:14 mobounya kernel: [    1.148954]     /sbin/init
May 16 15:07:14 mobounya kernel: [    1.148954]   with environment:
May 16 15:07:14 mobounya kernel: [    1.148955]     HOME=/
May 16 15:07:14 mobounya kernel: [    1.148955]     TERM=linux
May 16 15:07:14 mobounya kernel: [    1.148956]     BOOT_IMAGE=/vmlinuz-5.16.9-mobounya
May 16 15:07:14 mobounya kernel: [    1.174122] usb 1-1: new full-speed USB device number 2 using ohci-pci
May 16 15:07:14 mobounya kernel: [    1.207000] stty (76) used greatest stack depth: 13672 bytes left
May 16 15:07:14 mobounya kernel: [    1.219995] dmesg (77) used greatest stack depth: 13648 bytes left
May 16 15:07:14 mobounya kernel: [    1.319527] ip (128) used greatest stack depth: 12168 bytes left
May 16 15:07:14 mobounya kernel: <30>[    1.376184] udevd[153]: starting version 3.2.11
May 16 15:07:14 mobounya kernel: [    1.384060] random: udevd: uninitialized urandom read (16 bytes read)
May 16 15:07:14 mobounya kernel: [    1.384320] random: udevd: uninitialized urandom read (16 bytes read)
May 16 15:07:14 mobounya kernel: [    1.385110] random: udevd: uninitialized urandom read (16 bytes read)
May 16 15:07:14 mobounya kernel: <30>[    1.401993] udevd[154]: starting eudev-3.2.11
May 16 15:07:14 mobounya kernel: [    1.408649] usb 1-1: New USB device found, idVendor=80ee, idProduct=0021, bcdDevice= 1.00
May 16 15:07:14 mobounya kernel: [    1.408965] usb 1-1: New USB device strings: Mfr=1, Product=3, SerialNumber=0
May 16 15:07:14 mobounya kernel: [    1.409262] usb 1-1: Product: USB Tablet
May 16 15:07:14 mobounya kernel: [    1.409465] usb 1-1: Manufacturer: VirtualBox
May 16 15:07:14 mobounya kernel: [    1.420201] input: VirtualBox USB Tablet as /devices/pci0000:00/0000:00:06.0/usb1/1-1/1-1:1.0/0003:80EE:0021.0001/input/input6
May 16 15:07:14 mobounya kernel: [    1.420820] hid-generic 0003:80EE:0021.0001: input,hidraw0: USB HID v1.10 Mouse [VirtualBox USB Tablet] on usb-0000:00:06.0-1/input0
May 16 15:07:14 mobounya kernel: [    1.465255] e1000 0000:00:03.0 enp0s3: renamed from eth0
May 16 15:07:14 mobounya kernel: [    1.492541] tsc: Refined TSC clocksource calibration: 1496.576 MHz
May 16 15:07:14 mobounya kernel: [    1.492724] clocksource: tsc: mask: 0xffffffffffffffff max_cycles: 0x1592801a4ff, max_idle_ns: 440795202126 ns
May 16 15:07:14 mobounya kernel: [    1.493088] clocksource: Switched to clocksource tsc
May 16 15:07:14 mobounya kernel: [    2.529981] Adding 7812092k swap on /dev/sda2.  Priority:1 extents:1 across:7812092k 
May 16 15:07:14 mobounya kernel: [    2.546605] EXT4-fs (sda6): re-mounted. Opts: (null). Quota mode: none.
May 16 15:07:14 mobounya kernel: [    2.599703] EXT4-fs (sda6): re-mounted. Opts: (null). Quota mode: none.
May 16 15:07:14 mobounya kernel: [    2.622076] EXT4-fs (sda1): recovery complete
May 16 15:07:14 mobounya kernel: [    2.622331] EXT4-fs (sda1): mounted filesystem with ordered data mode. Opts: (null). Quota mode: none.
May 16 15:07:14 mobounya kernel: [    3.528121] random: crng init done
May 16 15:07:14 mobounya kernel: [    3.528258] random: 3 urandom warning(s) missed due to ratelimiting
May 16 15:07:14 mobounya kernel: [    3.789678] e1000: enp0s3 NIC Link is Up 1000 Mbps Full Duplex, Flow Control: RX
May 16 15:07:14 mobounya kernel: [    3.790314] IPv6: ADDRCONF(NETDEV_CHANGE): enp0s3: link becomes ready
May 17 14:01:07 mobounya kernel: klogd 1.5.1, log source = /proc/kmsg started.
May 17 14:01:07 mobounya kernel: Cannot find map file.
May 17 14:01:07 mobounya kernel: Loaded 125948 symbols from 1 module.
May 17 14:01:07 mobounya kernel: [    0.000000] Linux version 5.16.9-mobounya (root@mobounya) (gcc (GCC) 11.2.0, GNU ld (GNU Binutils) 2.38) #1 SMP PREEMPT Sun May 15 11:39:17 +01 2022
May 17 14:01:07 mobounya kernel: [    0.000000] Command line: BOOT_IMAGE=/vmlinuz-5.16.9-mobounya root=/dev/sda6 ro
May 17 14:01:07 mobounya kernel: [    0.000000] x86/fpu: Supporting XSAVE feature 0x001: 'x87 floating point registers'
May 17 14:01:07 mobounya kernel: [    0.000000] x86/fpu: Supporting XSAVE feature 0x002: 'SSE registers'
May 17 14:01:07 mobounya kernel: [    0.000000] x86/fpu: Supporting XSAVE feature 0x004: 'AVX registers'
May 17 14:01:07 mobounya kernel: [    0.000000] x86/fpu: xstate_offset[2]:  576, xstate_sizes[2]:  256
May 17 14:01:07 mobounya kernel: [    0.000000] x86/fpu: Enabled xstate features 0x7, context size is 832 bytes, using 'standard' format.
May 17 14:01:07 mobounya kernel: [    0.000000] signal: max sigframe size: 1776
May 17 14:01:07 mobounya kernel: [    0.000000] BIOS-provided physical RAM map:
May 17 14:01:07 mobounya kernel: [    0.000000] BIOS-e820: [mem 0x0000000000000000-0x000000000009fbff] usable
May 17 14:01:07 mobounya kernel: [    0.000000] BIOS-e820: [mem 0x000000000009fc00-0x000000000009ffff] reserved
May 17 14:01:07 mobounya kernel: [    0.000000] BIOS-e820: [mem 0x00000000000f0000-0x00000000000fffff] reserved
May 17 14:01:07 mobounya kernel: [    0.000000] BIOS-e820: [mem 0x0000000000100000-0x00000000dffeffff] usable
May 17 14:01:07 mobounya kernel: [    0.000000] BIOS-e820: [mem 0x00000000dfff0000-0x00000000dfffffff] ACPI data
May 17 14:01:07 mobounya kernel: [    0.000000] BIOS-e820: [mem 0x00000000fec00000-0x00000000fec00fff] reserved
May 17 14:01:07 mobounya kernel: [    0.000000] BIOS-e820: [mem 0x00000000fee00000-0x00000000fee00fff] reserved
May 17 14:01:07 mobounya kernel: [    0.000000] BIOS-e820: [mem 0x00000000fffc0000-0x00000000ffffffff] reserved
May 17 14:01:07 mobounya kernel: [    0.000000] BIOS-e820: [mem 0x0000000100000000-0x000000021fffffff] usable
May 17 14:01:07 mobounya kernel: [    0.000000] NX (Execute Disable) protection: active
May 17 14:01:07 mobounya kernel: [    0.000000] SMBIOS 2.5 present.
May 17 14:01:07 mobounya kernel: [    0.000000] DMI: innotek GmbH VirtualBox/VirtualBox, BIOS VirtualBox 12/01/2006
May 17 14:01:07 mobounya kernel: [    0.000000] tsc: Fast TSC calibration using PIT
May 17 14:01:07 mobounya kernel: [    0.000000] tsc: Detected 1498.797 MHz processor
May 17 14:01:07 mobounya kernel: [    0.000612] e820: update [mem 0x00000000-0x00000fff] usable ==> reserved
May 17 14:01:07 mobounya kernel: [    0.000615] e820: remove [mem 0x000a0000-0x000fffff] usable
May 17 14:01:07 mobounya kernel: [    0.000617] last_pfn = 0x220000 max_arch_pfn = 0x400000000
May 17 14:01:07 mobounya kernel: [    0.000625] Disabled
May 17 14:01:07 mobounya kernel: [    0.000626] x86/PAT: MTRRs disabled, skipping PAT initialization too.
May 17 14:01:07 mobounya kernel: [    0.000628] CPU MTRRs all blank - virtualized system.
May 17 14:01:07 mobounya kernel: [    0.000630] x86/PAT: Configuration [0-7]: WB  WT  UC- UC  WB  WT  UC- UC  
May 17 14:01:07 mobounya kernel: [    0.000631] last_pfn = 0xdfff0 max_arch_pfn = 0x400000000
May 17 14:01:07 mobounya kernel: [    0.000674] found SMP MP-table at [mem 0x0009fff0-0x0009ffff]
May 17 14:01:07 mobounya kernel: [    0.001251] ACPI: Early table checksum verification disabled
May 17 14:01:07 mobounya kernel: [    0.001255] ACPI: RSDP 0x00000000000E0000 000024 (v02 VBOX  )
May 17 14:01:07 mobounya kernel: [    0.001259] ACPI: XSDT 0x00000000DFFF0030 00003C (v01 VBOX   VBOXXSDT 00000001 ASL  00000061)
May 17 14:01:07 mobounya kernel: [    0.001263] ACPI: FACP 0x00000000DFFF00F0 0000F4 (v04 VBOX   VBOXFACP 00000001 ASL  00000061)
May 17 14:01:07 mobounya kernel: [    0.001267] ACPI: DSDT 0x00000000DFFF0470 002325 (v02 VBOX   VBOXBIOS 00000002 INTL 20190509)
May 17 14:01:07 mobounya kernel: [    0.001270] ACPI: FACS 0x00000000DFFF0200 000040
May 17 14:01:07 mobounya kernel: [    0.001272] ACPI: FACS 0x00000000DFFF0200 000040
May 17 14:01:07 mobounya kernel: [    0.001275] ACPI: APIC 0x00000000DFFF0240 000054 (v02 VBOX   VBOXAPIC 00000001 ASL  00000061)
May 17 14:01:07 mobounya kernel: [    0.001277] ACPI: SSDT 0x00000000DFFF02A0 0001CC (v01 VBOX   VBOXCPUT 00000002 INTL 20190509)
May 17 14:01:07 mobounya kernel: [    0.001279] ACPI: Reserving FACP table memory at [mem 0xdfff00f0-0xdfff01e3]
May 17 14:01:07 mobounya kernel: [    0.001281] ACPI: Reserving DSDT table memory at [mem 0xdfff0470-0xdfff2794]
May 17 14:01:07 mobounya kernel: [    0.001281] ACPI: Reserving FACS table memory at [mem 0xdfff0200-0xdfff023f]
May 17 14:01:07 mobounya kernel: [    0.001282] ACPI: Reserving FACS table memory at [mem 0xdfff0200-0xdfff023f]
May 17 14:01:07 mobounya kernel: [    0.001283] ACPI: Reserving APIC table memory at [mem 0xdfff0240-0xdfff0293]
May 17 14:01:07 mobounya kernel: [    0.001283] ACPI: Reserving SSDT table memory at [mem 0xdfff02a0-0xdfff046b]
May 17 14:01:07 mobounya kernel: [    0.001405] No NUMA configuration found
May 17 14:01:07 mobounya kernel: [    0.001406] Faking a node at [mem 0x0000000000000000-0x000000021fffffff]
May 17 14:01:07 mobounya kernel: [    0.001408] NODE_DATA(0) allocated [mem 0x21fff8000-0x21fffbfff]
May 17 14:01:07 mobounya kernel: [    0.001418] Zone ranges:
May 17 14:01:07 mobounya kernel: [    0.001418]   DMA      [mem 0x0000000000001000-0x0000000000ffffff]
May 17 14:01:07 mobounya kernel: [    0.001420]   DMA32    [mem 0x0000000001000000-0x00000000ffffffff]
May 17 14:01:07 mobounya kernel: [    0.001421]   Normal   [mem 0x0000000100000000-0x000000021fffffff]
May 17 14:01:07 mobounya kernel: [    0.001422] Movable zone start for each node
May 17 14:01:07 mobounya kernel: [    0.001423] Early memory node ranges
May 17 14:01:07 mobounya kernel: [    0.001423]   node   0: [mem 0x0000000000001000-0x000000000009efff]
May 17 14:01:07 mobounya kernel: [    0.001424]   node   0: [mem 0x0000000000100000-0x00000000dffeffff]
May 17 14:01:07 mobounya kernel: [    0.001425]   node   0: [mem 0x0000000100000000-0x000000021fffffff]
May 17 14:01:07 mobounya kernel: [    0.001426] Initmem setup node 0 [mem 0x0000000000001000-0x000000021fffffff]
May 17 14:01:07 mobounya kernel: [    0.001822] On node 0, zone DMA: 1 pages in unavailable ranges
May 17 14:01:07 mobounya kernel: [    0.001835] On node 0, zone DMA: 97 pages in unavailable ranges
May 17 14:01:07 mobounya kernel: [    0.037020] On node 0, zone Normal: 16 pages in unavailable ranges
May 17 14:01:07 mobounya kernel: [    0.037291] ACPI: PM-Timer IO Port: 0x4008
May 17 14:01:07 mobounya kernel: [    0.037333] IOAPIC[0]: apic_id 1, version 32, address 0xfec00000, GSI 0-23
May 17 14:01:07 mobounya kernel: [    0.037336] ACPI: INT_SRC_OVR (bus 0 bus_irq 0 global_irq 2 dfl dfl)
May 17 14:01:07 mobounya kernel: [    0.037338] ACPI: INT_SRC_OVR (bus 0 bus_irq 9 global_irq 9 low level)
May 17 14:01:07 mobounya kernel: [    0.037341] ACPI: Using ACPI (MADT) for SMP configuration information
May 17 14:01:07 mobounya kernel: [    0.037346] smpboot: Allowing 1 CPUs, 0 hotplug CPUs
May 17 14:01:07 mobounya kernel: [    0.037355] PM: hibernation: Registered nosave memory: [mem 0x00000000-0x00000fff]
May 17 14:01:07 mobounya kernel: [    0.037356] PM: hibernation: Registered nosave memory: [mem 0x0009f000-0x0009ffff]
May 17 14:01:07 mobounya kernel: [    0.037357] PM: hibernation: Registered nosave memory: [mem 0x000a0000-0x000effff]
May 17 14:01:07 mobounya kernel: [    0.037358] PM: hibernation: Registered nosave memory: [mem 0x000f0000-0x000fffff]
May 17 14:01:07 mobounya kernel: [    0.037358] PM: hibernation: Registered nosave memory: [mem 0xdfff0000-0xdfffffff]
May 17 14:01:07 mobounya kernel: [    0.037359] PM: hibernation: Registered nosave memory: [mem 0xe0000000-0xfebfffff]
May 17 14:01:07 mobounya kernel: [    0.037360] PM: hibernation: Registered nosave memory: [mem 0xfec00000-0xfec00fff]
May 17 14:01:07 mobounya kernel: [    0.037360] PM: hibernation: Registered nosave memory: [mem 0xfec01000-0xfedfffff]
May 17 14:01:07 mobounya kernel: [    0.037361] PM: hibernation: Registered nosave memory: [mem 0xfee00000-0xfee00fff]
May 17 14:01:07 mobounya kernel: [    0.037361] PM: hibernation: Registered nosave memory: [mem 0xfee01000-0xfffbffff]
May 17 14:01:07 mobounya kernel: [    0.037362] PM: hibernation: Registered nosave memory: [mem 0xfffc0000-0xffffffff]
May 17 14:01:07 mobounya kernel: [    0.037363] [mem 0xe0000000-0xfebfffff] available for PCI devices
May 17 14:01:07 mobounya kernel: [    0.037365] clocksource: refined-jiffies: mask: 0xffffffff max_cycles: 0xffffffff, max_idle_ns: 1910969940391419 ns
May 17 14:01:07 mobounya kernel: [    0.041651] setup_percpu: NR_CPUS:64 nr_cpumask_bits:64 nr_cpu_ids:1 nr_node_ids:1
May 17 14:01:07 mobounya kernel: [    0.042073] percpu: Embedded 52 pages/cpu s174744 r8192 d30056 u2097152
May 17 14:01:07 mobounya kernel: [    0.042078] pcpu-alloc: s174744 r8192 d30056 u2097152 alloc=1*2097152
May 17 14:01:07 mobounya kernel: [    0.042080] pcpu-alloc: [0] 0 
May 17 14:01:07 mobounya kernel: [    0.042090] Fallback order for Node 0: 0 
May 17 14:01:07 mobounya kernel: [    0.042092] Built 1 zonelists, mobility grouping on.  Total pages: 2064112
May 17 14:01:07 mobounya kernel: [    0.042094] Policy zone: Normal
May 17 14:01:07 mobounya kernel: [    0.042095] Kernel command line: BOOT_IMAGE=/vmlinuz-5.16.9-mobounya root=/dev/sda6 ro
May 17 14:01:07 mobounya kernel: [    0.042111] Unknown kernel command line parameters "BOOT_IMAGE=/vmlinuz-5.16.9-mobounya", will be passed to user space.
May 17 14:01:07 mobounya kernel: [    0.043934] Dentry cache hash table entries: 1048576 (order: 11, 8388608 bytes, linear)
May 17 14:01:07 mobounya kernel: [    0.044776] Inode-cache hash table entries: 524288 (order: 10, 4194304 bytes, linear)
May 17 14:01:07 mobounya kernel: [    0.044805] mem auto-init: stack:off, heap alloc:off, heap free:off
May 17 14:01:07 mobounya kernel: [    0.073767] Memory: 8142420K/8388152K available (16398K kernel code, 2596K rwdata, 4880K rodata, 1252K init, 1464K bss, 245472K reserved, 0K cma-reserved)
May 17 14:01:07 mobounya kernel: [    0.073792] SLUB: HWalign=64, Order=0-3, MinObjects=0, CPUs=1, Nodes=1
May 17 14:01:07 mobounya kernel: [    0.073798] Kernel/User page tables isolation: enabled
May 17 14:01:07 mobounya kernel: [    0.074632] Dynamic Preempt: voluntary
May 17 14:01:07 mobounya kernel: [    0.075089] rcu: Preemptible hierarchical RCU implementation.
May 17 14:01:07 mobounya kernel: [    0.075091] rcu: ^IRCU event tracing is enabled.
May 17 14:01:07 mobounya kernel: [    0.075091] rcu: ^IRCU restricting CPUs from NR_CPUS=64 to nr_cpu_ids=1.
May 17 14:01:07 mobounya kernel: [    0.075093] ^ITrampoline variant of Tasks RCU enabled.
May 17 14:01:07 mobounya kernel: [    0.075094] rcu: RCU calculated value of scheduler-enlistment delay is 100 jiffies.
May 17 14:01:07 mobounya kernel: [    0.075094] rcu: Adjusting geometry for rcu_fanout_leaf=16, nr_cpu_ids=1
May 17 14:01:07 mobounya kernel: [    0.075795] NR_IRQS: 4352, nr_irqs: 256, preallocated irqs: 16
May 17 14:01:07 mobounya kernel: [    0.075982] random: get_random_bytes called from start_kernel+0x492/0x65f with crng_init=0
May 17 14:01:07 mobounya kernel: [    0.079902] Console: colour VGA+ 80x25
May 17 14:01:07 mobounya kernel: [    0.099746] printk: console [tty0] enabled
May 17 14:01:07 mobounya kernel: [    0.099892] ACPI: Core revision 20210930
May 17 14:01:07 mobounya kernel: [    0.100154] APIC: Switch to symmetric I/O mode setup
May 17 14:01:07 mobounya kernel: [    0.101090] ..TIMER: vector=0x30 apic1=0 pin1=2 apic2=-1 pin2=-1
May 17 14:01:07 mobounya kernel: [    0.105121] clocksource: tsc-early: mask: 0xffffffffffffffff max_cycles: 0x159ab240cd3, max_idle_ns: 440795256337 ns
May 17 14:01:07 mobounya kernel: [    0.105542] Calibrating delay loop (skipped), value calculated using timer frequency.. 2997.59 BogoMIPS (lpj=1498797)
May 17 14:01:07 mobounya kernel: [    0.105905] pid_max: default: 32768 minimum: 301
May 17 14:01:07 mobounya kernel: [    0.106085] LSM: Security Framework initializing
May 17 14:01:07 mobounya kernel: [    0.106260] SELinux:  Initializing.
