Jun 17 10:47:02 mobounya kernel: Kernel logging (proc) stopped.
Jun 17 10:47:02 mobounya kernel: Kernel log daemon terminating.
Jun 17 10:47:24 mobounya kernel: klogd 1.5.1, log source = /proc/kmsg started.
Jun 17 10:47:25 mobounya kernel: Cannot find map file.
Jun 17 10:47:25 mobounya kernel: Loaded 128455 symbols from 1 module.
Jun 17 10:47:25 mobounya kernel: [    0.000000] Linux version 5.18.0-thor_kernel (root@mobounya) (gcc (GCC) 11.2.0, GNU ld (GNU Binutils) 2.38) #1 SMP PREEMPT_DYNAMIC Tue Jun 7 14:03:52 +01 2022
Jun 17 10:47:25 mobounya kernel: [    0.000000] Command line: BOOT_IMAGE=/linux-5.18-thor_kernel root=/dev/sda6 ro
Jun 17 10:47:25 mobounya kernel: [    0.000000] x86/fpu: Supporting XSAVE feature 0x001: 'x87 floating point registers'
Jun 17 10:47:25 mobounya kernel: [    0.000000] x86/fpu: Supporting XSAVE feature 0x002: 'SSE registers'
Jun 17 10:47:25 mobounya kernel: [    0.000000] x86/fpu: Supporting XSAVE feature 0x004: 'AVX registers'
Jun 17 10:47:25 mobounya kernel: [    0.000000] x86/fpu: xstate_offset[2]:  576, xstate_sizes[2]:  256
Jun 17 10:47:25 mobounya kernel: [    0.000000] x86/fpu: Enabled xstate features 0x7, context size is 832 bytes, using 'standard' format.
Jun 17 10:47:25 mobounya kernel: [    0.000000] signal: max sigframe size: 1776
Jun 17 10:47:25 mobounya kernel: [    0.000000] BIOS-provided physical RAM map:
Jun 17 10:47:25 mobounya kernel: [    0.000000] BIOS-e820: [mem 0x0000000000000000-0x000000000009fbff] usable
Jun 17 10:47:25 mobounya kernel: [    0.000000] BIOS-e820: [mem 0x000000000009fc00-0x000000000009ffff] reserved
Jun 17 10:47:25 mobounya kernel: [    0.000000] BIOS-e820: [mem 0x00000000000f0000-0x00000000000fffff] reserved
Jun 17 10:47:25 mobounya kernel: [    0.000000] BIOS-e820: [mem 0x0000000000100000-0x00000000dffeffff] usable
Jun 17 10:47:25 mobounya kernel: [    0.000000] BIOS-e820: [mem 0x00000000dfff0000-0x00000000dfffffff] ACPI data
Jun 17 10:47:25 mobounya kernel: [    0.000000] BIOS-e820: [mem 0x00000000fec00000-0x00000000fec00fff] reserved
Jun 17 10:47:25 mobounya kernel: [    0.000000] BIOS-e820: [mem 0x00000000fee00000-0x00000000fee00fff] reserved
Jun 17 10:47:25 mobounya kernel: [    0.000000] BIOS-e820: [mem 0x00000000fffc0000-0x00000000ffffffff] reserved
Jun 17 10:47:25 mobounya kernel: [    0.000000] BIOS-e820: [mem 0x0000000100000000-0x000000011b7fffff] usable
Jun 17 10:47:25 mobounya kernel: [    0.000000] NX (Execute Disable) protection: active
Jun 17 10:47:25 mobounya kernel: [    0.000000] SMBIOS 2.5 present.
Jun 17 10:47:25 mobounya kernel: [    0.000000] DMI: innotek GmbH VirtualBox/VirtualBox, BIOS VirtualBox 12/01/2006
Jun 17 10:47:25 mobounya kernel: [    0.000000] Hypervisor detected: KVM
Jun 17 10:47:25 mobounya kernel: [    0.000000] kvm-clock: Using msrs 4b564d01 and 4b564d00
Jun 17 10:47:25 mobounya kernel: [    0.000001] kvm-clock: using sched offset of 1128999251505 cycles
Jun 17 10:47:25 mobounya kernel: [    0.000002] clocksource: kvm-clock: mask: 0xffffffffffffffff max_cycles: 0x1cd42e4dffb, max_idle_ns: 881590591483 ns
Jun 17 10:47:25 mobounya kernel: [    0.000004] tsc: Detected 3312.000 MHz processor
Jun 17 10:47:25 mobounya kernel: [    0.000706] e820: update [mem 0x00000000-0x00000fff] usable ==> reserved
Jun 17 10:47:25 mobounya kernel: [    0.000708] e820: remove [mem 0x000a0000-0x000fffff] usable
Jun 17 10:47:25 mobounya kernel: [    0.000710] last_pfn = 0x11b800 max_arch_pfn = 0x400000000
Jun 17 10:47:25 mobounya kernel: [    0.000717] Disabled
Jun 17 10:47:25 mobounya kernel: [    0.000717] x86/PAT: MTRRs disabled, skipping PAT initialization too.
Jun 17 10:47:25 mobounya kernel: [    0.000719] CPU MTRRs all blank - virtualized system.
Jun 17 10:47:25 mobounya kernel: [    0.000721] x86/PAT: Configuration [0-7]: WB  WT  UC- UC  WB  WT  UC- UC  
Jun 17 10:47:25 mobounya kernel: [    0.000722] last_pfn = 0xdfff0 max_arch_pfn = 0x400000000
Jun 17 10:47:25 mobounya kernel: [    0.000758] found SMP MP-table at [mem 0x0009fff0-0x0009ffff]
Jun 17 10:47:25 mobounya kernel: [    0.000863] ACPI: Early table checksum verification disabled
Jun 17 10:47:25 mobounya kernel: [    0.000865] ACPI: RSDP 0x00000000000E0000 000024 (v02 VBOX  )
Jun 17 10:47:25 mobounya kernel: [    0.000868] ACPI: XSDT 0x00000000DFFF0030 00003C (v01 VBOX   VBOXXSDT 00000001 ASL  00000061)
Jun 17 10:47:25 mobounya kernel: [    0.000872] ACPI: FACP 0x00000000DFFF00F0 0000F4 (v04 VBOX   VBOXFACP 00000001 ASL  00000061)
Jun 17 10:47:25 mobounya kernel: [    0.000876] ACPI: DSDT 0x00000000DFFF0470 002325 (v02 VBOX   VBOXBIOS 00000002 INTL 20100528)
Jun 17 10:47:25 mobounya kernel: [    0.000878] ACPI: FACS 0x00000000DFFF0200 000040
Jun 17 10:47:25 mobounya kernel: [    0.000880] ACPI: FACS 0x00000000DFFF0200 000040
Jun 17 10:47:25 mobounya kernel: [    0.000882] ACPI: APIC 0x00000000DFFF0240 000054 (v02 VBOX   VBOXAPIC 00000001 ASL  00000061)
Jun 17 10:47:25 mobounya kernel: [    0.000884] ACPI: SSDT 0x00000000DFFF02A0 0001CC (v01 VBOX   VBOXCPUT 00000002 INTL 20100528)
Jun 17 10:47:25 mobounya kernel: [    0.000886] ACPI: Reserving FACP table memory at [mem 0xdfff00f0-0xdfff01e3]
Jun 17 10:47:25 mobounya kernel: [    0.000887] ACPI: Reserving DSDT table memory at [mem 0xdfff0470-0xdfff2794]
Jun 17 10:47:25 mobounya kernel: [    0.000888] ACPI: Reserving FACS table memory at [mem 0xdfff0200-0xdfff023f]
Jun 17 10:47:25 mobounya kernel: [    0.000889] ACPI: Reserving FACS table memory at [mem 0xdfff0200-0xdfff023f]
Jun 17 10:47:25 mobounya kernel: [    0.000889] ACPI: Reserving APIC table memory at [mem 0xdfff0240-0xdfff0293]
Jun 17 10:47:25 mobounya kernel: [    0.000890] ACPI: Reserving SSDT table memory at [mem 0xdfff02a0-0xdfff046b]
Jun 17 10:47:25 mobounya kernel: [    0.001014] No NUMA configuration found
Jun 17 10:47:25 mobounya kernel: [    0.001015] Faking a node at [mem 0x0000000000000000-0x000000011b7fffff]
Jun 17 10:47:25 mobounya kernel: [    0.001017] NODE_DATA(0) allocated [mem 0x11b7fa000-0x11b7fdfff]
Jun 17 10:47:25 mobounya kernel: [    0.001024] Zone ranges:
Jun 17 10:47:25 mobounya kernel: [    0.001025]   DMA      [mem 0x0000000000001000-0x0000000000ffffff]
Jun 17 10:47:25 mobounya kernel: [    0.001026]   DMA32    [mem 0x0000000001000000-0x00000000ffffffff]
Jun 17 10:47:25 mobounya kernel: [    0.001027]   Normal   [mem 0x0000000100000000-0x000000011b7fffff]
Jun 17 10:47:25 mobounya kernel: [    0.001028] Movable zone start for each node
Jun 17 10:47:25 mobounya kernel: [    0.001029] Early memory node ranges
Jun 17 10:47:25 mobounya kernel: [    0.001029]   node   0: [mem 0x0000000000001000-0x000000000009efff]
Jun 17 10:47:25 mobounya kernel: [    0.001030]   node   0: [mem 0x0000000000100000-0x00000000dffeffff]
Jun 17 10:47:25 mobounya kernel: [    0.001031]   node   0: [mem 0x0000000100000000-0x000000011b7fffff]
Jun 17 10:47:25 mobounya kernel: [    0.001032] Initmem setup node 0 [mem 0x0000000000001000-0x000000011b7fffff]
Jun 17 10:47:25 mobounya kernel: [    0.001036] On node 0, zone DMA: 1 pages in unavailable ranges
Jun 17 10:47:25 mobounya kernel: [    0.001055] On node 0, zone DMA: 97 pages in unavailable ranges
Jun 17 10:47:25 mobounya kernel: [    0.010719] On node 0, zone Normal: 16 pages in unavailable ranges
Jun 17 10:47:25 mobounya kernel: [    0.010863] On node 0, zone Normal: 18432 pages in unavailable ranges
Jun 17 10:47:25 mobounya kernel: [    0.011165] ACPI: PM-Timer IO Port: 0x4008
Jun 17 10:47:25 mobounya kernel: [    0.011201] IOAPIC[0]: apic_id 1, version 32, address 0xfec00000, GSI 0-23
Jun 17 10:47:25 mobounya kernel: [    0.011204] ACPI: INT_SRC_OVR (bus 0 bus_irq 0 global_irq 2 dfl dfl)
Jun 17 10:47:25 mobounya kernel: [    0.011205] ACPI: INT_SRC_OVR (bus 0 bus_irq 9 global_irq 9 low level)
Jun 17 10:47:25 mobounya kernel: [    0.011208] ACPI: Using ACPI (MADT) for SMP configuration information
Jun 17 10:47:25 mobounya kernel: [    0.011212] smpboot: Allowing 1 CPUs, 0 hotplug CPUs
Jun 17 10:47:25 mobounya kernel: [    0.011228] PM: hibernation: Registered nosave memory: [mem 0x00000000-0x00000fff]
Jun 17 10:47:25 mobounya kernel: [    0.011229] PM: hibernation: Registered nosave memory: [mem 0x0009f000-0x0009ffff]
Jun 17 10:47:25 mobounya kernel: [    0.011230] PM: hibernation: Registered nosave memory: [mem 0x000a0000-0x000effff]
Jun 17 10:47:25 mobounya kernel: [    0.011230] PM: hibernation: Registered nosave memory: [mem 0x000f0000-0x000fffff]
Jun 17 10:47:25 mobounya kernel: [    0.011231] PM: hibernation: Registered nosave memory: [mem 0xdfff0000-0xdfffffff]
Jun 17 10:47:25 mobounya kernel: [    0.011232] PM: hibernation: Registered nosave memory: [mem 0xe0000000-0xfebfffff]
Jun 17 10:47:25 mobounya kernel: [    0.011232] PM: hibernation: Registered nosave memory: [mem 0xfec00000-0xfec00fff]
Jun 17 10:47:25 mobounya kernel: [    0.011233] PM: hibernation: Registered nosave memory: [mem 0xfec01000-0xfedfffff]
Jun 17 10:47:25 mobounya kernel: [    0.011233] PM: hibernation: Registered nosave memory: [mem 0xfee00000-0xfee00fff]
Jun 17 10:47:25 mobounya kernel: [    0.011234] PM: hibernation: Registered nosave memory: [mem 0xfee01000-0xfffbffff]
Jun 17 10:47:25 mobounya kernel: [    0.011235] PM: hibernation: Registered nosave memory: [mem 0xfffc0000-0xffffffff]
Jun 17 10:47:25 mobounya kernel: [    0.011236] [mem 0xe0000000-0xfebfffff] available for PCI devices
Jun 17 10:47:25 mobounya kernel: [    0.011237] Booting paravirtualized kernel on KVM
Jun 17 10:47:25 mobounya kernel: [    0.011238] clocksource: refined-jiffies: mask: 0xffffffff max_cycles: 0xffffffff, max_idle_ns: 1910969940391419 ns
Jun 17 10:47:25 mobounya kernel: [    0.014998] setup_percpu: NR_CPUS:64 nr_cpumask_bits:64 nr_cpu_ids:1 nr_node_ids:1
Jun 17 10:47:25 mobounya kernel: [    0.015230] percpu: Embedded 52 pages/cpu s176040 r8192 d28760 u2097152
Jun 17 10:47:25 mobounya kernel: [    0.015234] pcpu-alloc: s176040 r8192 d28760 u2097152 alloc=1*2097152
Jun 17 10:47:25 mobounya kernel: [    0.015235] pcpu-alloc: [0] 0 
Jun 17 10:47:25 mobounya kernel: [    0.015247] Fallback order for Node 0: 0 
Jun 17 10:47:25 mobounya kernel: [    0.015249] Built 1 zonelists, mobility grouping on.  Total pages: 1013776
Jun 17 10:47:25 mobounya kernel: [    0.015250] Policy zone: Normal
Jun 17 10:47:25 mobounya kernel: [    0.015251] Kernel command line: BOOT_IMAGE=/linux-5.18-thor_kernel root=/dev/sda6 ro
Jun 17 10:47:25 mobounya kernel: [    0.015269] Unknown kernel command line parameters "BOOT_IMAGE=/linux-5.18-thor_kernel", will be passed to user space.
Jun 17 10:47:25 mobounya kernel: [    0.015751] Dentry cache hash table entries: 524288 (order: 10, 4194304 bytes, linear)
Jun 17 10:47:25 mobounya kernel: [    0.015979] Inode-cache hash table entries: 262144 (order: 9, 2097152 bytes, linear)
Jun 17 10:47:25 mobounya kernel: [    0.016000] mem auto-init: stack:off, heap alloc:off, heap free:off
Jun 17 10:47:25 mobounya kernel: [    0.037786] Memory: 3946080K/4120120K available (16396K kernel code, 2671K rwdata, 5084K rodata, 1276K init, 1216K bss, 173780K reserved, 0K cma-reserved)
Jun 17 10:47:25 mobounya kernel: [    0.037812] SLUB: HWalign=64, Order=0-3, MinObjects=0, CPUs=1, Nodes=1
Jun 17 10:47:25 mobounya kernel: [    0.037817] Kernel/User page tables isolation: enabled
Jun 17 10:47:25 mobounya kernel: [    0.038561] Dynamic Preempt: voluntary
Jun 17 10:47:25 mobounya kernel: [    0.038801] rcu: Preemptible hierarchical RCU implementation.
Jun 17 10:47:25 mobounya kernel: [    0.038802] rcu: ^IRCU event tracing is enabled.
Jun 17 10:47:25 mobounya kernel: [    0.038802] rcu: ^IRCU restricting CPUs from NR_CPUS=64 to nr_cpu_ids=1.
Jun 17 10:47:25 mobounya kernel: [    0.038803] ^ITrampoline variant of Tasks RCU enabled.
Jun 17 10:47:25 mobounya kernel: [    0.038804] rcu: RCU calculated value of scheduler-enlistment delay is 100 jiffies.
Jun 17 10:47:25 mobounya kernel: [    0.038805] rcu: Adjusting geometry for rcu_fanout_leaf=16, nr_cpu_ids=1
Jun 17 10:47:25 mobounya kernel: [    0.039586] NR_IRQS: 4352, nr_irqs: 256, preallocated irqs: 16
Jun 17 10:47:25 mobounya kernel: [    0.039788] random: get_random_bytes called from start_kernel+0x493/0x665 with crng_init=0
Jun 17 10:47:25 mobounya kernel: [    0.043494] Console: colour VGA+ 80x25
Jun 17 10:47:25 mobounya kernel: [    0.062562] printk: console [tty0] enabled
Jun 17 10:47:25 mobounya kernel: [    0.062705] ACPI: Core revision 20211217
Jun 17 10:47:25 mobounya kernel: [    0.062905] APIC: Switch to symmetric I/O mode setup
Jun 17 10:47:25 mobounya kernel: [    0.063796] ..TIMER: vector=0x30 apic1=0 pin1=2 apic2=-1 pin2=-1
Jun 17 10:47:25 mobounya kernel: [    0.063970] clocksource: tsc-early: mask: 0xffffffffffffffff max_cycles: 0x2fbd93f9e57, max_idle_ns: 440795263784 ns
Jun 17 10:47:25 mobounya kernel: [    0.064240] Calibrating delay loop (skipped) preset value.. 6624.00 BogoMIPS (lpj=3312000)
Jun 17 10:47:25 mobounya kernel: [    0.064467] pid_max: default: 32768 minimum: 301
Jun 17 10:47:25 mobounya kernel: [    0.064612] LSM: Security Framework initializing
Jun 17 10:47:25 mobounya kernel: [    0.064751] SELinux:  Initializing.
Jun 17 10:47:25 mobounya kernel: [    0.064889] Mount-cache hash table entries: 8192 (order: 4, 65536 bytes, linear)
Jun 17 10:47:25 mobounya kernel: [    0.065107] Mountpoint-cache hash table entries: 8192 (order: 4, 65536 bytes, linear)
Jun 17 10:47:25 mobounya kernel: [    0.065236] unchecked MSR access error: WRMSR to 0x3a (tried to write 0x0000000000000001) at rIP: 0xffffffffa7e387d3 (init_ia32_feat_ctl+0x83/0x310)
Jun 17 10:47:25 mobounya kernel: [    0.065236] Call Trace:
Jun 17 10:47:25 mobounya kernel: [    0.065236]  <TASK>
Jun 17 10:47:25 mobounya kernel: [    0.065236]  init_intel+0xbb/0x4d0
Jun 17 10:47:25 mobounya kernel: [    0.065236]  identify_cpu+0x263/0x6d0
Jun 17 10:47:25 mobounya kernel: [    0.065236]  identify_boot_cpu+0xc/0x94
Jun 17 10:47:25 mobounya kernel: [    0.065236]  check_bugs+0x21/0xa82
Jun 17 10:47:25 mobounya kernel: [    0.065236]  ? __get_locked_pte+0x8a/0x100
Jun 17 10:47:25 mobounya kernel: [    0.065236]  start_kernel+0x631/0x665
Jun 17 10:47:25 mobounya kernel: [    0.065236]  secondary_startup_64_no_verify+0xd5/0xdb
Jun 17 10:47:25 mobounya kernel: [    0.065236]  </TASK>
Jun 17 10:47:25 mobounya kernel: [    0.065236] process: using mwait in idle threads
Jun 17 10:47:25 mobounya kernel: [    0.065236] Last level iTLB entries: 4KB 64, 2MB 8, 4MB 8
Jun 17 10:47:25 mobounya kernel: [    0.065236] Last level dTLB entries: 4KB 64, 2MB 0, 4MB 0, 1GB 4
Jun 17 10:47:25 mobounya kernel: [    0.065236] Spectre V1 : Mitigation: usercopy/swapgs barriers and __user pointer sanitization
Jun 17 10:47:25 mobounya kernel: [    0.065236] Spectre V2 : Mitigation: Retpolines
Jun 17 10:47:25 mobounya kernel: [    0.065236] Spectre V2 : Spectre v2 / SpectreRSB mitigation: Filling RSB on context switch
Jun 17 10:47:25 mobounya kernel: [    0.065236] Speculative Store Bypass: Vulnerable
Jun 17 10:47:25 mobounya kernel: [    0.065251] MDS: Mitigation: Clear CPU buffers
Jun 17 10:47:25 mobounya kernel: [    0.071479] Freeing SMP alternatives memory: 44K
Jun 17 10:47:25 mobounya kernel: [    0.176236] smpboot: CPU0: Intel(R) Core(TM) i5-10600 CPU @ 3.30GHz (family: 0x6, model: 0xa5, stepping: 0x3)
Jun 17 10:47:25 mobounya kernel: [    0.176236] cblist_init_generic: Setting adjustable number of callback queues.
Jun 17 10:47:25 mobounya kernel: [    0.176236] cblist_init_generic: Setting shift to 0 and lim to 1.
Jun 17 10:47:25 mobounya kernel: [    0.176236] Performance Events: unsupported p6 CPU model 165 no PMU driver, software events only.
Jun 17 10:47:25 mobounya kernel: [    0.176236] rcu: Hierarchical SRCU implementation.
Jun 17 10:47:25 mobounya kernel: [    0.176236] smp: Bringing up secondary CPUs ...
Jun 17 10:47:25 mobounya kernel: [    0.176236] smp: Brought up 1 node, 1 CPU
Jun 17 10:47:25 mobounya kernel: [    0.176236] smpboot: Max logical packages: 1
Jun 17 10:47:25 mobounya kernel: [    0.176236] smpboot: Total of 1 processors activated (6624.00 BogoMIPS)
Jun 17 10:47:25 mobounya kernel: [    0.176236] devtmpfs: initialized
Jun 17 10:47:25 mobounya kernel: [    0.176236] clocksource: jiffies: mask: 0xffffffff max_cycles: 0xffffffff, max_idle_ns: 1911260446275000 ns
Jun 17 10:47:25 mobounya kernel: [    0.176236] futex hash table entries: 256 (order: 2, 16384 bytes, linear)
Jun 17 10:47:25 mobounya kernel: [    0.177237] PM: RTC time: 09:47:18, date: 2022-06-17
Jun 17 10:47:25 mobounya kernel: [    0.177650] NET: Registered PF_NETLINK/PF_ROUTE protocol family
Jun 17 10:47:25 mobounya kernel: [    0.177863] audit: initializing netlink subsys (disabled)
Jun 17 10:47:25 mobounya kernel: [    0.178072] thermal_sys: Registered thermal governor 'step_wise'
Jun 17 10:47:25 mobounya kernel: [    0.178073] thermal_sys: Registered thermal governor 'user_space'
Jun 17 10:47:25 mobounya kernel: [    0.178236] audit: type=2000 audit(1655460368.496:1): state=initialized audit_enabled=0 res=1
Jun 17 10:47:25 mobounya kernel: [    0.178236] cpuidle: using governor menu
Jun 17 10:47:25 mobounya kernel: [    0.178259] PCI: Using configuration type 1 for base access
Jun 17 10:47:25 mobounya kernel: [    0.180153] kprobes: kprobe jump-optimization is enabled. All kprobes are optimized if possible.
Jun 17 10:47:25 mobounya kernel: [    0.180236] HugeTLB registered 2.00 MiB page size, pre-allocated 0 pages
Jun 17 10:47:25 mobounya kernel: [    0.180236] ACPI: Added _OSI(Module Device)
Jun 17 10:47:25 mobounya kernel: [    0.180236] ACPI: Added _OSI(Processor Device)
Jun 17 10:47:25 mobounya kernel: [    0.180236] ACPI: Added _OSI(3.0 _SCP Extensions)
Jun 17 10:47:25 mobounya kernel: [    0.180236] ACPI: Added _OSI(Processor Aggregator Device)
Jun 17 10:47:25 mobounya kernel: [    0.180238] ACPI: Added _OSI(Linux-Dell-Video)
Jun 17 10:47:25 mobounya kernel: [    0.180373] ACPI: Added _OSI(Linux-Lenovo-NV-HDMI-Audio)
Jun 17 10:47:25 mobounya kernel: [    0.180521] ACPI: Added _OSI(Linux-HPI-Hybrid-Graphics)
Jun 17 10:47:25 mobounya kernel: [    0.182478] ACPI: 2 ACPI AML tables successfully acquired and loaded
Jun 17 10:47:25 mobounya kernel: [    0.185427] ACPI: Interpreter enabled
Jun 17 10:47:25 mobounya kernel: [    0.185558] ACPI: PM: (supports S0 S5)
Jun 17 10:47:25 mobounya kernel: [    0.185681] ACPI: Using IOAPIC for interrupt routing
Jun 17 10:47:25 mobounya kernel: [    0.185908] PCI: Using host bridge windows from ACPI; if necessary, use "pci=nocrs" and report a bug
Jun 17 10:47:25 mobounya kernel: [    0.186212] ACPI: Enabled 2 GPEs in block 00 to 07
Jun 17 10:47:25 mobounya kernel: [    0.188700] ACPI: PCI Root Bridge [PCI0] (domain 0000 [bus 00-ff])
Jun 17 10:47:25 mobounya kernel: [    0.188873] acpi PNP0A03:00: _OSC: OS supports [ASPM ClockPM Segments MSI HPX-Type3]
Jun 17 10:47:25 mobounya kernel: [    0.189092] acpi PNP0A03:00: _OSC: not requesting OS control; OS requires [ExtendedConfig ASPM ClockPM MSI]
Jun 17 10:47:25 mobounya kernel: [    0.189236] acpi PNP0A03:00: fail to add MMCONFIG information, can't access extended PCI configuration space under this bridge.
Jun 17 10:47:25 mobounya kernel: [    0.189289] PCI host bridge to bus 0000:00
Jun 17 10:47:25 mobounya kernel: [    0.189420] pci_bus 0000:00: root bus resource [io  0x0000-0x0cf7 window]
Jun 17 10:47:25 mobounya kernel: [    0.189594] pci_bus 0000:00: root bus resource [io  0x0d00-0xffff window]
Jun 17 10:47:25 mobounya kernel: [    0.189767] pci_bus 0000:00: root bus resource [mem 0x000a0000-0x000bffff window]
Jun 17 10:47:25 mobounya kernel: [    0.189979] pci_bus 0000:00: root bus resource [mem 0xe0000000-0xfdffffff window]
Jun 17 10:47:25 mobounya kernel: [    0.190192] pci_bus 0000:00: root bus resource [bus 00-ff]
Jun 17 10:47:25 mobounya kernel: [    0.190370] pci 0000:00:00.0: [8086:1237] type 00 class 0x060000
Jun 17 10:47:25 mobounya kernel: [    0.192260] pci 0000:00:01.0: [8086:7000] type 00 class 0x060100
Jun 17 10:47:25 mobounya kernel: [    0.192931] pci 0000:00:01.1: [8086:7111] type 00 class 0x01018a
Jun 17 10:47:25 mobounya kernel: [    0.193364] pci 0000:00:01.1: reg 0x20: [io  0xd000-0xd00f]
Jun 17 10:47:25 mobounya kernel: [    0.193633] pci 0000:00:01.1: legacy IDE quirk: reg 0x10: [io  0x01f0-0x01f7]
Jun 17 10:47:25 mobounya kernel: [    0.193813] pci 0000:00:01.1: legacy IDE quirk: reg 0x14: [io  0x03f6]
Jun 17 10:47:25 mobounya kernel: [    0.194003] pci 0000:00:01.1: legacy IDE quirk: reg 0x18: [io  0x0170-0x0177]
Jun 17 10:47:25 mobounya kernel: [    0.194183] pci 0000:00:01.1: legacy IDE quirk: reg 0x1c: [io  0x0376]
Jun 17 10:47:25 mobounya kernel: [    0.194345] pci 0000:00:02.0: [15ad:0405] type 00 class 0x030000
Jun 17 10:47:25 mobounya kernel: [    0.195435] pci 0000:00:02.0: reg 0x10: [io  0xd010-0xd01f]
Jun 17 10:47:25 mobounya kernel: [    0.197257] pci 0000:00:02.0: reg 0x14: [mem 0xf0000000-0xf0ffffff pref]
Jun 17 10:47:25 mobounya kernel: [    0.199255] pci 0000:00:02.0: reg 0x18: [mem 0xf1000000-0xf11fffff]
Jun 17 10:47:25 mobounya kernel: [    0.207322] pci 0000:00:02.0: Video device with shadowed ROM at [mem 0x000c0000-0x000dffff]
Jun 17 10:47:25 mobounya kernel: [    0.208472] pci 0000:00:03.0: [8086:100e] type 00 class 0x020000
Jun 17 10:47:25 mobounya kernel: [    0.210302] pci 0000:00:03.0: reg 0x10: [mem 0xf1200000-0xf121ffff]
Jun 17 10:47:25 mobounya kernel: [    0.213299] pci 0000:00:03.0: reg 0x18: [io  0xd020-0xd027]
Jun 17 10:47:25 mobounya kernel: [    0.221509] pci 0000:00:04.0: [80ee:cafe] type 00 class 0x088000
Jun 17 10:47:25 mobounya kernel: [    0.222302] pci 0000:00:04.0: reg 0x10: [io  0xd040-0xd05f]
Jun 17 10:47:25 mobounya kernel: [    0.223302] pci 0000:00:04.0: reg 0x14: [mem 0xf1400000-0xf17fffff]
Jun 17 10:47:25 mobounya kernel: [    0.226250] pci 0000:00:04.0: reg 0x18: [mem 0xf1800000-0xf1803fff pref]
Jun 17 10:47:25 mobounya kernel: [    0.234397] pci 0000:00:05.0: [8086:2415] type 00 class 0x040100
Jun 17 10:47:25 mobounya kernel: [    0.235307] pci 0000:00:05.0: reg 0x10: [io  0xd100-0xd1ff]
Jun 17 10:47:25 mobounya kernel: [    0.235510] pci 0000:00:05.0: reg 0x14: [io  0xd200-0xd23f]
Jun 17 10:47:25 mobounya kernel: [    0.236034] pci 0000:00:06.0: [106b:003f] type 00 class 0x0c0310
Jun 17 10:47:25 mobounya kernel: [    0.237300] pci 0000:00:06.0: reg 0x10: [mem 0xf1804000-0xf1804fff]
Jun 17 10:47:25 mobounya kernel: [    0.246434] pci 0000:00:07.0: [8086:7113] type 00 class 0x068000
Jun 17 10:47:25 mobounya kernel: [    0.247527] pci 0000:00:07.0: quirk: [io  0x4000-0x403f] claimed by PIIX4 ACPI
Jun 17 10:47:25 mobounya kernel: [    0.247746] pci 0000:00:07.0: quirk: [io  0x4100-0x410f] claimed by PIIX4 SMB
Jun 17 10:47:25 mobounya kernel: [    0.248128] pci 0000:00:0d.0: [8086:2829] type 00 class 0x010601
Jun 17 10:47:25 mobounya kernel: [    0.249299] pci 0000:00:0d.0: reg 0x10: [io  0xd240-0xd247]
Jun 17 10:47:25 mobounya kernel: [    0.251300] pci 0000:00:0d.0: reg 0x14: [io  0xd248-0xd24b]
Jun 17 10:47:25 mobounya kernel: [    0.253299] pci 0000:00:0d.0: reg 0x18: [io  0xd250-0xd257]
Jun 17 10:47:25 mobounya kernel: [    0.255306] pci 0000:00:0d.0: reg 0x1c: [io  0xd258-0xd25b]
Jun 17 10:47:25 mobounya kernel: [    0.258249] pci 0000:00:0d.0: reg 0x20: [io  0xd260-0xd26f]
Jun 17 10:47:25 mobounya kernel: [    0.260275] pci 0000:00:0d.0: reg 0x24: [mem 0xf1806000-0xf1807fff]
Jun 17 10:47:25 mobounya kernel: [    0.265247] ACPI: PCI: Interrupt link LNKA configured for IRQ 11
Jun 17 10:47:25 mobounya kernel: [    0.265758] ACPI: PCI: Interrupt link LNKB configured for IRQ 10
Jun 17 10:47:25 mobounya kernel: [    0.266058] ACPI: PCI: Interrupt link LNKC configured for IRQ 9
Jun 17 10:47:25 mobounya kernel: [    0.266297] ACPI: PCI: Interrupt link LNKD configured for IRQ 11
Jun 17 10:47:25 mobounya kernel: [    0.266582] iommu: Default domain type: Translated 
Jun 17 10:47:25 mobounya kernel: [    0.266727] iommu: DMA domain TLB invalidation policy: lazy mode 
Jun 17 10:47:25 mobounya kernel: [    0.266965] SCSI subsystem initialized
Jun 17 10:47:25 mobounya kernel: [    0.267137] libata version 3.00 loaded.
Jun 17 10:47:25 mobounya kernel: [    0.267157] ACPI: bus type USB registered
Jun 17 10:47:25 mobounya kernel: [    0.267236] usbcore: registered new interface driver usbfs
Jun 17 10:47:25 mobounya kernel: [    0.267243] usbcore: registered new interface driver hub
Jun 17 10:47:25 mobounya kernel: [    0.267395] usbcore: registered new device driver usb
Jun 17 10:47:25 mobounya kernel: [    0.267548] pps_core: LinuxPPS API ver. 1 registered
Jun 17 10:47:25 mobounya kernel: [    0.267692] pps_core: Software ver. 5.3.6 - Copyright 2005-2007 Rodolfo Giometti <giometti@linux.it>
Jun 17 10:47:25 mobounya kernel: [    0.268001] PTP clock support registered
Jun 17 10:47:25 mobounya kernel: [    0.268284] Advanced Linux Sound Architecture Driver Initialized.
Jun 17 10:47:25 mobounya kernel: [    0.268565] NetLabel: Initializing
Jun 17 10:47:25 mobounya kernel: [    0.268683] NetLabel:  domain hash size = 128
Jun 17 10:47:25 mobounya kernel: [    0.268815] NetLabel:  protocols = UNLABELED CIPSOv4 CALIPSO
Jun 17 10:47:25 mobounya kernel: [    0.268997] NetLabel:  unlabeled traffic allowed by default
Jun 17 10:47:25 mobounya kernel: [    0.269184] PCI: Using ACPI for IRQ routing
Jun 17 10:47:25 mobounya kernel: [    0.269236] PCI: pci_cache_line_size set to 64 bytes
Jun 17 10:47:25 mobounya kernel: [    0.270285] e820: reserve RAM buffer [mem 0x0009fc00-0x0009ffff]
Jun 17 10:47:25 mobounya kernel: [    0.270289] e820: reserve RAM buffer [mem 0xdfff0000-0xdfffffff]
Jun 17 10:47:25 mobounya kernel: [    0.270290] e820: reserve RAM buffer [mem 0x11b800000-0x11bffffff]
Jun 17 10:47:25 mobounya kernel: [    0.270318] pci 0000:00:02.0: vgaarb: setting as boot VGA device
Jun 17 10:47:25 mobounya kernel: [    0.270481] pci 0000:00:02.0: vgaarb: bridge control possible
Jun 17 10:47:25 mobounya kernel: [    0.270637] pci 0000:00:02.0: vgaarb: VGA device added: decodes=io+mem,owns=io+mem,locks=none
Jun 17 10:47:25 mobounya kernel: [    0.270869] vgaarb: loaded
Jun 17 10:47:25 mobounya kernel: [    0.271013] clocksource: Switched to clocksource kvm-clock
Jun 17 10:47:25 mobounya kernel: [    0.277995] VFS: Disk quotas dquot_6.6.0
Jun 17 10:47:25 mobounya kernel: [    0.278138] VFS: Dquot-cache hash table entries: 512 (order 0, 4096 bytes)
Jun 17 10:47:25 mobounya kernel: [    0.278346] pnp: PnP ACPI init
Jun 17 10:47:25 mobounya kernel: [    0.279059] pnp: PnP ACPI: found 2 devices
Jun 17 10:47:25 mobounya kernel: [    0.284552] clocksource: acpi_pm: mask: 0xffffff max_cycles: 0xffffff, max_idle_ns: 2085701024 ns
Jun 17 10:47:25 mobounya kernel: [    0.366984] NET: Registered PF_INET protocol family
Jun 17 10:47:25 mobounya kernel: [    0.367185] IP idents hash table entries: 65536 (order: 7, 524288 bytes, linear)
Jun 17 10:47:25 mobounya kernel: [    0.367731] tcp_listen_portaddr_hash hash table entries: 2048 (order: 3, 32768 bytes, linear)
Jun 17 10:47:25 mobounya kernel: [    0.367971] TCP established hash table entries: 32768 (order: 6, 262144 bytes, linear)
Jun 17 10:47:25 mobounya kernel: [    0.368219] TCP bind hash table entries: 32768 (order: 7, 524288 bytes, linear)
Jun 17 10:47:25 mobounya kernel: [    0.368472] TCP: Hash tables configured (established 32768 bind 32768)
Jun 17 10:47:25 mobounya kernel: [    0.368524] UDP hash table entries: 2048 (order: 4, 65536 bytes, linear)
Jun 17 10:47:25 mobounya kernel: [    0.368524] UDP-Lite hash table entries: 2048 (order: 4, 65536 bytes, linear)
Jun 17 10:47:25 mobounya kernel: [    0.368524] NET: Registered PF_UNIX/PF_LOCAL protocol family
Jun 17 10:47:25 mobounya kernel: [    0.368524] RPC: Registered named UNIX socket transport module.
Jun 17 10:47:25 mobounya kernel: [    0.368524] RPC: Registered udp transport module.
Jun 17 10:47:25 mobounya kernel: [    0.369586] RPC: Registered tcp transport module.
Jun 17 10:47:25 mobounya kernel: [    0.369725] RPC: Registered tcp NFSv4.1 backchannel transport module.
Jun 17 10:47:25 mobounya kernel: [    0.370624] pci_bus 0000:00: resource 4 [io  0x0000-0x0cf7 window]
Jun 17 10:47:25 mobounya kernel: [    0.370794] pci_bus 0000:00: resource 5 [io  0x0d00-0xffff window]
Jun 17 10:47:25 mobounya kernel: [    0.370958] pci_bus 0000:00: resource 6 [mem 0x000a0000-0x000bffff window]
Jun 17 10:47:25 mobounya kernel: [    0.371133] pci_bus 0000:00: resource 7 [mem 0xe0000000-0xfdffffff window]
Jun 17 10:47:25 mobounya kernel: [    0.371375] pci 0000:00:00.0: Limiting direct PCI/PCI transfers
Jun 17 10:47:25 mobounya kernel: [    0.371547] pci 0000:00:01.0: Activating ISA DMA hang workarounds
Jun 17 10:47:25 mobounya kernel: [    0.372417] PCI: CLS 0 bytes, default 64
Jun 17 10:47:25 mobounya kernel: [    0.372564] PCI-DMA: Using software bounce buffering for IO (SWIOTLB)
Jun 17 10:47:25 mobounya kernel: [    0.372770] software IO TLB: mapped [mem 0x00000000dbff0000-0x00000000dfff0000] (64MB)
Jun 17 10:47:25 mobounya kernel: [    0.373031] RAPL PMU: API unit is 2^-32 Joules, 0 fixed counters, 335544320 ms ovfl timer
Jun 17 10:47:25 mobounya kernel: [    0.373265] clocksource: tsc: mask: 0xffffffffffffffff max_cycles: 0x2fbd93f9e57, max_idle_ns: 440795263784 ns
Jun 17 10:47:25 mobounya kernel: [    0.373299] clocksource: Switched to clocksource tsc
Jun 17 10:47:25 mobounya kernel: [    0.373299] platform rtc_cmos: registered platform RTC device (no PNP device found)
Jun 17 10:47:25 mobounya kernel: [    0.375541] Initialise system trusted keyrings
Jun 17 10:47:25 mobounya kernel: [    0.375541] workingset: timestamp_bits=56 max_order=20 bucket_order=0
Jun 17 10:47:25 mobounya kernel: [    0.377805] NFS: Registering the id_resolver key type
Jun 17 10:47:25 mobounya kernel: [    0.377957] Key type id_resolver registered
Jun 17 10:47:25 mobounya kernel: [    0.378054] Key type id_legacy registered
Jun 17 10:47:25 mobounya kernel: [    0.378054] 9p: Installing v9fs 9p2000 file system support
Jun 17 10:47:25 mobounya kernel: [    0.382865] Key type asymmetric registered
Jun 17 10:47:25 mobounya kernel: [    0.382865] Asymmetric key parser 'x509' registered
Jun 17 10:47:25 mobounya kernel: [    0.382865] Block layer SCSI generic (bsg) driver version 0.4 loaded (major 251)
Jun 17 10:47:25 mobounya kernel: [    0.382865] io scheduler mq-deadline registered
Jun 17 10:47:25 mobounya kernel: [    0.382865] io scheduler kyber registered
Jun 17 10:47:25 mobounya kernel: [    0.384714] ACPI: AC: AC Adapter [AC] (on-line)
Jun 17 10:47:25 mobounya kernel: [    0.384884] input: Power Button as /devices/LNXSYSTM:00/LNXPWRBN:00/input/input0
Jun 17 10:47:25 mobounya kernel: [    0.385114] ACPI: button: Power Button [PWRF]
Jun 17 10:47:25 mobounya kernel: [    0.385307] input: Sleep Button as /devices/LNXSYSTM:00/LNXSLPBN:00/input/input1
Jun 17 10:47:25 mobounya kernel: [    0.385529] ACPI: button: Sleep Button [SLPF]
Jun 17 10:47:25 mobounya kernel: [    0.385730] ACPI: video: Video Device [GFX0] (multi-head: yes  rom: no  post: no)
Jun 17 10:47:25 mobounya kernel: [    0.385975] input: Video Bus as /devices/LNXSYSTM:00/LNXSYBUS:00/PNP0A03:00/LNXVIDEO:00/input/input2
Jun 17 10:47:25 mobounya kernel: [    0.386267] Serial: 8250/16550 driver, 4 ports, IRQ sharing enabled
Jun 17 10:47:25 mobounya kernel: [    0.386267] Non-volatile memory driver v1.3
Jun 17 10:47:25 mobounya kernel: [    0.386267] Linux agpgart interface v0.103
Jun 17 10:47:25 mobounya kernel: [    0.386960] ACPI: bus type drm_connector registered
Jun 17 10:47:25 mobounya kernel: [    0.387721] loop: module loaded
Jun 17 10:47:25 mobounya kernel: [    0.387872] ahci 0000:00:0d.0: version 3.0
Jun 17 10:47:25 mobounya kernel: [    0.388262] ahci 0000:00:0d.0: SSS flag set, parallel bus scan disabled
Jun 17 10:47:25 mobounya kernel: [    0.388532] ahci 0000:00:0d.0: AHCI 0001.0100 32 slots 1 ports 3 Gbps 0x1 impl SATA mode
Jun 17 10:47:25 mobounya kernel: [    0.389173] ahci 0000:00:0d.0: flags: 64bit ncq stag only ccc 
Jun 17 10:47:25 mobounya kernel: [    0.389683] scsi host0: ahci
Jun 17 10:47:25 mobounya kernel: [    0.389828] ata1: SATA max UDMA/133 abar m8192@0xf1806000 port 0xf1806100 irq 21
Jun 17 10:47:25 mobounya kernel: [    0.390054] ata_piix 0000:00:01.1: version 2.13
Jun 17 10:47:25 mobounya kernel: [    0.390676] scsi host1: ata_piix
Jun 17 10:47:25 mobounya kernel: [    0.390827] scsi host2: ata_piix
Jun 17 10:47:25 mobounya kernel: [    0.390954] ata2: PATA max UDMA/33 cmd 0x1f0 ctl 0x3f6 bmdma 0xd000 irq 14
Jun 17 10:47:25 mobounya kernel: [    0.391130] ata3: PATA max UDMA/33 cmd 0x170 ctl 0x376 bmdma 0xd008 irq 15
Jun 17 10:47:25 mobounya kernel: [    0.391410] e100: Intel(R) PRO/100 Network Driver
Jun 17 10:47:25 mobounya kernel: [    0.391424] e100: Copyright(c) 1999-2006 Intel Corporation
Jun 17 10:47:25 mobounya kernel: [    0.391424] e1000: Intel(R) PRO/1000 Network Driver
Jun 17 10:47:25 mobounya kernel: [    0.391424] e1000: Copyright (c) 1999-2006 Intel Corporation.
Jun 17 10:47:25 mobounya kernel: [    0.557283] ata3.00: ATAPI: VBOX CD-ROM, 1.0, max UDMA/133
Jun 17 10:47:25 mobounya kernel: [    0.707847] ata1: SATA link up 3.0 Gbps (SStatus 123 SControl 300)
Jun 17 10:47:25 mobounya kernel: [    0.708387] ata1.00: ATA-6: VBOX HARDDISK, 1.0, max UDMA/133
Jun 17 10:47:25 mobounya kernel: [    0.708581] ata1.00: 167772160 sectors, multi 128: LBA48 NCQ (depth 32)
Jun 17 10:47:25 mobounya kernel: [    0.709056] ata1.00: configured for UDMA/133
Jun 17 10:47:25 mobounya kernel: [    0.709236] scsi 0:0:0:0: Direct-Access     ATA      VBOX HARDDISK    1.0  PQ: 0 ANSI: 5
Jun 17 10:47:25 mobounya kernel: [    0.709559] scsi 0:0:0:0: Attached scsi generic sg0 type 0
Jun 17 10:47:25 mobounya kernel: [    0.709908] scsi 2:0:0:0: CD-ROM            VBOX     CD-ROM           1.0  PQ: 0 ANSI: 5
Jun 17 10:47:25 mobounya kernel: [    0.710388] sd 0:0:0:0: [sda] 167772160 512-byte logical blocks: (85.9 GB/80.0 GiB)
Jun 17 10:47:25 mobounya kernel: [    0.710633] sd 0:0:0:0: [sda] Write Protect is off
Jun 17 10:47:25 mobounya kernel: [    0.710775] sd 0:0:0:0: [sda] Mode Sense: 00 3a 00 00
Jun 17 10:47:25 mobounya kernel: [    0.710781] sd 0:0:0:0: [sda] Write cache: enabled, read cache: enabled, doesn't support DPO or FUA
Jun 17 10:47:25 mobounya kernel: [    0.732132] e1000 0000:00:03.0 eth0: (PCI:33MHz:32-bit) 08:00:27:11:87:2c
Jun 17 10:47:25 mobounya kernel: [    0.732280] e1000 0000:00:03.0 eth0: Intel(R) PRO/1000 Network Connection
Jun 17 10:47:25 mobounya kernel: [    0.732280] e1000e: Intel(R) PRO/1000 Network Driver
Jun 17 10:47:25 mobounya kernel: [    0.732280] e1000e: Copyright(c) 1999 - 2015 Intel Corporation.
Jun 17 10:47:25 mobounya kernel: [    0.732280] sky2: driver version 1.30
Jun 17 10:47:25 mobounya kernel: [    0.732280] ehci_hcd: USB 2.0 'Enhanced' Host Controller (EHCI) Driver
Jun 17 10:47:25 mobounya kernel: [    0.732280] ehci-pci: EHCI PCI platform driver
Jun 17 10:47:25 mobounya kernel: [    0.732280] ohci_hcd: USB 1.1 'Open' Host Controller (OHCI) Driver
Jun 17 10:47:25 mobounya kernel: [    0.732280] ohci-pci: OHCI PCI platform driver
Jun 17 10:47:25 mobounya kernel: [    0.734123] sr 2:0:0:0: [sr0] scsi3-mmc drive: 32x/32x xa/form2 tray
Jun 17 10:47:25 mobounya kernel: [    0.734299] cdrom: Uniform CD-ROM driver Revision: 3.20
Jun 17 10:47:25 mobounya kernel: [    0.734895] ohci-pci 0000:00:06.0: OHCI PCI host controller
Jun 17 10:47:25 mobounya kernel: [    0.735077] ohci-pci 0000:00:06.0: new USB bus registered, assigned bus number 1
Jun 17 10:47:25 mobounya kernel: [    0.735330] ohci-pci 0000:00:06.0: irq 22, io mem 0xf1804000
Jun 17 10:47:25 mobounya kernel: [    0.748620] sr 2:0:0:0: Attached scsi CD-ROM sr0
Jun 17 10:47:25 mobounya kernel: [    0.748736] sr 2:0:0:0: Attached scsi generic sg1 type 5
Jun 17 10:47:25 mobounya kernel: [    0.787507] usb usb1: New USB device found, idVendor=1d6b, idProduct=0001, bcdDevice= 5.18
Jun 17 10:47:25 mobounya kernel: [    0.787747] usb usb1: New USB device strings: Mfr=3, Product=2, SerialNumber=1
Jun 17 10:47:25 mobounya kernel: [    0.787956] usb usb1: Product: OHCI PCI host controller
Jun 17 10:47:25 mobounya kernel: [    0.788103] usb usb1: Manufacturer: Linux 5.18.0-thor_kernel ohci_hcd
Jun 17 10:47:25 mobounya kernel: [    0.788270] usb usb1: SerialNumber: 0000:00:06.0
Jun 17 10:47:25 mobounya kernel: [    0.788288] hub 1-0:1.0: USB hub found
Jun 17 10:47:25 mobounya kernel: [    0.788288] hub 1-0:1.0: 12 ports detected
Jun 17 10:47:25 mobounya kernel: [    0.789045] uhci_hcd: USB Universal Host Controller Interface driver
Jun 17 10:47:25 mobounya kernel: [    0.789239] usbcore: registered new interface driver usblp
Jun 17 10:47:25 mobounya kernel: [    0.789396] usbcore: registered new interface driver usb-storage
Jun 17 10:47:25 mobounya kernel: [    0.789571] i8042: PNP: PS/2 Controller [PNP0303:PS2K,PNP0f03:PS2M] at 0x60,0x64 irq 1,12
Jun 17 10:47:25 mobounya kernel: [    0.790159] serio: i8042 KBD port at 0x60,0x64 irq 1
Jun 17 10:47:25 mobounya kernel: [    0.790306] serio: i8042 AUX port at 0x60,0x64 irq 12
Jun 17 10:47:25 mobounya kernel: [    0.790668] input: AT Translated Set 2 keyboard as /devices/platform/i8042/serio0/input/input3
Jun 17 10:47:25 mobounya kernel: [    0.791709] rtc_cmos rtc_cmos: registered as rtc0
Jun 17 10:47:25 mobounya kernel: [    0.791856] rtc_cmos rtc_cmos: alarms up to one day, 114 bytes nvram
Jun 17 10:47:25 mobounya kernel: [    0.792039] fail to initialize ptp_kvm
Jun 17 10:47:25 mobounya kernel: [    0.792077] device-mapper: ioctl: 4.46.0-ioctl (2022-02-22) initialised: dm-devel@redhat.com
Jun 17 10:47:25 mobounya kernel: [    0.792431] intel_pstate: CPU model not supported
Jun 17 10:47:25 mobounya kernel: [    0.792674] hid: raw HID events driver (C) Jiri Kosina
Jun 17 10:47:25 mobounya kernel: [    0.792894] usbcore: registered new interface driver usbhid
Jun 17 10:47:25 mobounya kernel: [    0.793048] usbhid: USB HID core driver
Jun 17 10:47:25 mobounya kernel: [    0.793675] Initializing XFRM netlink socket
Jun 17 10:47:25 mobounya kernel: [    0.793866] NET: Registered PF_INET6 protocol family
Jun 17 10:47:25 mobounya kernel: [    0.794151] Segment Routing with IPv6
Jun 17 10:47:25 mobounya kernel: [    0.794279] In-situ OAM (IOAM) with IPv6
Jun 17 10:47:25 mobounya kernel: [    0.794421] sit: IPv6, IPv4 and MPLS over IPv4 tunneling driver
Jun 17 10:47:25 mobounya kernel: [    0.794619] NET: Registered PF_PACKET protocol family
Jun 17 10:47:25 mobounya kernel: [    0.794619] 9pnet: Installing 9P2000 support
Jun 17 10:47:25 mobounya kernel: [    0.794619] Key type dns_resolver registered
Jun 17 10:47:25 mobounya kernel: [    0.794619] IPI shorthand broadcast: enabled
Jun 17 10:47:25 mobounya kernel: [    0.794619] sched_clock: Marking stable (769164212, 24455413)->(798334724, -4715099)
Jun 17 10:47:25 mobounya kernel: [    0.795549] registered taskstats version 1
Jun 17 10:47:25 mobounya kernel: [    0.795679] Loading compiled-in X.509 certificates
Jun 17 10:47:25 mobounya kernel: [    0.795857] cryptomgr_test (46) used greatest stack depth: 15368 bytes left
Jun 17 10:47:25 mobounya kernel: [    0.796341] PM:   Magic number: 10:466:778
Jun 17 10:47:25 mobounya kernel: [    0.796508] printk: console [netcon0] enabled
Jun 17 10:47:25 mobounya kernel: [    0.796642] netconsole: network logging started
Jun 17 10:47:25 mobounya kernel: [    0.796808] cfg80211: Loading compiled-in X.509 certificates for regulatory database
Jun 17 10:47:25 mobounya kernel: [    0.797080] kworker/u2:1 (68) used greatest stack depth: 14736 bytes left
Jun 17 10:47:25 mobounya kernel: [    0.797443] cfg80211: Loaded X.509 cert 'sforshee: 00b28ddf47aef9cea7'
Jun 17 10:47:25 mobounya kernel: [    0.797618] ALSA device list:
Jun 17 10:47:25 mobounya kernel: [    0.797727]   No soundcards found.
Jun 17 10:47:25 mobounya kernel: [    0.797891] platform regulatory.0: Direct firmware load for regulatory.db failed with error -2
Jun 17 10:47:25 mobounya kernel: [    0.798181] cfg80211: failed to load regulatory.db
Jun 17 10:47:25 mobounya kernel: [    0.994117] input: ImExPS/2 Generic Explorer Mouse as /devices/platform/i8042/serio1/input/input5
Jun 17 10:47:25 mobounya kernel: [    1.071832] usb 1-1: new full-speed USB device number 2 using ohci-pci
Jun 17 10:47:25 mobounya kernel: [    1.252660]  sda: sda1 sda2 sda3 sda4 sda5 sda6
Jun 17 10:47:25 mobounya kernel: [    1.253258] sd 0:0:0:0: [sda] Attached SCSI disk
Jun 17 10:47:25 mobounya kernel: [    1.253550] md: Waiting for all devices to be available before autodetect
Jun 17 10:47:25 mobounya kernel: [    1.253802] md: If you don't use raid, use raid=noautodetect
Jun 17 10:47:25 mobounya kernel: [    1.254026] md: Autodetecting RAID arrays.
Jun 17 10:47:25 mobounya kernel: [    1.254211] md: autorun ...
Jun 17 10:47:25 mobounya kernel: [    1.254365] md: ... autorun DONE.
Jun 17 10:47:25 mobounya kernel: [    1.291843] EXT4-fs (sda6): mounted filesystem with ordered data mode. Quota mode: none.
Jun 17 10:47:25 mobounya kernel: [    1.292096] VFS: Mounted root (ext4 filesystem) readonly on device 8:6.
Jun 17 10:47:25 mobounya kernel: [    1.297417] random: fast init done
Jun 17 10:47:25 mobounya kernel: [    1.310435] usb 1-1: New USB device found, idVendor=80ee, idProduct=0021, bcdDevice= 1.00
Jun 17 10:47:25 mobounya kernel: [    1.310672] usb 1-1: New USB device strings: Mfr=1, Product=3, SerialNumber=0
Jun 17 10:47:25 mobounya kernel: [    1.310851] usb 1-1: Product: USB Tablet
Jun 17 10:47:25 mobounya kernel: [    1.310977] usb 1-1: Manufacturer: VirtualBox
Jun 17 10:47:25 mobounya kernel: [    1.322930] input: VirtualBox USB Tablet as /devices/pci0000:00/0000:00:06.0/usb1/1-1/1-1:1.0/0003:80EE:0021.0001/input/input6
Jun 17 10:47:25 mobounya kernel: [    1.323509] devtmpfs: mounted
Jun 17 10:47:25 mobounya kernel: [    1.323765] Freeing unused kernel image (initmem) memory: 1276K
Jun 17 10:47:25 mobounya kernel: [    1.323954] Write protecting the kernel read-only data: 24576k
Jun 17 10:47:25 mobounya kernel: [    1.324423] Freeing unused kernel image (text/rodata gap) memory: 2032K
Jun 17 10:47:25 mobounya kernel: [    1.324760] Freeing unused kernel image (rodata/data gap) memory: 1060K
Jun 17 10:47:25 mobounya kernel: [    1.324941] Run /sbin/init as init process
Jun 17 10:47:25 mobounya kernel: [    1.325074]   with arguments:
Jun 17 10:47:25 mobounya kernel: [    1.325074]     /sbin/init
Jun 17 10:47:25 mobounya kernel: [    1.325075]   with environment:
Jun 17 10:47:25 mobounya kernel: [    1.325075]     HOME=/
Jun 17 10:47:25 mobounya kernel: [    1.325075]     TERM=linux
Jun 17 10:47:25 mobounya kernel: [    1.325076]     BOOT_IMAGE=/linux-5.18-thor_kernel
Jun 17 10:47:25 mobounya kernel: [    1.325215] hid-generic 0003:80EE:0021.0001: input,hidraw0: USB HID v1.10 Mouse [VirtualBox USB Tablet] on usb-0000:00:06.0-1/input0
Jun 17 10:47:25 mobounya kernel: [    1.814256] ext4lazyinit (75) used greatest stack depth: 14472 bytes left
Jun 17 10:47:25 mobounya kernel: [    2.244896] stty (78) used greatest stack depth: 13680 bytes left
Jun 17 10:47:25 mobounya kernel: [    2.362956] dmesg (79) used greatest stack depth: 13608 bytes left
Jun 17 10:47:25 mobounya kernel: [    2.475869] random: crng init done
Jun 17 10:47:25 mobounya kernel: [    2.754193] mountpoint (103) used greatest stack depth: 13592 bytes left
Jun 17 10:47:25 mobounya kernel: [    2.918470] ip (130) used greatest stack depth: 12272 bytes left
Jun 17 10:47:25 mobounya kernel: <30>[    3.131133] udevd[155]: starting version 3.2.11
Jun 17 10:47:25 mobounya kernel: <30>[    3.430096] udevd[156]: starting eudev-3.2.11
Jun 17 10:47:25 mobounya kernel: [    3.495456] e1000 0000:00:03.0 enp0s3: renamed from eth0
Jun 17 10:47:25 mobounya kernel: [    5.031605] Adding 7812092k swap on /dev/sda2.  Priority:1 extents:1 across:7812092k 
Jun 17 10:47:25 mobounya kernel: [    5.038956] EXT4-fs (sda6): re-mounted. Quota mode: none.
Jun 17 10:47:25 mobounya kernel: [    5.132791] EXT4-fs (sda6): re-mounted. Quota mode: none.
Jun 17 10:47:25 mobounya kernel: [    5.213125] EXT4-fs (sda1): mounted filesystem with ordered data mode. Quota mode: none.
Jun 17 10:47:25 mobounya kernel: [    7.139452] e1000: enp0s3 NIC Link is Up 1000 Mbps Full Duplex, Flow Control: RX
Jun 17 10:47:25 mobounya kernel: [    7.139900] IPv6: ADDRCONF(NETDEV_CHANGE): enp0s3: link becomes ready
